../Core/Src/main-LAPTOP-D7TI9H56.c:66:5:main	80	static
../Core/Src/main-LAPTOP-D7TI9H56.c:260:13:SystemClock_Config	136	static
../Core/Src/main-LAPTOP-D7TI9H56.c:307:13:gyro_disable	16	static
../Core/Src/main-LAPTOP-D7TI9H56.c:326:28:_close	4	static
../Core/Src/main-LAPTOP-D7TI9H56.c:327:28:_lseek	4	static
../Core/Src/main-LAPTOP-D7TI9H56.c:328:28:_read	4	static
../Core/Src/main-LAPTOP-D7TI9H56.c:329:28:_write	4	static
../Core/Src/main-LAPTOP-D7TI9H56.c:331:13:MX_USART1_UART_Init	8	static
../Core/Src/main-LAPTOP-D7TI9H56.c:358:6:Error_Handler	4	static,ignoring_inline_asm
../Core/Src/main-LAPTOP-D7TI9H56.c:375:13:MX_GPIO_Init	16	static
