../Drivers/CMSIS/Include/core_cm4.h:1688:22:__NVIC_EnableIRQ	16	static
../Drivers/CMSIS/Include/core_cm4.h:1724:22:__NVIC_DisableIRQ	16	static,ignoring_inline_asm
../Drivers/CMSIS/Include/core_cm4.h:1777:22:__NVIC_ClearPendingIRQ	16	static
../Core/Src/measuring-LAPTOP-D7TI9H56.c:113:6:MEAS_GPIO_analog_init	32	static
../Core/Src/measuring-LAPTOP-D7TI9H56.c:134:6:DAC_reset	4	static
../Core/Src/measuring-LAPTOP-D7TI9H56.c:147:6:DAC_init	16	static
../Core/Src/measuring-LAPTOP-D7TI9H56.c:158:6:DAC_increment	4	static
../Core/Src/measuring-LAPTOP-D7TI9H56.c:170:6:ADC_reset	4	static
../Core/Src/measuring-LAPTOP-D7TI9H56.c:182:6:ADC3_IN4_single_init	16	static
../Core/Src/measuring-LAPTOP-D7TI9H56.c:195:6:ADC3_IN4_single_read	8	static
../Core/Src/measuring-LAPTOP-D7TI9H56.c:216:6:MEAS_timer_init	16	static
../Core/Src/measuring-LAPTOP-D7TI9H56.c:237:6:ADC3_IN4_timer_init	16	static
../Core/Src/measuring-LAPTOP-D7TI9H56.c:255:6:ADC3_IN4_timer_start	8	static
../Core/Src/measuring-LAPTOP-D7TI9H56.c:275:6:ADC3_IN4_DMA_init	16	static
../Core/Src/measuring-LAPTOP-D7TI9H56.c:303:6:ADC3_IN4_DMA_start	8	static
../Core/Src/measuring-LAPTOP-D7TI9H56.c:328:6:ADC1_IN13_ADC2_IN5_dual_init	24	static
../Core/Src/measuring-LAPTOP-D7TI9H56.c:355:6:ADC1_IN11_ADC3_IN6_dual_init	24	static
../Core/Src/measuring-LAPTOP-D7TI9H56.c:386:6:ADC1_IN11_ADC3_IN6_dual_start	8	static
../Core/Src/measuring-LAPTOP-D7TI9H56.c:396:6:ADC1_IN13_ADC2_IN5_dual_start	8	static
../Core/Src/measuring-LAPTOP-D7TI9H56.c:417:6:ADC2_IN13_IN5_scan_init	16	static
../Core/Src/measuring-LAPTOP-D7TI9H56.c:448:6:ADC2_IN13_IN5_scan_start	8	static
../Core/Src/measuring-LAPTOP-D7TI9H56.c:470:6:ADC3_IN13_IN4_scan_init	16	static
../Core/Src/measuring-LAPTOP-D7TI9H56.c:499:6:ADC3_IN11_IN6_scan_init	16	static
../Core/Src/measuring-LAPTOP-D7TI9H56.c:530:6:ADC3_IN13_IN4_scan_start	8	static
../Core/Src/measuring-LAPTOP-D7TI9H56.c:540:6:ADC3_IN11_IN6_scan_start	8	static
../Core/Src/measuring-LAPTOP-D7TI9H56.c:555:6:TIM2_IRQHandler	8	static
../Core/Src/measuring-LAPTOP-D7TI9H56.c:570:6:ADC_IRQHandler	8	static
../Core/Src/measuring-LAPTOP-D7TI9H56.c:591:6:DMA2_Stream1_IRQHandler	8	static
../Core/Src/measuring-LAPTOP-D7TI9H56.c:614:6:DMA2_Stream3_IRQHandler	8	static
../Core/Src/measuring-LAPTOP-D7TI9H56.c:643:6:DMA2_Stream4_IRQHandler	16	static
../Core/Src/measuring-LAPTOP-D7TI9H56.c:679:6:MEAS_show_data	192	static
../Core/Src/measuring-LAPTOP-D7TI9H56.c:765:6:show_data_menu_one	192	static
