../Drivers/System/Scr/stm32f7xx_it.c:67:6:NMI_Handler	4	static
../Drivers/System/Scr/stm32f7xx_it.c:79:6:HardFault_Handler	0	static,ignoring_inline_asm
../Drivers/System/Scr/stm32f7xx_it.c:95:6:prvGetRegistersFromStack	48	static
../Drivers/System/Scr/stm32f7xx_it.c:135:6:MemManage_Handler	0	static,ignoring_inline_asm
../Drivers/System/Scr/stm32f7xx_it.c:160:6:BusFault_Handler	0	static,ignoring_inline_asm
../Drivers/System/Scr/stm32f7xx_it.c:180:6:UsageFault_Handler	4	static,ignoring_inline_asm
../Drivers/System/Scr/stm32f7xx_it.c:200:6:SVC_Handler	4	static
../Drivers/System/Scr/stm32f7xx_it.c:209:6:DebugMon_Handler	4	static
../Drivers/System/Scr/stm32f7xx_it.c:218:6:PendSV_Handler	4	static
../Drivers/System/Scr/stm32f7xx_it.c:227:6:SysTick_Handler	8	static
../Drivers/System/Scr/stm32f7xx_it.c:247:6:OTG_HS_IRQHandler	8	static
../Drivers/System/Scr/stm32f7xx_it.c:258:6:DMA2_Stream1_IRQHandler	8	static
../Drivers/System/Scr/stm32f7xx_it.c:270:6:AUDIO_DFSDMx_DMAx_TOP_LEFT_IRQHandler	8	static
../Drivers/System/Scr/stm32f7xx_it.c:280:6:AUDIO_DFSDMx_DMAx_TOP_RIGHT_IRQHandler	8	static
