../Drivers/System/Scr/usbh_conf.c:62:6:HAL_HCD_MspInit	64	static
../Drivers/System/Scr/usbh_conf.c:135:6:HAL_HCD_MspDeInit	16	static
../Drivers/System/Scr/usbh_conf.c:159:6:HAL_HCD_SOF_Callback	16	static
../Drivers/System/Scr/usbh_conf.c:169:6:HAL_HCD_Connect_Callback	16	static
../Drivers/System/Scr/usbh_conf.c:179:6:HAL_HCD_Disconnect_Callback	16	static
../Drivers/System/Scr/usbh_conf.c:192:6:HAL_HCD_HC_NotifyURBChange_Callback	16	static
../Drivers/System/Scr/usbh_conf.c:206:20:USBH_LL_Init	16	static
../Drivers/System/Scr/usbh_conf.c:264:20:USBH_LL_DeInit	16	static
../Drivers/System/Scr/usbh_conf.c:275:20:USBH_LL_Start	16	static
../Drivers/System/Scr/usbh_conf.c:286:20:USBH_LL_Stop	16	static
../Drivers/System/Scr/usbh_conf.c:297:19:USBH_LL_GetSpeed	24	static
../Drivers/System/Scr/usbh_conf.c:327:20:USBH_LL_ResetPort	16	static
../Drivers/System/Scr/usbh_conf.c:339:10:USBH_LL_GetLastXferSize	16	static
../Drivers/System/Scr/usbh_conf.c:355:20:USBH_LL_OpenPipe	40	static
../Drivers/System/Scr/usbh_conf.c:379:20:USBH_LL_ClosePipe	16	static
../Drivers/System/Scr/usbh_conf.c:412:20:USBH_LL_SubmitURB	40	static
../Drivers/System/Scr/usbh_conf.c:446:22:USBH_LL_GetURBState	16	static
../Drivers/System/Scr/usbh_conf.c:460:20:USBH_LL_DriverVBUS	16	static
../Drivers/System/Scr/usbh_conf.c:500:20:USBH_LL_SetToggle	16	static
../Drivers/System/Scr/usbh_conf.c:519:9:USBH_LL_GetToggle	24	static
../Drivers/System/Scr/usbh_conf.c:539:6:USBH_Delay	16	static
