../Core/Src/stm32f4xx_hal_msp.c:64:6:HAL_MspInit	16	static
../Core/Src/stm32f4xx_hal_msp.c:89:6:HAL_ADC_MspInit	56	static
../Core/Src/stm32f4xx_hal_msp.c:162:6:HAL_ADC_MspDeInit	16	static
../Core/Src/stm32f4xx_hal_msp.c:209:6:HAL_CRC_MspInit	24	static
../Core/Src/stm32f4xx_hal_msp.c:232:6:HAL_CRC_MspDeInit	16	static
../Core/Src/stm32f4xx_hal_msp.c:254:6:HAL_DMA2D_MspInit	24	static
../Core/Src/stm32f4xx_hal_msp.c:277:6:HAL_DMA2D_MspDeInit	16	static
../Core/Src/stm32f4xx_hal_msp.c:299:6:HAL_LTDC_MspInit	112	static
../Core/Src/stm32f4xx_hal_msp.c:422:6:HAL_LTDC_MspDeInit	16	static
../Core/Src/stm32f4xx_hal_msp.c:482:6:HAL_SPI_MspInit	48	static
../Core/Src/stm32f4xx_hal_msp.c:520:6:HAL_SPI_MspDeInit	16	static
../Core/Src/stm32f4xx_hal_msp.c:550:6:HAL_TIM_Base_MspInit	24	static
../Core/Src/stm32f4xx_hal_msp.c:583:6:HAL_TIM_Base_MspDeInit	16	static
../Core/Src/stm32f4xx_hal_msp.c:612:13:HAL_FMC_MspInit	32	static
../Core/Src/stm32f4xx_hal_msp.c:713:6:HAL_SDRAM_MspInit	16	static
../Core/Src/stm32f4xx_hal_msp.c:725:13:HAL_FMC_MspDeInit	8	static
../Core/Src/stm32f4xx_hal_msp.c:794:6:HAL_SDRAM_MspDeInit	16	static
