C:/Users/roche/OneDrive/Dokumente/ZHAW/Sem_6/PM4/PM4_Radar/Code/GUI/PM4_radar_linortho_roggenluc/Core/Src/stm32f4xx_hal_msp.c:65:6:HAL_MspInit	8	static
C:/Users/roche/OneDrive/Dokumente/ZHAW/Sem_6/PM4/PM4_Radar/Code/GUI/PM4_radar_linortho_roggenluc/Core/Src/stm32f4xx_hal_msp.c:90:6:HAL_ADC_MspInit	56	static
C:/Users/roche/OneDrive/Dokumente/ZHAW/Sem_6/PM4/PM4_Radar/Code/GUI/PM4_radar_linortho_roggenluc/Core/Src/stm32f4xx_hal_msp.c:163:6:HAL_ADC_MspDeInit	8	static
C:/Users/roche/OneDrive/Dokumente/ZHAW/Sem_6/PM4/PM4_Radar/Code/GUI/PM4_radar_linortho_roggenluc/Core/Src/stm32f4xx_hal_msp.c:210:6:HAL_CRC_MspInit	8	static
C:/Users/roche/OneDrive/Dokumente/ZHAW/Sem_6/PM4/PM4_Radar/Code/GUI/PM4_radar_linortho_roggenluc/Core/Src/stm32f4xx_hal_msp.c:233:6:HAL_CRC_MspDeInit	0	static
C:/Users/roche/OneDrive/Dokumente/ZHAW/Sem_6/PM4/PM4_Radar/Code/GUI/PM4_radar_linortho_roggenluc/Core/Src/stm32f4xx_hal_msp.c:255:6:HAL_DMA2D_MspInit	16	static
C:/Users/roche/OneDrive/Dokumente/ZHAW/Sem_6/PM4/PM4_Radar/Code/GUI/PM4_radar_linortho_roggenluc/Core/Src/stm32f4xx_hal_msp.c:281:6:HAL_DMA2D_MspDeInit	0	static
C:/Users/roche/OneDrive/Dokumente/ZHAW/Sem_6/PM4/PM4_Radar/Code/GUI/PM4_radar_linortho_roggenluc/Core/Src/stm32f4xx_hal_msp.c:306:6:HAL_I2C_MspInit	64	static
C:/Users/roche/OneDrive/Dokumente/ZHAW/Sem_6/PM4/PM4_Radar/Code/GUI/PM4_radar_linortho_roggenluc/Core/Src/stm32f4xx_hal_msp.c:355:6:HAL_I2C_MspDeInit	8	static
C:/Users/roche/OneDrive/Dokumente/ZHAW/Sem_6/PM4/PM4_Radar/Code/GUI/PM4_radar_linortho_roggenluc/Core/Src/stm32f4xx_hal_msp.c:386:6:HAL_LTDC_MspInit	120	static
C:/Users/roche/OneDrive/Dokumente/ZHAW/Sem_6/PM4/PM4_Radar/Code/GUI/PM4_radar_linortho_roggenluc/Core/Src/stm32f4xx_hal_msp.c:512:6:HAL_LTDC_MspDeInit	8	static
C:/Users/roche/OneDrive/Dokumente/ZHAW/Sem_6/PM4/PM4_Radar/Code/GUI/PM4_radar_linortho_roggenluc/Core/Src/stm32f4xx_hal_msp.c:574:6:HAL_SPI_MspInit	40	static
C:/Users/roche/OneDrive/Dokumente/ZHAW/Sem_6/PM4/PM4_Radar/Code/GUI/PM4_radar_linortho_roggenluc/Core/Src/stm32f4xx_hal_msp.c:612:6:HAL_SPI_MspDeInit	0	static
C:/Users/roche/OneDrive/Dokumente/ZHAW/Sem_6/PM4/PM4_Radar/Code/GUI/PM4_radar_linortho_roggenluc/Core/Src/stm32f4xx_hal_msp.c:642:6:HAL_TIM_Base_MspInit	8	static
C:/Users/roche/OneDrive/Dokumente/ZHAW/Sem_6/PM4/PM4_Radar/Code/GUI/PM4_radar_linortho_roggenluc/Core/Src/stm32f4xx_hal_msp.c:665:6:HAL_TIM_Base_MspDeInit	0	static
C:/Users/roche/OneDrive/Dokumente/ZHAW/Sem_6/PM4/PM4_Radar/Code/GUI/PM4_radar_linortho_roggenluc/Core/Src/stm32f4xx_hal_msp.c:687:6:HAL_UART_MspInit	56	static
C:/Users/roche/OneDrive/Dokumente/ZHAW/Sem_6/PM4/PM4_Radar/Code/GUI/PM4_radar_linortho_roggenluc/Core/Src/stm32f4xx_hal_msp.c:732:6:HAL_UART_MspDeInit	8	static
C:/Users/roche/OneDrive/Dokumente/ZHAW/Sem_6/PM4/PM4_Radar/Code/GUI/PM4_radar_linortho_roggenluc/Core/Src/stm32f4xx_hal_msp.c:865:6:HAL_SDRAM_MspInit	48	static
C:/Users/roche/OneDrive/Dokumente/ZHAW/Sem_6/PM4/PM4_Radar/Code/GUI/PM4_radar_linortho_roggenluc/Core/Src/stm32f4xx_hal_msp.c:951:6:HAL_SDRAM_MspDeInit	8	static
