../Drivers/HAL/Src/stm32f7xx_hal_sd.c:303:19:HAL_SD_Init	16	static
../Drivers/HAL/Src/stm32f7xx_hal_sd.c:352:19:HAL_SD_InitCard	72	static
../Drivers/HAL/Src/stm32f7xx_hal_sd.c:406:19:HAL_SD_DeInit	16	static
../Drivers/HAL/Src/stm32f7xx_hal_sd.c:437:13:HAL_SD_MspInit	16	static
../Drivers/HAL/Src/stm32f7xx_hal_sd.c:452:13:HAL_SD_MspDeInit	16	static
../Drivers/HAL/Src/stm32f7xx_hal_sd.c:493:19:HAL_SD_ReadBlocks	72	static
../Drivers/HAL/Src/stm32f7xx_hal_sd.c:679:19:HAL_SD_WriteBlocks	64	static
../Drivers/HAL/Src/stm32f7xx_hal_sd.c:851:19:HAL_SD_ReadBlocks_IT	56	static
../Drivers/HAL/Src/stm32f7xx_hal_sd.c:952:19:HAL_SD_WriteBlocks_IT	56	static
../Drivers/HAL/Src/stm32f7xx_hal_sd.c:1054:19:HAL_SD_ReadBlocks_DMA	56	static
../Drivers/HAL/Src/stm32f7xx_hal_sd.c:1167:19:HAL_SD_WriteBlocks_DMA	56	static
../Drivers/HAL/Src/stm32f7xx_hal_sd.c:1277:19:HAL_SD_Erase	32	static
../Drivers/HAL/Src/stm32f7xx_hal_sd.c:1377:6:HAL_SD_IRQHandler	24	static
../Drivers/HAL/Src/stm32f7xx_hal_sd.c:1523:21:HAL_SD_GetState	16	static
../Drivers/HAL/Src/stm32f7xx_hal_sd.c:1534:10:HAL_SD_GetError	16	static
../Drivers/HAL/Src/stm32f7xx_hal_sd.c:1544:14:HAL_SD_TxCpltCallback	16	static
../Drivers/HAL/Src/stm32f7xx_hal_sd.c:1559:13:HAL_SD_RxCpltCallback	16	static
../Drivers/HAL/Src/stm32f7xx_hal_sd.c:1574:13:HAL_SD_ErrorCallback	16	static
../Drivers/HAL/Src/stm32f7xx_hal_sd.c:1589:13:HAL_SD_AbortCallback	16	static
../Drivers/HAL/Src/stm32f7xx_hal_sd.c:1627:19:HAL_SD_GetCardCID	24	static
../Drivers/HAL/Src/stm32f7xx_hal_sd.c:1708:19:HAL_SD_GetCardCSD	24	static
../Drivers/HAL/Src/stm32f7xx_hal_sd.c:1855:19:HAL_SD_GetCardStatus	88	static
../Drivers/HAL/Src/stm32f7xx_hal_sd.c:1943:19:HAL_SD_GetCardInfo	16	static
../Drivers/HAL/Src/stm32f7xx_hal_sd.c:1968:19:HAL_SD_ConfigWideBusOperation	72	static
../Drivers/HAL/Src/stm32f7xx_hal_sd.c:2040:25:HAL_SD_GetCardState	32	static
../Drivers/HAL/Src/stm32f7xx_hal_sd.c:2063:19:HAL_SD_Abort	24	static
../Drivers/HAL/Src/stm32f7xx_hal_sd.c:2110:19:HAL_SD_Abort_IT	24	static
../Drivers/HAL/Src/stm32f7xx_hal_sd.c:2186:13:SD_DMATransmitCplt	24	static
../Drivers/HAL/Src/stm32f7xx_hal_sd.c:2199:13:SD_DMAReceiveCplt	24	static
../Drivers/HAL/Src/stm32f7xx_hal_sd.c:2232:13:SD_DMAError	24	static
../Drivers/HAL/Src/stm32f7xx_hal_sd.c:2267:13:SD_DMATxAbort	24	static
../Drivers/HAL/Src/stm32f7xx_hal_sd.c:2304:13:SD_DMARxAbort	24	static
../Drivers/HAL/Src/stm32f7xx_hal_sd.c:2342:17:SD_InitCard	96	static
../Drivers/HAL/Src/stm32f7xx_hal_sd.c:2431:17:SD_PowerON	32	static
../Drivers/HAL/Src/stm32f7xx_hal_sd.c:2532:26:SD_PowerOFF	16	static
../Drivers/HAL/Src/stm32f7xx_hal_sd.c:2547:17:SD_SendSDStatus	64	static
../Drivers/HAL/Src/stm32f7xx_hal_sd.c:2649:17:SD_SendStatus	24	static
../Drivers/HAL/Src/stm32f7xx_hal_sd.c:2676:17:SD_WideBus_Enable	32	static
../Drivers/HAL/Src/stm32f7xx_hal_sd.c:2723:17:SD_WideBus_Disable	32	static
../Drivers/HAL/Src/stm32f7xx_hal_sd.c:2772:17:SD_FindSCR	72	static
../Drivers/HAL/Src/stm32f7xx_hal_sd.c:2863:26:SD_Read_IT	32	static
../Drivers/HAL/Src/stm32f7xx_hal_sd.c:2887:26:SD_Write_IT	24	static
