../Drivers/HAL/Src/stm32f7xx_ll_sdmmc.c:229:19:SDMMC_Init	24	static
../Drivers/HAL/Src/stm32f7xx_ll_sdmmc.c:282:10:SDMMC_ReadFIFO	16	static
../Drivers/HAL/Src/stm32f7xx_ll_sdmmc.c:294:19:SDMMC_WriteFIFO	16	static
../Drivers/HAL/Src/stm32f7xx_ll_sdmmc.c:326:19:SDMMC_PowerState_ON	16	static
../Drivers/HAL/Src/stm32f7xx_ll_sdmmc.c:339:19:SDMMC_PowerState_OFF	16	static
../Drivers/HAL/Src/stm32f7xx_ll_sdmmc.c:356:10:SDMMC_GetPowerState	16	static
../Drivers/HAL/Src/stm32f7xx_ll_sdmmc.c:369:19:SDMMC_SendCommand	24	static
../Drivers/HAL/Src/stm32f7xx_ll_sdmmc.c:399:9:SDMMC_GetCommandResponse	16	static
../Drivers/HAL/Src/stm32f7xx_ll_sdmmc.c:416:10:SDMMC_GetResponse	24	static
../Drivers/HAL/Src/stm32f7xx_ll_sdmmc.c:437:19:SDMMC_ConfigData	24	static
../Drivers/HAL/Src/stm32f7xx_ll_sdmmc.c:472:10:SDMMC_GetDataCounter	16	static
../Drivers/HAL/Src/stm32f7xx_ll_sdmmc.c:482:10:SDMMC_GetFIFOCount	16	static
../Drivers/HAL/Src/stm32f7xx_ll_sdmmc.c:496:19:SDMMC_SetSDMMCReadWaitMode	16	static
../Drivers/HAL/Src/stm32f7xx_ll_sdmmc.c:531:10:SDMMC_CmdBlockLength	40	static
../Drivers/HAL/Src/stm32f7xx_ll_sdmmc.c:555:10:SDMMC_CmdReadSingleBlock	40	static
../Drivers/HAL/Src/stm32f7xx_ll_sdmmc.c:579:10:SDMMC_CmdReadMultiBlock	40	static
../Drivers/HAL/Src/stm32f7xx_ll_sdmmc.c:603:10:SDMMC_CmdWriteSingleBlock	40	static
../Drivers/HAL/Src/stm32f7xx_ll_sdmmc.c:627:10:SDMMC_CmdWriteMultiBlock	40	static
../Drivers/HAL/Src/stm32f7xx_ll_sdmmc.c:651:10:SDMMC_CmdSDEraseStartAdd	40	static
../Drivers/HAL/Src/stm32f7xx_ll_sdmmc.c:675:10:SDMMC_CmdSDEraseEndAdd	40	static
../Drivers/HAL/Src/stm32f7xx_ll_sdmmc.c:699:10:SDMMC_CmdEraseStartAdd	40	static
../Drivers/HAL/Src/stm32f7xx_ll_sdmmc.c:723:10:SDMMC_CmdEraseEndAdd	40	static
../Drivers/HAL/Src/stm32f7xx_ll_sdmmc.c:747:10:SDMMC_CmdErase	40	static
../Drivers/HAL/Src/stm32f7xx_ll_sdmmc.c:771:10:SDMMC_CmdStopTransfer	40	static
../Drivers/HAL/Src/stm32f7xx_ll_sdmmc.c:796:10:SDMMC_CmdSelDesel	48	static
../Drivers/HAL/Src/stm32f7xx_ll_sdmmc.c:820:10:SDMMC_CmdGoIdleState	40	static
../Drivers/HAL/Src/stm32f7xx_ll_sdmmc.c:843:10:SDMMC_CmdOperCond	40	static
../Drivers/HAL/Src/stm32f7xx_ll_sdmmc.c:873:10:SDMMC_CmdAppCommand	40	static
../Drivers/HAL/Src/stm32f7xx_ll_sdmmc.c:900:10:SDMMC_CmdAppOperCommand	40	static
../Drivers/HAL/Src/stm32f7xx_ll_sdmmc.c:923:10:SDMMC_CmdBusWidth	40	static
../Drivers/HAL/Src/stm32f7xx_ll_sdmmc.c:946:10:SDMMC_CmdSendSCR	40	static
../Drivers/HAL/Src/stm32f7xx_ll_sdmmc.c:970:10:SDMMC_CmdSendCID	40	static
../Drivers/HAL/Src/stm32f7xx_ll_sdmmc.c:994:10:SDMMC_CmdSendCSD	40	static
../Drivers/HAL/Src/stm32f7xx_ll_sdmmc.c:1018:10:SDMMC_CmdSetRelAdd	40	static
../Drivers/HAL/Src/stm32f7xx_ll_sdmmc.c:1042:10:SDMMC_CmdSendStatus	40	static
../Drivers/HAL/Src/stm32f7xx_ll_sdmmc.c:1065:10:SDMMC_CmdStatusRegister	40	static
../Drivers/HAL/Src/stm32f7xx_ll_sdmmc.c:1090:10:SDMMC_CmdOpCondition	40	static
../Drivers/HAL/Src/stm32f7xx_ll_sdmmc.c:1114:10:SDMMC_CmdSwitch	40	static
../Drivers/HAL/Src/stm32f7xx_ll_sdmmc.c:1146:17:SDMMC_GetCmdError	16	static
../Drivers/HAL/Src/stm32f7xx_ll_sdmmc.c:1173:17:SDMMC_GetCmdResp1	40	static
../Drivers/HAL/Src/stm32f7xx_ll_sdmmc.c:1302:17:SDMMC_GetCmdResp2	16	static
../Drivers/HAL/Src/stm32f7xx_ll_sdmmc.c:1344:17:SDMMC_GetCmdResp3	16	static
../Drivers/HAL/Src/stm32f7xx_ll_sdmmc.c:1383:17:SDMMC_GetCmdResp6	40	static
../Drivers/HAL/Src/stm32f7xx_ll_sdmmc.c:1450:17:SDMMC_GetCmdResp7	16	static
