../Drivers/STM32F769I-Discovery/stm32f769i_discovery_qspi.c:122:9:BSP_QSPI_Init	16	static,ignoring_inline_asm
../Drivers/STM32F769I-Discovery/stm32f769i_discovery_qspi.c:188:9:BSP_QSPI_DeInit	8	static
../Drivers/STM32F769I-Discovery/stm32f769i_discovery_qspi.c:217:9:BSP_QSPI_Read	80	static
../Drivers/STM32F769I-Discovery/stm32f769i_discovery_qspi.c:263:9:BSP_QSPI_Write	96	static
../Drivers/STM32F769I-Discovery/stm32f769i_discovery_qspi.c:337:9:BSP_QSPI_Erase_Block	72	static
../Drivers/STM32F769I-Discovery/stm32f769i_discovery_qspi.c:379:9:BSP_QSPI_Erase_Chip	64	static
../Drivers/STM32F769I-Discovery/stm32f769i_discovery_qspi.c:419:9:BSP_QSPI_GetStatus	72	static
../Drivers/STM32F769I-Discovery/stm32f769i_discovery_qspi.c:464:9:BSP_QSPI_GetInfo	16	static
../Drivers/STM32F769I-Discovery/stm32f769i_discovery_qspi.c:480:9:BSP_QSPI_EnableMemoryMappedMode	72	static
../Drivers/STM32F769I-Discovery/stm32f769i_discovery_qspi.c:525:13:BSP_QSPI_MspInit	64	static
../Drivers/STM32F769I-Discovery/stm32f769i_discovery_qspi.c:586:13:BSP_QSPI_MspDeInit	16	static
../Drivers/STM32F769I-Discovery/stm32f769i_discovery_qspi.c:614:16:QSPI_ResetMemory	104	static
../Drivers/STM32F769I-Discovery/stm32f769i_discovery_qspi.c:774:16:QSPI_EnterFourBytesAddress	72	static
../Drivers/STM32F769I-Discovery/stm32f769i_discovery_qspi.c:815:16:QSPI_DummyCyclesCfg	88	static,ignoring_inline_asm
../Drivers/STM32F769I-Discovery/stm32f769i_discovery_qspi.c:912:16:QSPI_EnterMemory_QPI	96	static
../Drivers/STM32F769I-Discovery/stm32f769i_discovery_qspi.c:960:16:QSPI_ExitMemory_QPI	72	static
../Drivers/STM32F769I-Discovery/stm32f769i_discovery_qspi.c:990:16:QSPI_OutDrvStrengthCfg	88	static,ignoring_inline_asm
../Drivers/STM32F769I-Discovery/stm32f769i_discovery_qspi.c:1084:16:QSPI_WriteEnable	96	static
../Drivers/STM32F769I-Discovery/stm32f769i_discovery_qspi.c:1130:16:QSPI_AutoPollingMemReady	96	static
