../Drivers/STM32F769I-Discovery/stm32f769i_discovery_lcd.c:258:9:BSP_LCD_Init	8	static
../Drivers/STM32F769I-Discovery/stm32f769i_discovery_lcd.c:273:9:BSP_LCD_InitEx	72	static
../Drivers/STM32F769I-Discovery/stm32f769i_discovery_lcd.c:668:6:BSP_LCD_Reset	32	static
../Drivers/STM32F769I-Discovery/stm32f769i_discovery_lcd.c:698:10:BSP_LCD_GetXSize	4	static
../Drivers/STM32F769I-Discovery/stm32f769i_discovery_lcd.c:707:10:BSP_LCD_GetYSize	4	static
../Drivers/STM32F769I-Discovery/stm32f769i_discovery_lcd.c:717:6:BSP_LCD_SetXSize	16	static
../Drivers/STM32F769I-Discovery/stm32f769i_discovery_lcd.c:726:6:BSP_LCD_SetYSize	16	static
../Drivers/STM32F769I-Discovery/stm32f769i_discovery_lcd.c:738:6:BSP_LCD_LayerDefaultInit	72	static
../Drivers/STM32F769I-Discovery/stm32f769i_discovery_lcd.c:771:6:BSP_LCD_SelectLayer	16	static
../Drivers/STM32F769I-Discovery/stm32f769i_discovery_lcd.c:784:6:BSP_LCD_SetLayerVisible	16	static
../Drivers/STM32F769I-Discovery/stm32f769i_discovery_lcd.c:804:6:BSP_LCD_SetTransparency	16	static
../Drivers/STM32F769I-Discovery/stm32f769i_discovery_lcd.c:816:6:BSP_LCD_SetLayerAddress	16	static
../Drivers/STM32F769I-Discovery/stm32f769i_discovery_lcd.c:831:6:BSP_LCD_SetLayerWindow	24	static
../Drivers/STM32F769I-Discovery/stm32f769i_discovery_lcd.c:846:6:BSP_LCD_SetColorKeying	16	static
../Drivers/STM32F769I-Discovery/stm32f769i_discovery_lcd.c:857:6:BSP_LCD_ResetColorKeying	16	static
../Drivers/STM32F769I-Discovery/stm32f769i_discovery_lcd.c:867:6:BSP_LCD_SetTextColor	16	static
../Drivers/STM32F769I-Discovery/stm32f769i_discovery_lcd.c:876:10:BSP_LCD_GetTextColor	4	static
../Drivers/STM32F769I-Discovery/stm32f769i_discovery_lcd.c:885:6:BSP_LCD_SetBackColor	16	static
../Drivers/STM32F769I-Discovery/stm32f769i_discovery_lcd.c:894:10:BSP_LCD_GetBackColor	4	static
../Drivers/STM32F769I-Discovery/stm32f769i_discovery_lcd.c:903:6:BSP_LCD_SetFont	16	static
../Drivers/STM32F769I-Discovery/stm32f769i_discovery_lcd.c:912:8:BSP_LCD_GetFont	4	static
../Drivers/STM32F769I-Discovery/stm32f769i_discovery_lcd.c:923:10:BSP_LCD_ReadPixel	32	static
../Drivers/STM32F769I-Discovery/stm32f769i_discovery_lcd.c:957:6:BSP_LCD_Clear	40	static
../Drivers/STM32F769I-Discovery/stm32f769i_discovery_lcd.c:967:6:BSP_LCD_ClearStringLine	32	static
../Drivers/STM32F769I-Discovery/stm32f769i_discovery_lcd.c:986:6:BSP_LCD_DisplayChar	24	static
../Drivers/STM32F769I-Discovery/stm32f769i_discovery_lcd.c:1003:6:BSP_LCD_DisplayStringAt	48	static
../Drivers/STM32F769I-Discovery/stm32f769i_discovery_lcd.c:1065:6:BSP_LCD_DisplayStringAtLine	16	static
../Drivers/STM32F769I-Discovery/stm32f769i_discovery_lcd.c:1076:6:BSP_LCD_DrawHLine	40	static
../Drivers/STM32F769I-Discovery/stm32f769i_discovery_lcd.c:1093:6:BSP_LCD_DrawVLine	48	static
../Drivers/STM32F769I-Discovery/stm32f769i_discovery_lcd.c:1111:6:BSP_LCD_DrawLine	56	static
../Drivers/STM32F769I-Discovery/stm32f769i_discovery_lcd.c:1185:6:BSP_LCD_DrawRect	24	static
../Drivers/STM32F769I-Discovery/stm32f769i_discovery_lcd.c:1202:6:BSP_LCD_DrawCircle	40	static
../Drivers/STM32F769I-Discovery/stm32f769i_discovery_lcd.c:1248:6:BSP_LCD_DrawPolygon	32	static
../Drivers/STM32F769I-Discovery/stm32f769i_discovery_lcd.c:1275:6:BSP_LCD_DrawEllipse	64	static
../Drivers/STM32F769I-Discovery/stm32f769i_discovery_lcd.c:1307:6:BSP_LCD_DrawBitmap	56	static
../Drivers/STM32F769I-Discovery/stm32f769i_discovery_lcd.c:1367:6:BSP_LCD_FillRect	48	static
../Drivers/STM32F769I-Discovery/stm32f769i_discovery_lcd.c:1387:6:BSP_LCD_FillCircle	32	static
../Drivers/STM32F769I-Discovery/stm32f769i_discovery_lcd.c:1434:6:BSP_LCD_FillPolygon	64	static
../Drivers/STM32F769I-Discovery/stm32f769i_discovery_lcd.c:1501:6:BSP_LCD_FillEllipse	56	static
../Drivers/STM32F769I-Discovery/stm32f769i_discovery_lcd.c:1531:6:BSP_LCD_DisplayOn	16	static
../Drivers/STM32F769I-Discovery/stm32f769i_discovery_lcd.c:1554:6:BSP_LCD_DisplayOff	16	static
../Drivers/STM32F769I-Discovery/stm32f769i_discovery_lcd.c:1577:6:BSP_LCD_SetBrightness	24	static
../Drivers/STM32F769I-Discovery/stm32f769i_discovery_lcd.c:1602:6:DSI_IO_WriteCmd	24	static
../Drivers/STM32F769I-Discovery/stm32f769i_discovery_lcd.c:1619:17:LCD_IO_GetID	4	static
../Drivers/STM32F769I-Discovery/stm32f769i_discovery_lcd.c:1650:13:BSP_LCD_MspDeInit	8	static
../Drivers/STM32F769I-Discovery/stm32f769i_discovery_lcd.c:1676:13:BSP_LCD_MspInit	24	static
../Drivers/STM32F769I-Discovery/stm32f769i_discovery_lcd.c:1718:6:BSP_LCD_DrawPixel	24	static
../Drivers/STM32F769I-Discovery/stm32f769i_discovery_lcd.c:1731:13:DrawChar	40	static
../Drivers/STM32F769I-Discovery/stm32f769i_discovery_lcd.c:1789:13:FillTriangle	56	static
../Drivers/STM32F769I-Discovery/stm32f769i_discovery_lcd.c:1866:13:LL_FillBuffer	32	static
../Drivers/STM32F769I-Discovery/stm32f769i_discovery_lcd.c:1896:13:LL_ConvertLineToARGB8888	32	static
