../Drivers/STM32F769I-Discovery/stm32f769i_discovery_sd.c:141:9:BSP_SD_Init	16	static
../Drivers/STM32F769I-Discovery/stm32f769i_discovery_sd.c:192:9:BSP_SD_DeInit	16	static
../Drivers/STM32F769I-Discovery/stm32f769i_discovery_sd.c:215:9:BSP_SD_ITConfig	32	static
../Drivers/STM32F769I-Discovery/stm32f769i_discovery_sd.c:237:9:BSP_SD_IsDetected	16	static
../Drivers/STM32F769I-Discovery/stm32f769i_discovery_sd.c:258:9:BSP_SD_ReadBlocks	32	static
../Drivers/STM32F769I-Discovery/stm32f769i_discovery_sd.c:278:9:BSP_SD_WriteBlocks	32	static
../Drivers/STM32F769I-Discovery/stm32f769i_discovery_sd.c:297:9:BSP_SD_ReadBlocks_DMA	24	static
../Drivers/STM32F769I-Discovery/stm32f769i_discovery_sd.c:317:9:BSP_SD_WriteBlocks_DMA	24	static
../Drivers/STM32F769I-Discovery/stm32f769i_discovery_sd.c:336:9:BSP_SD_Erase	16	static
../Drivers/STM32F769I-Discovery/stm32f769i_discovery_sd.c:353:13:BSP_SD_MspInit	56	static
../Drivers/STM32F769I-Discovery/stm32f769i_discovery_sd.c:458:13:BSP_SD_Detect_MspInit	40	static
../Drivers/STM32F769I-Discovery/stm32f769i_discovery_sd.c:477:13:BSP_SD_MspDeInit	16	static
../Drivers/STM32F769I-Discovery/stm32f769i_discovery_sd.c:514:9:BSP_SD_GetCardState	8	static
../Drivers/STM32F769I-Discovery/stm32f769i_discovery_sd.c:525:6:BSP_SD_GetCardInfo	16	static
../Drivers/STM32F769I-Discovery/stm32f769i_discovery_sd.c:536:6:HAL_SD_AbortCallback	16	static
../Drivers/STM32F769I-Discovery/stm32f769i_discovery_sd.c:546:6:HAL_SD_TxCpltCallback	16	static
../Drivers/STM32F769I-Discovery/stm32f769i_discovery_sd.c:556:6:HAL_SD_RxCpltCallback	16	static
../Drivers/STM32F769I-Discovery/stm32f769i_discovery_sd.c:565:13:BSP_SD_AbortCallback	4	static
../Drivers/STM32F769I-Discovery/stm32f769i_discovery_sd.c:574:13:BSP_SD_WriteCpltCallback	4	static
../Drivers/STM32F769I-Discovery/stm32f769i_discovery_sd.c:583:13:BSP_SD_ReadCpltCallback	4	static
