../Drivers/STM32F769I-Discovery/stm32f769i_discovery_audio.c:288:9:BSP_AUDIO_OUT_Init	32	static
../Drivers/STM32F769I-Discovery/stm32f769i_discovery_audio.c:340:9:BSP_AUDIO_OUT_Play	16	static
../Drivers/STM32F769I-Discovery/stm32f769i_discovery_audio.c:363:6:BSP_AUDIO_OUT_ChangeBuffer	16	static
../Drivers/STM32F769I-Discovery/stm32f769i_discovery_audio.c:376:9:BSP_AUDIO_OUT_Pause	8	static
../Drivers/STM32F769I-Discovery/stm32f769i_discovery_audio.c:400:9:BSP_AUDIO_OUT_Resume	8	static
../Drivers/STM32F769I-Discovery/stm32f769i_discovery_audio.c:426:9:BSP_AUDIO_OUT_Stop	16	static
../Drivers/STM32F769I-Discovery/stm32f769i_discovery_audio.c:454:9:BSP_AUDIO_OUT_SetVolume	16	static
../Drivers/STM32F769I-Discovery/stm32f769i_discovery_audio.c:474:9:BSP_AUDIO_OUT_SetMute	16	static
../Drivers/STM32F769I-Discovery/stm32f769i_discovery_audio.c:495:9:BSP_AUDIO_OUT_SetOutputMode	16	static
../Drivers/STM32F769I-Discovery/stm32f769i_discovery_audio.c:516:6:BSP_AUDIO_OUT_SetFrequency	16	static
../Drivers/STM32F769I-Discovery/stm32f769i_discovery_audio.c:539:6:BSP_AUDIO_OUT_SetAudioFrameSlot	16	static
../Drivers/STM32F769I-Discovery/stm32f769i_discovery_audio.c:556:6:BSP_AUDIO_OUT_DeInit	8	static
../Drivers/STM32F769I-Discovery/stm32f769i_discovery_audio.c:568:6:HAL_SAI_TxCpltCallback	16	static
../Drivers/STM32F769I-Discovery/stm32f769i_discovery_audio.c:580:6:HAL_SAI_TxHalfCpltCallback	16	static
../Drivers/STM32F769I-Discovery/stm32f769i_discovery_audio.c:592:6:HAL_SAI_ErrorCallback	16	static
../Drivers/STM32F769I-Discovery/stm32f769i_discovery_audio.c:608:13:BSP_AUDIO_OUT_TransferComplete_CallBack	4	static
../Drivers/STM32F769I-Discovery/stm32f769i_discovery_audio.c:616:13:BSP_AUDIO_OUT_HalfTransfer_CallBack	4	static
../Drivers/STM32F769I-Discovery/stm32f769i_discovery_audio.c:624:13:BSP_AUDIO_OUT_Error_CallBack	4	static
../Drivers/STM32F769I-Discovery/stm32f769i_discovery_audio.c:634:13:BSP_AUDIO_OUT_MspInit	56	static
../Drivers/STM32F769I-Discovery/stm32f769i_discovery_audio.c:700:13:SAI_AUDIO_IN_MspInit	56	static
../Drivers/STM32F769I-Discovery/stm32f769i_discovery_audio.c:773:6:SAI_AUDIO_IN_MspDeInit	40	static
../Drivers/STM32F769I-Discovery/stm32f769i_discovery_audio.c:806:13:BSP_AUDIO_OUT_MspDeInit	40	static
../Drivers/STM32F769I-Discovery/stm32f769i_discovery_audio.c:845:13:BSP_AUDIO_OUT_ClockConfig	168	static
../Drivers/STM32F769I-Discovery/stm32f769i_discovery_audio.c:894:13:SAIx_Out_Init	16	static
../Drivers/STM32F769I-Discovery/stm32f769i_discovery_audio.c:953:13:SAIx_Out_DeInit	8	static
../Drivers/STM32F769I-Discovery/stm32f769i_discovery_audio.c:971:13:SAIx_In_Init	16	static
../Drivers/STM32F769I-Discovery/stm32f769i_discovery_audio.c:1038:13:SAIx_In_DeInit	8	static
../Drivers/STM32F769I-Discovery/stm32f769i_discovery_audio.c:1065:9:BSP_AUDIO_IN_Init	24	static
../Drivers/STM32F769I-Discovery/stm32f769i_discovery_audio.c:1078:9:BSP_AUDIO_IN_InitEx	40	static
../Drivers/STM32F769I-Discovery/stm32f769i_discovery_audio.c:1142:9:BSP_AUDIO_IN_AllocScratch	24	static
../Drivers/STM32F769I-Discovery/stm32f769i_discovery_audio.c:1161:9:BSP_AUDIO_IN_GetChannelNumber	4	static
../Drivers/STM32F769I-Discovery/stm32f769i_discovery_audio.c:1172:9:BSP_AUDIO_IN_Record	16	static
../Drivers/STM32F769I-Discovery/stm32f769i_discovery_audio.c:1225:9:BSP_AUDIO_IN_Stop	8	static
../Drivers/STM32F769I-Discovery/stm32f769i_discovery_audio.c:1286:9:BSP_AUDIO_IN_Pause	8	static
../Drivers/STM32F769I-Discovery/stm32f769i_discovery_audio.c:1322:9:BSP_AUDIO_IN_Resume	8	static
../Drivers/STM32F769I-Discovery/stm32f769i_discovery_audio.c:1358:6:BSP_AUDIO_IN_DeInit	8	static
../Drivers/STM32F769I-Discovery/stm32f769i_discovery_audio.c:1379:6:HAL_DFSDM_FilterRegConvCpltCallback	24	static
../Drivers/STM32F769I-Discovery/stm32f769i_discovery_audio.c:1455:6:HAL_DFSDM_FilterRegConvHalfCpltCallback	24	static
../Drivers/STM32F769I-Discovery/stm32f769i_discovery_audio.c:1531:6:HAL_SAI_RxHalfCpltCallback	16	static
../Drivers/STM32F769I-Discovery/stm32f769i_discovery_audio.c:1543:6:HAL_SAI_RxCpltCallback	16	static
../Drivers/STM32F769I-Discovery/stm32f769i_discovery_audio.c:1553:13:BSP_AUDIO_IN_TransferComplete_CallBack	4	static
../Drivers/STM32F769I-Discovery/stm32f769i_discovery_audio.c:1564:13:BSP_AUDIO_IN_HalfTransfer_CallBack	4	static
../Drivers/STM32F769I-Discovery/stm32f769i_discovery_audio.c:1575:13:BSP_AUDIO_IN_Error_CallBack	4	static
../Drivers/STM32F769I-Discovery/stm32f769i_discovery_audio.c:1585:13:BSP_AUDIO_IN_MspInit	8	static
../Drivers/STM32F769I-Discovery/stm32f769i_discovery_audio.c:1604:13:BSP_AUDIO_IN_MspDeInit	8	static
../Drivers/STM32F769I-Discovery/stm32f769i_discovery_audio.c:1628:13:BSP_AUDIO_IN_ClockConfig	168	static
