../Core/Src/main.c:59:5:main	32	static
../Core/Src/main.c:250:13:SystemClock_Config	136	static
../Core/Src/main.c:298:13:gyro_disable	16	static
../Core/Src/main.c:314:6:MX_GPIO_Init	32	static
../Core/Src/main.c:327:6:MX_TIM4_Init	40	static
../Core/Src/main.c:347:6:PWM_Start	8	static
../Core/Src/main.c:353:6:PWM_Stop	8	static
../Core/Src/main.c:357:6:PWM_SetFrequency	56	static
../Core/Src/main.c:377:28:_close	4	static
../Core/Src/main.c:378:28:_lseek	4	static
../Core/Src/main.c:379:28:_read	4	static
../Core/Src/main.c:380:28:_write	4	static
