../Core/Src/main.c:60:5:main	32	static
../Core/Src/main.c:250:13:SystemClock_Config	136	static
../Core/Src/main.c:298:13:gyro_disable	16	static
../Core/Src/main.c:315:6:MX_GPIO_Init	32	static
../Core/Src/main.c:328:6:MX_TIM3_Init	40	static
../Core/Src/main.c:349:6:PWM_Start	8	static
../Core/Src/main.c:354:6:PWM_Stop	4	static
../Core/Src/main.c:360:6:PWM_SetFrequency	56	static
../Core/Src/main.c:380:28:_close	4	static
../Core/Src/main.c:381:28:_lseek	4	static
../Core/Src/main.c:382:28:_read	4	static
../Core/Src/main.c:383:28:_write	4	static
