../Core/Src/menu.c:83:6:MENU_draw	40	static
../Core/Src/menu.c:109:6:MENU_hint	8	static
../Core/Src/menu.c:132:6:MENU_set_entry	24	static
../Core/Src/menu.c:145:14:MENU_get_entry	64	static
../Core/Src/menu.c:164:13:MENU_get_transition	16	static
../Core/Src/menu.c:182:6:MENU_check_transition	16	static
../Core/Src/menu.c:242:6:EXTI15_10_IRQHandler	8	static
../Core/Src/menu.c:255:6:LCD_ClearScreen	8	static
../Core/Src/menu.c:262:5:SHOW_STARTMENU	24	static
../Core/Src/menu.c:331:7:SHOW_DEFUSEMENU	24	static
../Core/Src/menu.c:386:7:SHOW_ALARMMENU	24	static
../Core/Src/menu.c:432:6:draw_numpad	32	static
../Core/Src/menu.c:463:6:handle_touch_input	64	static
../Core/Src/menu.c:518:7:change_pin	72	static
