Archive member included to satisfy reference by file (symbol)

../Drivers/CMSIS/Lib/GCC\libarm_cortexM4lf_math.a(arm_const_structs.o)
                              ./Drivers/CMSIS/DSP/Source/arm_cfft_init_f32.o (arm_cfft_sR_f32_len4096)
../Drivers/CMSIS/Lib/GCC\libarm_cortexM4lf_math.a(arm_common_tables.o)
                              ../Drivers/CMSIS/Lib/GCC\libarm_cortexM4lf_math.a(arm_const_structs.o) (twiddleCoef_rfft_4096)
../Drivers/CMSIS/Lib/GCC\libarm_cortexM4lf_math.a(arm_cfft_f32.o)
                              ./Core/Src/measuring.o (arm_cfft_f32)
../Drivers/CMSIS/Lib/GCC\libarm_cortexM4lf_math.a(arm_rfft_init_q31.o)
                              ../Drivers/CMSIS/Lib/GCC\libarm_cortexM4lf_math.a(arm_const_structs.o) (realCoefBQ31)
../Drivers/CMSIS/Lib/GCC\libarm_cortexM4lf_math.a(arm_rfft_init_q15.o)
                              ../Drivers/CMSIS/Lib/GCC\libarm_cortexM4lf_math.a(arm_const_structs.o) (realCoefBQ15)
../Drivers/CMSIS/Lib/GCC\libarm_cortexM4lf_math.a(arm_cos_f32.o)
                              ./Core/Src/measuring.o (arm_cos_f32)
../Drivers/CMSIS/Lib/GCC\libarm_cortexM4lf_math.a(arm_bitreversal2.o)
                              ../Drivers/CMSIS/Lib/GCC\libarm_cortexM4lf_math.a(arm_cfft_f32.o) (arm_bitreversal_32)
../Drivers/CMSIS/Lib/GCC\libarm_cortexM4lf_math.a(arm_cfft_radix8_f32.o)
                              ../Drivers/CMSIS/Lib/GCC\libarm_cortexM4lf_math.a(arm_cfft_f32.o) (arm_radix8_butterfly_f32)
C:/ST/STM32CubeIDE_1.16.1/STM32CubeIDE/plugins/com.st.stm32cube.ide.mcu.externaltools.gnu-tools-for-stm32.12.3.rel1.win32_1.0.200.202406191623/tools/bin/../lib/gcc/arm-none-eabi/12.3.1/../../../../arm-none-eabi/lib/thumb/v7e-m+fp/hard\libc_nano.a(libc_a-exit.o)
                              C:/ST/STM32CubeIDE_1.16.1/STM32CubeIDE/plugins/com.st.stm32cube.ide.mcu.externaltools.gnu-tools-for-stm32.12.3.rel1.win32_1.0.200.202406191623/tools/bin/../lib/gcc/arm-none-eabi/12.3.1/../../../../arm-none-eabi/lib/thumb/v7e-m+fp/hard/crt0.o (exit)
C:/ST/STM32CubeIDE_1.16.1/STM32CubeIDE/plugins/com.st.stm32cube.ide.mcu.externaltools.gnu-tools-for-stm32.12.3.rel1.win32_1.0.200.202406191623/tools/bin/../lib/gcc/arm-none-eabi/12.3.1/../../../../arm-none-eabi/lib/thumb/v7e-m+fp/hard\libc_nano.a(libc_a-nano-vfprintf_float.o)
                              (_printf_float)
C:/ST/STM32CubeIDE_1.16.1/STM32CubeIDE/plugins/com.st.stm32cube.ide.mcu.externaltools.gnu-tools-for-stm32.12.3.rel1.win32_1.0.200.202406191623/tools/bin/../lib/gcc/arm-none-eabi/12.3.1/../../../../arm-none-eabi/lib/thumb/v7e-m+fp/hard\libc_nano.a(libc_a-nano-vfprintf_i.o)
                              C:/ST/STM32CubeIDE_1.16.1/STM32CubeIDE/plugins/com.st.stm32cube.ide.mcu.externaltools.gnu-tools-for-stm32.12.3.rel1.win32_1.0.200.202406191623/tools/bin/../lib/gcc/arm-none-eabi/12.3.1/../../../../arm-none-eabi/lib/thumb/v7e-m+fp/hard\libc_nano.a(libc_a-nano-vfprintf_float.o) (_printf_common)
C:/ST/STM32CubeIDE_1.16.1/STM32CubeIDE/plugins/com.st.stm32cube.ide.mcu.externaltools.gnu-tools-for-stm32.12.3.rel1.win32_1.0.200.202406191623/tools/bin/../lib/gcc/arm-none-eabi/12.3.1/../../../../arm-none-eabi/lib/thumb/v7e-m+fp/hard\libc_nano.a(libc_a-findfp.o)
                              C:/ST/STM32CubeIDE_1.16.1/STM32CubeIDE/plugins/com.st.stm32cube.ide.mcu.externaltools.gnu-tools-for-stm32.12.3.rel1.win32_1.0.200.202406191623/tools/bin/../lib/gcc/arm-none-eabi/12.3.1/../../../../arm-none-eabi/lib/thumb/v7e-m+fp/hard\libc_nano.a(libc_a-exit.o) (__stdio_exit_handler)
C:/ST/STM32CubeIDE_1.16.1/STM32CubeIDE/plugins/com.st.stm32cube.ide.mcu.externaltools.gnu-tools-for-stm32.12.3.rel1.win32_1.0.200.202406191623/tools/bin/../lib/gcc/arm-none-eabi/12.3.1/../../../../arm-none-eabi/lib/thumb/v7e-m+fp/hard\libc_nano.a(libc_a-fwalk.o)
                              C:/ST/STM32CubeIDE_1.16.1/STM32CubeIDE/plugins/com.st.stm32cube.ide.mcu.externaltools.gnu-tools-for-stm32.12.3.rel1.win32_1.0.200.202406191623/tools/bin/../lib/gcc/arm-none-eabi/12.3.1/../../../../arm-none-eabi/lib/thumb/v7e-m+fp/hard\libc_nano.a(libc_a-findfp.o) (_fwalk_sglue)
C:/ST/STM32CubeIDE_1.16.1/STM32CubeIDE/plugins/com.st.stm32cube.ide.mcu.externaltools.gnu-tools-for-stm32.12.3.rel1.win32_1.0.200.202406191623/tools/bin/../lib/gcc/arm-none-eabi/12.3.1/../../../../arm-none-eabi/lib/thumb/v7e-m+fp/hard\libc_nano.a(libc_a-snprintf.o)
                              ./Core/Src/measuring.o (snprintf)
C:/ST/STM32CubeIDE_1.16.1/STM32CubeIDE/plugins/com.st.stm32cube.ide.mcu.externaltools.gnu-tools-for-stm32.12.3.rel1.win32_1.0.200.202406191623/tools/bin/../lib/gcc/arm-none-eabi/12.3.1/../../../../arm-none-eabi/lib/thumb/v7e-m+fp/hard\libc_nano.a(libc_a-sprintf.o)
                              ./Core/Src/main.o (sprintf)
C:/ST/STM32CubeIDE_1.16.1/STM32CubeIDE/plugins/com.st.stm32cube.ide.mcu.externaltools.gnu-tools-for-stm32.12.3.rel1.win32_1.0.200.202406191623/tools/bin/../lib/gcc/arm-none-eabi/12.3.1/../../../../arm-none-eabi/lib/thumb/v7e-m+fp/hard\libc_nano.a(libc_a-stdio.o)
[...]
Memory Configuration

Name             Origin             Length             Attributes
CCMRAM           0x10000000         0x00010000         xrw
RAM              0x20000000         0x00030000         xrw
FLASH            0x08000000         0x00200000         xr
*default*        0x00000000         0xffffffff

Linker script and memory map

LOAD C:/ST/STM32CubeIDE_1.16.1/STM32CubeIDE/plugins/com.st.stm32cube.ide.mcu.externaltools.gnu-tools-for-stm32.12.3.rel1.win32_1.0.200.202406191623/tools/bin/../lib/gcc/arm-none-eabi/12.3.1/thumb/v7e-m+fp/hard/crti.o
LOAD C:/ST/STM32CubeIDE_1.16.1/STM32CubeIDE/plugins/com.st.stm32cube.ide.mcu.externaltools.gnu-tools-for-stm32.12.3.rel1.win32_1.0.200.202406191623/tools/bin/../lib/gcc/arm-none-eabi/12.3.1/thumb/v7e-m+fp/hard/crtbegin.o
LOAD C:/ST/STM32CubeIDE_1.16.1/STM32CubeIDE/plugins/com.st.stm32cube.ide.mcu.externaltools.gnu-tools-for-stm32.12.3.rel1.win32_1.0.200.202406191623/tools/bin/../lib/gcc/arm-none-eabi/12.3.1/../../../../arm-none-eabi/lib/thumb/v7e-m+fp/hard/crt0.o
LOAD ./Core/Src/main.o
LOAD ./Core/Src/measuring.o
LOAD ./Core/Src/menu.o
LOAD ./Core/Src/pushbutton.o
LOAD ./Core/Src/stm32f4xx_hal_msp.o
LOAD ./Core/Src/stm32f4xx_it.o
LOAD ./Core/Src/system_stm32f4xx.o
LOAD ./Core/Startup/startup_stm32f429zitx.o
LOAD ./Drivers/BSP/Components/cs43l22/cs43l22.o
LOAD ./Drivers/BSP/Components/exc7200/exc7200.o
LOAD ./Drivers/BSP/Components/ft6x06/ft6x06.o
LOAD ./Drivers/BSP/Components/ili9325/ili9325.o
LOAD ./Drivers/BSP/Components/ili9341/ili9341.o
LOAD ./Drivers/BSP/Components/l3gd20/l3gd20.o
LOAD ./Drivers/BSP/Components/lis302dl/lis302dl.o
LOAD ./Drivers/BSP/Components/lis3dsh/lis3dsh.o
LOAD ./Drivers/BSP/Components/ls016b8uy/ls016b8uy.o
LOAD ./Drivers/BSP/Components/lsm303dlhc/lsm303dlhc.o
LOAD ./Drivers/BSP/Components/mfxstm32l152/mfxstm32l152.o
LOAD ./Drivers/BSP/Components/otm8009a/otm8009a.o
LOAD ./Drivers/BSP/Components/ov2640/ov2640.o
LOAD ./Drivers/BSP/Components/ov5640/ov5640.o
LOAD ./Drivers/BSP/Components/s5k5cag/s5k5cag.o
LOAD ./Drivers/BSP/Components/st7735/st7735.o
LOAD ./Drivers/BSP/Components/st7789h2/st7789h2.o
LOAD ./Drivers/BSP/Components/stmpe1600/stmpe1600.o
LOAD ./Drivers/BSP/Components/stmpe811/stmpe811.o
LOAD ./Drivers/BSP/Components/ts3510/ts3510.o
LOAD ./Drivers/BSP/Components/wm8994/wm8994.o
LOAD ./Drivers/BSP/STM32F429I-Discovery/stm32f429i_discovery.o
LOAD ./Drivers/BSP/STM32F429I-Discovery/stm32f429i_discovery_eeprom.o
LOAD ./Drivers/BSP/STM32F429I-Discovery/stm32f429i_discovery_gyroscope.o
LOAD ./Drivers/BSP/STM32F429I-Discovery/stm32f429i_discovery_io.o
LOAD ./Drivers/BSP/STM32F429I-Discovery/stm32f429i_discovery_lcd.o
LOAD ./Drivers/BSP/STM32F429I-Discovery/stm32f429i_discovery_sdram.o
LOAD ./Drivers/BSP/STM32F429I-Discovery/stm32f429i_discovery_ts.o
LOAD ./Drivers/CMSIS/DSP/Source/arm_cfft_init_f32.o
LOAD ./Drivers/STM32F4xx_HAL_Driver/Src/stm32f4xx_hal.o
LOAD ./Drivers/STM32F4xx_HAL_Driver/Src/stm32f4xx_hal_cortex.o
LOAD ./Drivers/STM32F4xx_HAL_Driver/Src/stm32f4xx_hal_crc.o
LOAD ./Drivers/STM32F4xx_HAL_Driver/Src/stm32f4xx_hal_dma.o
LOAD ./Drivers/STM32F4xx_HAL_Driver/Src/stm32f4xx_hal_dma2d.o
LOAD ./Drivers/STM32F4xx_HAL_Driver/Src/stm32f4xx_hal_dma_ex.o
LOAD ./Drivers/STM32F4xx_HAL_Driver/Src/stm32f4xx_hal_dsi.o
LOAD ./Drivers/STM32F4xx_HAL_Driver/Src/stm32f4xx_hal_exti.o
LOAD ./Drivers/STM32F4xx_HAL_Driver/Src/stm32f4xx_hal_flash.o
LOAD ./Drivers/STM32F4xx_HAL_Driver/Src/stm32f4xx_hal_flash_ex.o
LOAD ./Drivers/STM32F4xx_HAL_Driver/Src/stm32f4xx_hal_flash_ramfunc.o
LOAD ./Drivers/STM32F4xx_HAL_Driver/Src/stm32f4xx_hal_gpio.o
LOAD ./Drivers/STM32F4xx_HAL_Driver/Src/stm32f4xx_hal_hcd.o
LOAD ./Drivers/STM32F4xx_HAL_Driver/Src/stm32f4xx_hal_i2c.o
LOAD ./Drivers/STM32F4xx_HAL_Driver/Src/stm32f4xx_hal_i2c_ex.o
LOAD ./Drivers/STM32F4xx_HAL_Driver/Src/stm32f4xx_hal_ltdc.o
LOAD ./Drivers/STM32F4xx_HAL_Driver/Src/stm32f4xx_hal_ltdc_ex.o
LOAD ./Drivers/STM32F4xx_HAL_Driver/Src/stm32f4xx_hal_pwr.o
LOAD ./Drivers/STM32F4xx_HAL_Driver/Src/stm32f4xx_hal_pwr_ex.o
LOAD ./Drivers/STM32F4xx_HAL_Driver/Src/stm32f4xx_hal_rcc.o
LOAD ./Drivers/STM32F4xx_HAL_Driver/Src/stm32f4xx_hal_rcc_ex.o
LOAD ./Drivers/STM32F4xx_HAL_Driver/Src/stm32f4xx_hal_sdram.o
LOAD ./Drivers/STM32F4xx_HAL_Driver/Src/stm32f4xx_hal_spi.o
LOAD ./Drivers/STM32F4xx_HAL_Driver/Src/stm32f4xx_hal_tim.o
LOAD ./Drivers/STM32F4xx_HAL_Driver/Src/stm32f4xx_hal_tim_ex.o
LOAD ./Drivers/STM32F4xx_HAL_Driver/Src/stm32f4xx_hal_uart.o
LOAD ./Drivers/STM32F4xx_HAL_Driver/Src/stm32f4xx_ll_fmc.o
LOAD ./Drivers/STM32F4xx_HAL_Driver/Src/stm32f4xx_ll_usb.o
LOAD ../Drivers/CMSIS/Lib/GCC\libarm_cortexM4lf_math.a
START GROUP
LOAD C:/ST/STM32CubeIDE_1.16.1/STM32CubeIDE/plugins/com.st.stm32cube.ide.mcu.externaltools.gnu-tools-for-stm32.12.3.rel1.win32_1.0.200.202406191623/tools/bin/../lib/gcc/arm-none-eabi/12.3.1/../../../../arm-none-eabi/lib/thumb/v7e-m+fp/hard\libc_nano.a
LOAD C:/ST/STM32CubeIDE_1.16.1/STM32CubeIDE/plugins/com.st.stm32cube.ide.mcu.externaltools.gnu-tools-for-stm32.12.3.rel1.win32_1.0.200.202406191623/tools/bin/../lib/gcc/arm-none-eabi/12.3.1/../../../../arm-none-eabi/lib/thumb/v7e-m+fp/hard\libm.a
END GROUP
START GROUP
LOAD C:/ST/STM32CubeIDE_1.16.1/STM32CubeIDE/plugins/com.st.stm32cube.ide.mcu.externaltools.gnu-tools-for-stm32.12.3.rel1.win32_1.0.200.202406191623/tools/bin/../lib/gcc/arm-none-eabi/12.3.1/thumb/v7e-m+fp/hard\libgcc.a
LOAD C:/ST/STM32CubeIDE_1.16.1/STM32CubeIDE/plugins/com.st.stm32cube.ide.mcu.externaltools.gnu-tools-for-stm32.12.3.rel1.win32_1.0.200.202406191623/tools/bin/../lib/gcc/arm-none-eabi/12.3.1/../../../../arm-none-eabi/lib/thumb/v7e-m+fp/hard\libc_nano.a
END GROUP
START GROUP
LOAD C:/ST/STM32CubeIDE_1.16.1/STM32CubeIDE/plugins/com.st.stm32cube.ide.mcu.externaltools.gnu-tools-for-stm32.12.3.rel1.win32_1.0.200.202406191623/tools/bin/../lib/gcc/arm-none-eabi/12.3.1/thumb/v7e-m+fp/hard\libgcc.a
LOAD C:/ST/STM32CubeIDE_1.16.1/STM32CubeIDE/plugins/com.st.stm32cube.ide.mcu.externaltools.gnu-tools-for-stm32.12.3.rel1.win32_1.0.200.202406191623/tools/bin/../lib/gcc/arm-none-eabi/12.3.1/../../../../arm-none-eabi/lib/thumb/v7e-m+fp/hard\libc_nano.a
LOAD C:/ST/STM32CubeIDE_1.16.1/STM32CubeIDE/plugins/com.st.stm32cube.ide.mcu.externaltools.gnu-tools-for-stm32.12.3.rel1.win32_1.0.200.202406191623/tools/bin/../lib/gcc/arm-none-eabi/12.3.1/../../../../arm-none-eabi/lib/thumb/v7e-m+fp/hard\libnosys.a
END GROUP
START GROUP
LOAD C:/ST/STM32CubeIDE_1.16.1/STM32CubeIDE/plugins/com.st.stm32cube.ide.mcu.externaltools.gnu-tools-for-stm32.12.3.rel1.win32_1.0.200.202406191623/tools/bin/../lib/gcc/arm-none-eabi/12.3.1/thumb/v7e-m+fp/hard\libgcc.a
LOAD C:/ST/STM32CubeIDE_1.16.1/STM32CubeIDE/plugins/com.st.stm32cube.ide.mcu.externaltools.gnu-tools-for-stm32.12.3.rel1.win32_1.0.200.202406191623/tools/bin/../lib/gcc/arm-none-eabi/12.3.1/../../../../arm-none-eabi/lib/thumb/v7e-m+fp/hard\libc_nano.a
LOAD C:/ST/STM32CubeIDE_1.16.1/STM32CubeIDE/plugins/com.st.stm32cube.ide.mcu.externaltools.gnu-tools-for-stm32.12.3.rel1.win32_1.0.200.202406191623/tools/bin/../lib/gcc/arm-none-eabi/12.3.1/../../../../arm-none-eabi/lib/thumb/v7e-m+fp/hard\libnosys.a
END GROUP
LOAD C:/ST/STM32CubeIDE_1.16.1/STM32CubeIDE/plugins/com.st.stm32cube.ide.mcu.externaltools.gnu-tools-for-stm32.12.3.rel1.win32_1.0.200.202406191623/tools/bin/../lib/gcc/arm-none-eabi/12.3.1/thumb/v7e-m+fp/hard/crtend.o
LOAD C:/ST/STM32CubeIDE_1.16.1/STM32CubeIDE/plugins/com.st.stm32cube.ide.mcu.externaltools.gnu-tools-for-stm32.12.3.rel1.win32_1.0.200.202406191623/tools/bin/../lib/gcc/arm-none-eabi/12.3.1/thumb/v7e-m+fp/hard/crtn.o
                0x20030000                        _estack = (ORIGIN (RAM) + LENGTH (RAM))
                0x00000200                        _Min_Heap_Size = 0x200
                0x00000400                        _Min_Stack_Size = 0x400

.isr_vector     0x08000000      0x1ac
                0x08000000                        . = ALIGN (0x4)
 *(.isr_vector)
 .isr_vector    0x08000000      0x1ac ./Core/Startup/startup_stm32f429zitx.o
                0x08000000                g_pfnVectors
                0x080001ac                        . = ALIGN (0x4)

.text           0x080001b0     0xdcd0
                0x080001b0                        . = ALIGN (0x4)
 *(.text)
 .text          0x080001b0       0x40 C:/ST/STM32CubeIDE_1.16.1/STM32CubeIDE/plugins/com.st.stm32cube.ide.mcu.externaltools.gnu-tools-for-stm32.12.3.rel1.win32_1.0.200.202406191623/tools/bin/../lib/gcc/arm-none-eabi/12.3.1/thumb/v7e-m+fp/hard/crtbegin.o
 .text          0x080001f0       0xc0 ../Drivers/CMSIS/Lib/GCC\libarm_cortexM4lf_math.a(arm_bitreversal2.o)
                0x080001f0                arm_bitreversal_32
                0x0800025a                arm_bitreversal_16
 .text          0x080002b0       0xa0 C:/ST/STM32CubeIDE_1.16.1/STM32CubeIDE/plugins/com.st.stm32cube.ide.mcu.externaltools.gnu-tools-for-stm32.12.3.rel1.win32_1.0.200.202406191623/tools/bin/../lib/gcc/arm-none-eabi/12.3.1/../../../../arm-none-eabi/lib/thumb/v7e-m+fp/hard\libc_nano.a(libc_a-memchr.o)
                0x080002b0                memchr
 .text          0x08000350       0x10 C:/ST/STM32CubeIDE_1.16.1/STM32CubeIDE/plugins/com.st.stm32cube.ide.mcu.externaltools.gnu-tools-for-stm32.12.3.rel1.win32_1.0.200.202406191623/tools/bin/../lib/gcc/arm-none-eabi/12.3.1/../../../../arm-none-eabi/lib/thumb/v7e-m+fp/hard\libc_nano.a(libc_a-strlen.o)
                0x08000350                strlen
 .text          0x08000360      0x378 C:/ST/STM32CubeIDE_1.16.1/STM32CubeIDE/plugins/com.st.stm32cube.ide.mcu.externaltools.gnu-tools-for-stm32.12.3.rel1.win32_1.0.200.202406191623/tools/bin/../lib/gcc/arm-none-eabi/12.3.1/thumb/v7e-m+fp/hard\libgcc.a(_arm_addsubdf3.o)
                0x08000360                __aeabi_drsub
                0x08000368                __aeabi_dsub
                0x08000368                __subdf3
                0x0800036c                __aeabi_dadd
                0x0800036c                __adddf3
                0x080005e4                __floatunsidf
                0x080005e4                __aeabi_ui2d
                0x08000604                __floatsidf
                0x08000604                __aeabi_i2d
                0x08000628                __aeabi_f2d
                0x08000628                __extendsfdf2
                0x0800066c                __floatundidf
                0x0800066c                __aeabi_ul2d
                0x0800067c                __floatdidf
                0x0800067c                __aeabi_l2d
 .text          0x080006d8      0x424 C:/ST/STM32CubeIDE_1.16.1/STM32CubeIDE/plugins/com.st.stm32cube.ide.mcu.externaltools.gnu-tools-for-stm32.12.3.rel1.win32_1.0.200.202406191623/tools/bin/../lib/gcc/arm-none-eabi/12.3.1/thumb/v7e-m+fp/hard\libgcc.a(_arm_muldivdf3.o)
                0x080006d8                __aeabi_dmul
                0x080006d8                __muldf3
                0x0800092c                __divdf3
                0x0800092c                __aeabi_ddiv
 .text          0x08000afc      0x110 C:/ST/STM32CubeIDE_1.16.1/STM32CubeIDE/plugins/com.st.stm32cube.ide.mcu.externaltools.gnu-tools-for-stm32.12.3.rel1.win32_1.0.200.202406191623/tools/bin/../lib/gcc/arm-none-eabi/12.3.1/thumb/v7e-m+fp/hard\libgcc.a(_arm_cmpdf2.o)
                0x08000afc                __gtdf2
                0x08000afc                __gedf2
                0x08000b04                __ltdf2
                0x08000b04                __ledf2
                0x08000b0c                __nedf2
                0x08000b0c                __eqdf2
                0x08000b0c                __cmpdf2
                0x08000b88                __aeabi_cdrcmple
                0x08000b98                __aeabi_cdcmpeq
                0x08000b98                __aeabi_cdcmple
                0x08000ba8                __aeabi_dcmpeq
                0x08000bbc                __aeabi_dcmplt
                0x08000bd0                __aeabi_dcmple
                0x08000be4                __aeabi_dcmpge
                0x08000bf8                __aeabi_dcmpgt
 .text          0x08000c0c       0x2c C:/ST/STM32CubeIDE_1.16.1/STM32CubeIDE/plugins/com.st.stm32cube.ide.mcu.externaltools.gnu-tools-for-stm32.12.3.rel1.win32_1.0.200.202406191623/tools/bin/../lib/gcc/arm-none-eabi/12.3.1/thumb/v7e-m+fp/hard\libgcc.a(_arm_unorddf2.o)
                0x08000c0c                __unorddf2
                0x08000c0c                __aeabi_dcmpun
 .text          0x08000c38       0x50 C:/ST/STM32CubeIDE_1.16.1/STM32CubeIDE/plugins/com.st.stm32cube.ide.mcu.externaltools.gnu-tools-for-stm32.12.3.rel1.win32_1.0.200.202406191623/tools/bin/../lib/gcc/arm-none-eabi/12.3.1/thumb/v7e-m+fp/hard\libgcc.a(_arm_fixdfsi.o)
                0x08000c38                __aeabi_d2iz
                0x08000c38                __fixdfsi
 .text          0x08000c88       0x30 C:/ST/STM32CubeIDE_1.16.1/STM32CubeIDE/plugins/com.st.stm32cube.ide.mcu.externaltools.gnu-tools-for-stm32.12.3.rel1.win32_1.0.200.202406191623/tools/bin/../lib/gcc/arm-none-eabi/12.3.1/thumb/v7e-m+fp/hard\libgcc.a(_aeabi_uldivmod.o)
                0x08000c88                __aeabi_uldivmod
 .text          0x08000cb8      0x2bc C:/ST/STM32CubeIDE_1.16.1/STM32CubeIDE/plugins/com.st.stm32cube.ide.mcu.externaltools.gnu-tools-for-stm32.12.3.rel1.win32_1.0.200.202406191623/tools/bin/../lib/gcc/arm-none-eabi/12.3.1/thumb/v7e-m+fp/hard\libgcc.a(_udivmoddi4.o)
                0x08000cb8                __udivmoddi4
 .text          0x08000f74        0x4 C:/ST/STM32CubeIDE_1.16.1/STM32CubeIDE/plugins/com.st.stm32cube.ide.mcu.externaltools.gnu-tools-for-stm32.12.3.rel1.win32_1.0.200.202406191623/tools/bin/../lib/gcc/arm-none-eabi/12.3.1/thumb/v7e-m+fp/hard\libgcc.a(_dvmd_tls.o)
                0x08000f74                __aeabi_idiv0
                0x08000f74                __aeabi_ldiv0
 *(.text*)
 .text.main     0x08000f78      0x1fc ./Core/Src/main.o
                0x08000f78                main
 .text.SystemClock_Config
                0x08001174       0xfc ./Core/Src/main.o
 .text.gyro_disable
                0x08001270       0xc0 ./Core/Src/main.o
 .text._close   0x08001330        0xe ./Core/Src/main.o
                0x08001330                _close
 .text._lseek   0x0800133e        0xe ./Core/Src/main.o
                0x0800133e                _lseek
 .text._read    0x0800134c        0xe ./Core/Src/main.o
                0x0800134c                _read
 .text._write   0x0800135a        0xe ./Core/Src/main.o
                0x0800135a                _write
 .text.MX_USART1_UART_Init
                0x08001368       0x54 ./Core/Src/main.o
 .text.Error_Handler
                0x080013bc        0xc ./Core/Src/main.o
                0x080013bc                Error_Handler
 .text.MX_GPIO_Init
                0x080013c8       0x34 ./Core/Src/main.o
 .text.__NVIC_EnableIRQ
                0x080013fc       0x3c ./Core/Src/measuring.o
 .text.__NVIC_DisableIRQ
                0x08001438       0x48 ./Core/Src/measuring.o
 .text.__NVIC_ClearPendingIRQ
                0x08001480       0x3c ./Core/Src/measuring.o
 .text.ADC1_IN14_ADC2_IN15_dual_init
                0x080014bc      0x158 ./Core/Src/measuring.o
                0x080014bc                ADC1_IN14_ADC2_IN15_dual_init
 .text.MEAS_GPIO_analog_init
                0x08001614       0xc4 ./Core/Src/measuring.o
                0x08001614                MEAS_GPIO_analog_init
 .text.DAC_increment
                0x080016d8       0x38 ./Core/Src/measuring.o
                0x080016d8                DAC_increment
 .text.ADC_reset
                0x08001710       0x3c ./Core/Src/measuring.o
                0x08001710                ADC_reset
 .text.MEAS_timer_init
                0x0800174c       0x6c ./Core/Src/measuring.o
                0x0800174c                MEAS_timer_init
 .text.ADC3_IN4_DMA_init
                0x080017b8      0x120 ./Core/Src/measuring.o
                0x080017b8                ADC3_IN4_DMA_init
 .text.ADC3_IN4_DMA_start
                0x080018d8       0x44 ./Core/Src/measuring.o
                0x080018d8                ADC3_IN4_DMA_start
 .text.ADC1_IN13_ADC2_IN5_dual_init
                0x0800191c      0x158 ./Core/Src/measuring.o
                0x0800191c                ADC1_IN13_ADC2_IN5_dual_init
 .text.ADC1_IN13_ADC2_IN5_dual_start
                0x08001a74       0x54 ./Core/Src/measuring.o
                0x08001a74                ADC1_IN13_ADC2_IN5_dual_start
 .text.ADC1_IN14_ADC2_IN15_dual_start
                0x08001ac8       0x54 ./Core/Src/measuring.o
                0x08001ac8                ADC1_IN14_ADC2_IN15_dual_start
 .text.ADC2_IN13_IN5_scan_init
                0x08001b1c      0x144 ./Core/Src/measuring.o
                0x08001b1c                ADC2_IN13_IN5_scan_init
 .text.ADC2_IN13_IN5_scan_start
                0x08001c60       0x44 ./Core/Src/measuring.o
                0x08001c60                ADC2_IN13_IN5_scan_start
 .text.ADC3_IN13_IN4_scan_init
                0x08001ca4      0x144 ./Core/Src/measuring.o
                0x08001ca4                ADC3_IN13_IN4_scan_init
 .text.ADC3_IN13_IN4_scan_start
                0x08001de8       0x44 ./Core/Src/measuring.o
                0x08001de8                ADC3_IN13_IN4_scan_start
 .text.TIM2_IRQHandler
                0x08001e2c       0x28 ./Core/Src/measuring.o
                0x08001e2c                TIM2_IRQHandler
 .text.ADC_IRQHandler
                0x08001e54       0x68 ./Core/Src/measuring.o
                0x08001e54                ADC_IRQHandler
 .text.DMA2_Stream1_IRQHandler
                0x08001ebc       0x88 ./Core/Src/measuring.o
                0x08001ebc                DMA2_Stream1_IRQHandler
 .text.DMA2_Stream3_IRQHandler
                0x08001f44       0x88 ./Core/Src/measuring.o
                0x08001f44                DMA2_Stream3_IRQHandler
 .text.DMA2_Stream4_IRQHandler
                0x08001fcc       0xe4 ./Core/Src/measuring.o
                0x08001fcc                DMA2_Stream4_IRQHandler
 .text.FMCW_prepareFft
                0x080020b0       0x60 ./Core/Src/measuring.o
                0x080020b0                FMCW_prepareFft
 .text.FMCW_separateSamples
                0x08002110      0x120 ./Core/Src/measuring.o
                0x08002110                FMCW_separateSamples
 .text.FMCW_applyHanningWindow
                0x08002230       0xac ./Core/Src/measuring.o
                0x08002230                FMCW_applyHanningWindow
 .text.FMCW_doFft
                0x080022dc       0x2c ./Core/Src/measuring.o
                0x080022dc                FMCW_doFft
 .text.FMCW_convertFftToMagnitude
                0x08002308       0x74 ./Core/Src/measuring.o
                0x08002308                FMCW_convertFftToMagnitude
 .text.FMCW_getPeakMangitudeFrequency
                0x0800237c       0xd4 ./Core/Src/measuring.o
                0x0800237c                FMCW_getPeakMangitudeFrequency
 .text.FMCW_getRadialVelocity
                0x08002450      0x194 ./Core/Src/measuring.o
                0x08002450                FMCW_getRadialVelocity
 .text.FMCW_applyCalibrationFft
                0x080025e4       0x58 ./Core/Src/measuring.o
                0x080025e4                FMCW_applyCalibrationFft
 .text.FMCW_calibrateFft
                0x0800263c      0x118 ./Core/Src/measuring.o
                0x0800263c                FMCW_calibrateFft
 .text.show_data_menu_zero
                0x08002754      0x1e0 ./Core/Src/measuring.o
                0x08002754                show_data_menu_zero
 .text.show_data_menu_one
                0x08002934      0x12c ./Core/Src/measuring.o
                0x08002934                show_data_menu_one
 .text.MENU_draw
                0x08002a60      0x15c ./Core/Src/menu.o
                0x08002a60                MENU_draw
 .text.MENU_hint
                0x08002bbc       0x9c ./Core/Src/menu.o
                0x08002bbc                MENU_hint
 .text.MENU_get_transition
                0x08002c58       0x18 ./Core/Src/menu.o
                0x08002c58                MENU_get_transition
 .text.MENU_check_transition
                0x08002c70       0xd8 ./Core/Src/menu.o
                0x08002c70                MENU_check_transition
 .text.EXTI15_10_IRQHandler
                0x08002d48       0x44 ./Core/Src/menu.o
                0x08002d48                EXTI15_10_IRQHandler
 .text.__NVIC_EnableIRQ
                0x08002d8c       0x3c ./Core/Src/pushbutton.o
 .text.__NVIC_ClearPendingIRQ
                0x08002dc8       0x3c ./Core/Src/pushbutton.o
 .text.PB_init  0x08002e04       0x40 ./Core/Src/pushbutton.o
                0x08002e04                PB_init
 .text.PB_enableIRQ
                0x08002e44       0x64 ./Core/Src/pushbutton.o
                0x08002e44                PB_enableIRQ
 .text.EXTI0_IRQHandler
                0x08002ea8       0x34 ./Core/Src/pushbutton.o
                0x08002ea8                EXTI0_IRQHandler
 .text.HAL_MspInit
                0x08002edc       0x50 ./Core/Src/stm32f4xx_hal_msp.o
                0x08002edc                HAL_MspInit
 .text.HAL_UART_MspInit
                0x08002f2c       0xa0 ./Core/Src/stm32f4xx_hal_msp.o
                0x08002f2c                HAL_UART_MspInit
 .text.NMI_Handler
                0x08002fcc        0xe ./Core/Src/stm32f4xx_it.o
                0x08002fcc                NMI_Handler
 .text.HardFault_Handler
                0x08002fda        0x8 ./Core/Src/stm32f4xx_it.o
                0x08002fda                HardFault_Handler
 .text.MemManage_Handler
                0x08002fe2        0x8 ./Core/Src/stm32f4xx_it.o
                0x08002fe2                MemManage_Handler
 .text.BusFault_Handler
                0x08002fea        0x8 ./Core/Src/stm32f4xx_it.o
                0x08002fea                BusFault_Handler
 .text.UsageFault_Handler
                0x08002ff2        0x8 ./Core/Src/stm32f4xx_it.o
                0x08002ff2                UsageFault_Handler
 .text.SVC_Handler
                0x08002ffa        0xe ./Core/Src/stm32f4xx_it.o
                0x08002ffa                SVC_Handler
 .text.DebugMon_Handler
                0x08003008        0xe ./Core/Src/stm32f4xx_it.o
                0x08003008                DebugMon_Handler
 .text.PendSV_Handler
                0x08003016        0xe ./Core/Src/stm32f4xx_it.o
                0x08003016                PendSV_Handler
 .text.SysTick_Handler
                0x08003024        0xc ./Core/Src/stm32f4xx_it.o
                0x08003024                SysTick_Handler
 .text.SystemInit
                0x08003030       0x6c ./Core/Src/system_stm32f4xx.o
                0x08003030                SystemInit
 .text.Reset_Handler
                0x0800309c       0x50 ./Core/Startup/startup_stm32f429zitx.o
                0x0800309c                Reset_Handler
 .text.Default_Handler
                0x080030ec        0x2 ./Core/Startup/startup_stm32f429zitx.o
                0x080030ec                RTC_Alarm_IRQHandler
                0x080030ec                HASH_RNG_IRQHandler
                0x080030ec                EXTI2_IRQHandler
                0x080030ec                TIM8_CC_IRQHandler
                0x080030ec                UART8_IRQHandler
                0x080030ec                SPI4_IRQHandler
                0x080030ec                TIM1_CC_IRQHandler
                0x080030ec                DMA2_Stream5_IRQHandler
                0x080030ec                DMA1_Stream5_IRQHandler
                0x080030ec                PVD_IRQHandler
                0x080030ec                SDIO_IRQHandler
                0x080030ec                TAMP_STAMP_IRQHandler
                0x080030ec                CAN2_RX1_IRQHandler
                0x080030ec                EXTI3_IRQHandler
                0x080030ec                TIM8_TRG_COM_TIM14_IRQHandler
                0x080030ec                TIM1_UP_TIM10_IRQHandler
                0x080030ec                TIM8_UP_TIM13_IRQHandler
                0x080030ec                I2C3_ER_IRQHandler
                0x080030ec                I2C2_EV_IRQHandler
                0x080030ec                DMA1_Stream2_IRQHandler
                0x080030ec                CAN1_RX0_IRQHandler
                0x080030ec                FPU_IRQHandler
                0x080030ec                OTG_HS_WKUP_IRQHandler
                0x080030ec                LTDC_ER_IRQHandler
                0x080030ec                CAN2_SCE_IRQHandler
                0x080030ec                DMA2_Stream2_IRQHandler
                0x080030ec                SPI1_IRQHandler
                0x080030ec                TIM6_DAC_IRQHandler
                0x080030ec                TIM1_BRK_TIM9_IRQHandler
                0x080030ec                DCMI_IRQHandler
                0x080030ec                CAN2_RX0_IRQHandler
                0x080030ec                USART6_IRQHandler
                0x080030ec                USART3_IRQHandler
                0x080030ec                CAN1_RX1_IRQHandler
                0x080030ec                UART5_IRQHandler
                0x080030ec                DMA2_Stream0_IRQHandler
                0x080030ec                TIM4_IRQHandler
                0x080030ec                I2C1_EV_IRQHandler
                0x080030ec                DMA1_Stream6_IRQHandler
                0x080030ec                DMA1_Stream1_IRQHandler
                0x080030ec                UART4_IRQHandler
                0x080030ec                TIM3_IRQHandler
                0x080030ec                RCC_IRQHandler
                0x080030ec                TIM8_BRK_TIM12_IRQHandler
                0x080030ec                Default_Handler
                0x080030ec                DMA1_Stream7_IRQHandler
                0x080030ec                SPI5_IRQHandler
                0x080030ec                TIM7_IRQHandler
                0x080030ec                CAN2_TX_IRQHandler
                0x080030ec                TIM5_IRQHandler
                0x080030ec                DMA2_Stream7_IRQHandler
                0x080030ec                I2C3_EV_IRQHandler
                0x080030ec                EXTI9_5_IRQHandler
                0x080030ec                RTC_WKUP_IRQHandler
                0x080030ec                LTDC_IRQHandler
                0x080030ec                ETH_WKUP_IRQHandler
                0x080030ec                SPI2_IRQHandler
                0x080030ec                OTG_HS_EP1_IN_IRQHandler
                0x080030ec                DMA1_Stream0_IRQHandler
                0x080030ec                CAN1_TX_IRQHandler
                0x080030ec                EXTI4_IRQHandler
                0x080030ec                ETH_IRQHandler
                0x080030ec                OTG_HS_EP1_OUT_IRQHandler
                0x080030ec                WWDG_IRQHandler
                0x080030ec                SPI6_IRQHandler
                0x080030ec                OTG_FS_WKUP_IRQHandler
                0x080030ec                TIM1_TRG_COM_TIM11_IRQHandler
                0x080030ec                OTG_HS_IRQHandler
                0x080030ec                DMA2D_IRQHandler
                0x080030ec                EXTI1_IRQHandler
                0x080030ec                UART7_IRQHandler
                0x080030ec                USART2_IRQHandler
                0x080030ec                I2C2_ER_IRQHandler
                0x080030ec                CAN1_SCE_IRQHandler
                0x080030ec                FLASH_IRQHandler
                0x080030ec                USART1_IRQHandler
                0x080030ec                OTG_FS_IRQHandler
                0x080030ec                SPI3_IRQHandler
                0x080030ec                DMA1_Stream4_IRQHandler
                0x080030ec                I2C1_ER_IRQHandler
                0x080030ec                FMC_IRQHandler
                0x080030ec                DMA2_Stream6_IRQHandler
                0x080030ec                SAI1_IRQHandler
                0x080030ec                DMA1_Stream3_IRQHandler
 .text.ili9341_Init
                0x080030ee      0x294 ./Drivers/BSP/Components/ili9341/ili9341.o
                0x080030ee                ili9341_Init
 .text.ili9341_ReadID
                0x08003382       0x18 ./Drivers/BSP/Components/ili9341/ili9341.o
                0x08003382                ili9341_ReadID
 .text.ili9341_DisplayOn
                0x0800339a        0xe ./Drivers/BSP/Components/ili9341/ili9341.o
                0x0800339a                ili9341_DisplayOn
 .text.ili9341_DisplayOff
                0x080033a8        0xe ./Drivers/BSP/Components/ili9341/ili9341.o
                0x080033a8                ili9341_DisplayOff
 .text.ili9341_WriteReg
                0x080033b6       0x1a ./Drivers/BSP/Components/ili9341/ili9341.o
                0x080033b6                ili9341_WriteReg
 .text.ili9341_WriteData
                0x080033d0       0x1a ./Drivers/BSP/Components/ili9341/ili9341.o
                0x080033d0                ili9341_WriteData
 .text.ili9341_ReadData
                0x080033ea       0x26 ./Drivers/BSP/Components/ili9341/ili9341.o
                0x080033ea                ili9341_ReadData
 .text.ili9341_GetLcdPixelWidth
                0x08003410       0x10 ./Drivers/BSP/Components/ili9341/ili9341.o
                0x08003410                ili9341_GetLcdPixelWidth
 .text.ili9341_GetLcdPixelHeight
                0x08003420       0x12 ./Drivers/BSP/Components/ili9341/ili9341.o
                0x08003420                ili9341_GetLcdPixelHeight
 *fill*         0x08003432        0x2 
 .text.stmpe811_Init
                0x08003434       0x50 ./Drivers/BSP/Components/stmpe811/stmpe811.o
                0x08003434                stmpe811_Init
 .text.stmpe811_Reset
                0x08003484       0x3a ./Drivers/BSP/Components/stmpe811/stmpe811.o
                0x08003484                stmpe811_Reset
 .text.stmpe811_ReadID
                0x080034be       0x3e ./Drivers/BSP/Components/stmpe811/stmpe811.o
                0x080034be                stmpe811_ReadID
 .text.stmpe811_EnableGlobalIT
                0x080034fc       0x3c ./Drivers/BSP/Components/stmpe811/stmpe811.o
                0x080034fc                stmpe811_EnableGlobalIT
 .text.stmpe811_DisableGlobalIT
                0x08003538       0x3c ./Drivers/BSP/Components/stmpe811/stmpe811.o
                0x08003538                stmpe811_DisableGlobalIT
 .text.stmpe811_EnableITSource
                0x08003574       0x42 ./Drivers/BSP/Components/stmpe811/stmpe811.o
                0x08003574                stmpe811_EnableITSource
 .text.stmpe811_DisableITSource
                0x080035b6       0x4c ./Drivers/BSP/Components/stmpe811/stmpe811.o
                0x080035b6                stmpe811_DisableITSource
 .text.stmpe811_ReadGITStatus
                0x08003602       0x2e ./Drivers/BSP/Components/stmpe811/stmpe811.o
                0x08003602                stmpe811_ReadGITStatus
 .text.stmpe811_ClearGlobalIT
                0x08003630       0x26 ./Drivers/BSP/Components/stmpe811/stmpe811.o
                0x08003630                stmpe811_ClearGlobalIT
 .text.stmpe811_IO_EnableAF
                0x08003656       0x48 ./Drivers/BSP/Components/stmpe811/stmpe811.o
                0x08003656                stmpe811_IO_EnableAF
 .text.stmpe811_TS_Start
                0x0800369e       0xf0 ./Drivers/BSP/Components/stmpe811/stmpe811.o
                0x0800369e                stmpe811_TS_Start
 .text.stmpe811_TS_DetectTouch
                0x0800378e       0x70 ./Drivers/BSP/Components/stmpe811/stmpe811.o
                0x0800378e                stmpe811_TS_DetectTouch
 .text.stmpe811_TS_GetXY
                0x080037fe       0x72 ./Drivers/BSP/Components/stmpe811/stmpe811.o
                0x080037fe                stmpe811_TS_GetXY
 .text.stmpe811_TS_EnableIT
                0x08003870       0x28 ./Drivers/BSP/Components/stmpe811/stmpe811.o
                0x08003870                stmpe811_TS_EnableIT
 .text.stmpe811_TS_DisableIT
                0x08003898       0x24 ./Drivers/BSP/Components/stmpe811/stmpe811.o
                0x08003898                stmpe811_TS_DisableIT
 .text.stmpe811_TS_ITStatus
                0x080038bc       0x1e ./Drivers/BSP/Components/stmpe811/stmpe811.o
                0x080038bc                stmpe811_TS_ITStatus
 .text.stmpe811_TS_ClearIT
                0x080038da       0x1c ./Drivers/BSP/Components/stmpe811/stmpe811.o
                0x080038da                stmpe811_TS_ClearIT
 *fill*         0x080038f6        0x2 
 .text.stmpe811_GetInstance
                0x080038f8       0x44 ./Drivers/BSP/Components/stmpe811/stmpe811.o
 .text.BSP_LED_Init
                0x0800393c       0xa8 ./Drivers/BSP/STM32F429I-Discovery/stm32f429i_discovery.o
                0x0800393c                BSP_LED_Init
 .text.BSP_LED_Toggle
                0x080039e4       0x34 ./Drivers/BSP/STM32F429I-Discovery/stm32f429i_discovery.o
                0x080039e4                BSP_LED_Toggle
 .text.I2Cx_MspInit
                0x08003a18       0xec ./Drivers/BSP/STM32F429I-Discovery/stm32f429i_discovery.o
 .text.I2Cx_Init
                0x08003b04       0x64 ./Drivers/BSP/STM32F429I-Discovery/stm32f429i_discovery.o
 .text.I2Cx_ITConfig
                0x08003b68       0x64 ./Drivers/BSP/STM32F429I-Discovery/stm32f429i_discovery.o
 .text.I2Cx_WriteData
                0x08003bcc       0x54 ./Drivers/BSP/STM32F429I-Discovery/stm32f429i_discovery.o
 .text.I2Cx_ReadData
                0x08003c20       0x58 ./Drivers/BSP/STM32F429I-Discovery/stm32f429i_discovery.o
 .text.I2Cx_ReadBuffer
                0x08003c78       0x5c ./Drivers/BSP/STM32F429I-Discovery/stm32f429i_discovery.o
 .text.I2Cx_Error
                0x08003cd4       0x18 ./Drivers/BSP/STM32F429I-Discovery/stm32f429i_discovery.o
 .text.SPIx_Init
                0x08003cec       0x74 ./Drivers/BSP/STM32F429I-Discovery/stm32f429i_discovery.o
 .text.SPIx_Read
                0x08003d60       0x40 ./Drivers/BSP/STM32F429I-Discovery/stm32f429i_discovery.o
 .text.SPIx_Write
                0x08003da0       0x3c ./Drivers/BSP/STM32F429I-Discovery/stm32f429i_discovery.o
 .text.SPIx_Error
                0x08003ddc       0x18 ./Drivers/BSP/STM32F429I-Discovery/stm32f429i_discovery.o
 .text.SPIx_MspInit
                0x08003df4       0x74 ./Drivers/BSP/STM32F429I-Discovery/stm32f429i_discovery.o
 .text.LCD_IO_Init
                0x08003e68       0xf0 ./Drivers/BSP/STM32F429I-Discovery/stm32f429i_discovery.o
                0x08003e68                LCD_IO_Init
 .text.LCD_IO_WriteData
                0x08003f58       0x44 ./Drivers/BSP/STM32F429I-Discovery/stm32f429i_discovery.o
                0x08003f58                LCD_IO_WriteData
 .text.LCD_IO_WriteReg
                0x08003f9c       0x44 ./Drivers/BSP/STM32F429I-Discovery/stm32f429i_discovery.o
                0x08003f9c                LCD_IO_WriteReg
 .text.LCD_IO_ReadData
                0x08003fe0       0x64 ./Drivers/BSP/STM32F429I-Discovery/stm32f429i_discovery.o
                0x08003fe0                LCD_IO_ReadData
 .text.LCD_Delay
                0x08004044       0x16 ./Drivers/BSP/STM32F429I-Discovery/stm32f429i_discovery.o
                0x08004044                LCD_Delay
 .text.IOE_Init
                0x0800405a        0xc ./Drivers/BSP/STM32F429I-Discovery/stm32f429i_discovery.o
                0x0800405a                IOE_Init
 .text.IOE_ITConfig
                0x08004066        0xc ./Drivers/BSP/STM32F429I-Discovery/stm32f429i_discovery.o
                0x08004066                IOE_ITConfig
 .text.IOE_Write
                0x08004072       0x26 ./Drivers/BSP/STM32F429I-Discovery/stm32f429i_discovery.o
                0x08004072                IOE_Write
 .text.IOE_Read
                0x08004098       0x26 ./Drivers/BSP/STM32F429I-Discovery/stm32f429i_discovery.o
                0x08004098                IOE_Read
 .text.IOE_ReadMultiple
                0x080040be       0x2c ./Drivers/BSP/STM32F429I-Discovery/stm32f429i_discovery.o
                0x080040be                IOE_ReadMultiple
 .text.IOE_Delay
                0x080040ea       0x16 ./Drivers/BSP/STM32F429I-Discovery/stm32f429i_discovery.o
                0x080040ea                IOE_Delay
 .text.BSP_LCD_Init_Flipped
                0x08004100       0x18 ./Drivers/BSP/STM32F429I-Discovery/stm32f429i_discovery_lcd.o
                0x08004100                BSP_LCD_Init_Flipped
 .text.BSP_LCD_Init
                0x08004118       0xd4 ./Drivers/BSP/STM32F429I-Discovery/stm32f429i_discovery_lcd.o
                0x08004118                BSP_LCD_Init
 .text.BSP_LCD_GetXSize
                0x080041ec       0x18 ./Drivers/BSP/STM32F429I-Discovery/stm32f429i_discovery_lcd.o
                0x080041ec                BSP_LCD_GetXSize
 .text.BSP_LCD_GetYSize
                0x08004204       0x18 ./Drivers/BSP/STM32F429I-Discovery/stm32f429i_discovery_lcd.o
                0x08004204                BSP_LCD_GetYSize
 .text.BSP_LCD_LayerDefaultInit
                0x0800421c       0xc8 ./Drivers/BSP/STM32F429I-Discovery/stm32f429i_discovery_lcd.o
                0x0800421c                BSP_LCD_LayerDefaultInit
 .text.BSP_LCD_SelectLayer
                0x080042e4       0x20 ./Drivers/BSP/STM32F429I-Discovery/stm32f429i_discovery_lcd.o
                0x080042e4                BSP_LCD_SelectLayer
 .text.BSP_LCD_SetTextColor
                0x08004304       0x30 ./Drivers/BSP/STM32F429I-Discovery/stm32f429i_discovery_lcd.o
                0x08004304                BSP_LCD_SetTextColor
 .text.BSP_LCD_SetBackColor
                0x08004334       0x34 ./Drivers/BSP/STM32F429I-Discovery/stm32f429i_discovery_lcd.o
                0x08004334                BSP_LCD_SetBackColor
 .text.BSP_LCD_SetFont
                0x08004368       0x34 ./Drivers/BSP/STM32F429I-Discovery/stm32f429i_discovery_lcd.o
                0x08004368                BSP_LCD_SetFont
 .text.BSP_LCD_Clear
                0x0800439c       0x50 ./Drivers/BSP/STM32F429I-Discovery/stm32f429i_discovery_lcd.o
                0x0800439c                BSP_LCD_Clear
 .text.BSP_LCD_DisplayChar
                0x080043ec       0x88 ./Drivers/BSP/STM32F429I-Discovery/stm32f429i_discovery_lcd.o
                0x080043ec                BSP_LCD_DisplayChar
 .text.BSP_LCD_DisplayStringAt
                0x08004474      0x17c ./Drivers/BSP/STM32F429I-Discovery/stm32f429i_discovery_lcd.o
                0x08004474                BSP_LCD_DisplayStringAt
 .text.BSP_LCD_DrawLine
                0x080045f0      0x194 ./Drivers/BSP/STM32F429I-Discovery/stm32f429i_discovery_lcd.o
                0x080045f0                BSP_LCD_DrawLine
 .text.BSP_LCD_FillRect
                0x08004784      0x104 ./Drivers/BSP/STM32F429I-Discovery/stm32f429i_discovery_lcd.o
                0x08004784                BSP_LCD_FillRect
 .text.BSP_LCD_DisplayOn
                0x08004888       0x20 ./Drivers/BSP/STM32F429I-Discovery/stm32f429i_discovery_lcd.o
                0x08004888                BSP_LCD_DisplayOn
 .text.BSP_LCD_MspInit
                0x080048a8      0x1ac ./Drivers/BSP/STM32F429I-Discovery/stm32f429i_discovery_lcd.o
                0x080048a8                BSP_LCD_MspInit
 .text.BSP_LCD_DrawPixel
                0x08004a54       0x98 ./Drivers/BSP/STM32F429I-Discovery/stm32f429i_discovery_lcd.o
                0x08004a54                BSP_LCD_DrawPixel
 .text.DrawChar
                0x08004aec      0x174 ./Drivers/BSP/STM32F429I-Discovery/stm32f429i_discovery_lcd.o
 .text.FillBuffer
                0x08004c60       0x70 ./Drivers/BSP/STM32F429I-Discovery/stm32f429i_discovery_lcd.o
 .text.BSP_SDRAM_Init
                0x08004cd0       0xbc ./Drivers/BSP/STM32F429I-Discovery/stm32f429i_discovery_sdram.o
                0x08004cd0                BSP_SDRAM_Init
 .text.BSP_SDRAM_Initialization_sequence
                0x08004d8c       0xc0 ./Drivers/BSP/STM32F429I-Discovery/stm32f429i_discovery_sdram.o
                0x08004d8c                BSP_SDRAM_Initialization_sequence
 .text.BSP_SDRAM_MspInit
                0x08004e4c      0x218 ./Drivers/BSP/STM32F429I-Discovery/stm32f429i_discovery_sdram.o
                0x08004e4c                BSP_SDRAM_MspInit
 .text.BSP_TS_Init
                0x08005064       0x74 ./Drivers/BSP/STM32F429I-Discovery/stm32f429i_discovery_ts.o
                0x08005064                BSP_TS_Init
 .text.BSP_TS_ITGetStatus
                0x080050d8       0x18 ./Drivers/BSP/STM32F429I-Discovery/stm32f429i_discovery_ts.o
                0x080050d8                BSP_TS_ITGetStatus
 .text.BSP_TS_GetState
                0x080050f0      0x164 ./Drivers/BSP/STM32F429I-Discovery/stm32f429i_discovery_ts.o
                0x080050f0                BSP_TS_GetState
 .text.BSP_TS_ITClear
                0x08005254       0x18 ./Drivers/BSP/STM32F429I-Discovery/stm32f429i_discovery_ts.o
                0x08005254                BSP_TS_ITClear
 .text.arm_cfft_init_f32
                0x0800526c      0x1a4 ./Drivers/CMSIS/DSP/Source/arm_cfft_init_f32.o
                0x0800526c                arm_cfft_init_f32
 .text.HAL_Init
                0x08005410       0x44 ./Drivers/STM32F4xx_HAL_Driver/Src/stm32f4xx_hal.o
                0x08005410                HAL_Init
 .text.HAL_InitTick
                0x08005454       0x60 ./Drivers/STM32F4xx_HAL_Driver/Src/stm32f4xx_hal.o
                0x08005454                HAL_InitTick
 .text.HAL_IncTick
                0x080054b4       0x28 ./Drivers/STM32F4xx_HAL_Driver/Src/stm32f4xx_hal.o
                0x080054b4                HAL_IncTick
 .text.HAL_GetTick
                0x080054dc       0x18 ./Drivers/STM32F4xx_HAL_Driver/Src/stm32f4xx_hal.o
                0x080054dc                HAL_GetTick
 .text.HAL_Delay
                0x080054f4       0x48 ./Drivers/STM32F4xx_HAL_Driver/Src/stm32f4xx_hal.o
                0x080054f4                HAL_Delay
 .text.__NVIC_SetPriorityGrouping
                0x0800553c       0x48 ./Drivers/STM32F4xx_HAL_Driver/Src/stm32f4xx_hal_cortex.o
 .text.__NVIC_GetPriorityGrouping
                0x08005584       0x1c ./Drivers/STM32F4xx_HAL_Driver/Src/stm32f4xx_hal_cortex.o
 .text.__NVIC_EnableIRQ
                0x080055a0       0x3c ./Drivers/STM32F4xx_HAL_Driver/Src/stm32f4xx_hal_cortex.o
 .text.__NVIC_SetPriority
                0x080055dc       0x54 ./Drivers/STM32F4xx_HAL_Driver/Src/stm32f4xx_hal_cortex.o
 .text.NVIC_EncodePriority
                0x08005630       0x66 ./Drivers/STM32F4xx_HAL_Driver/Src/stm32f4xx_hal_cortex.o
 *fill*         0x08005696        0x2 
 .text.SysTick_Config
                0x08005698       0x44 ./Drivers/STM32F4xx_HAL_Driver/Src/stm32f4xx_hal_cortex.o
 .text.HAL_NVIC_SetPriorityGrouping
                0x080056dc       0x16 ./Drivers/STM32F4xx_HAL_Driver/Src/stm32f4xx_hal_cortex.o
                0x080056dc                HAL_NVIC_SetPriorityGrouping
 .text.HAL_NVIC_SetPriority
                0x080056f2       0x38 ./Drivers/STM32F4xx_HAL_Driver/Src/stm32f4xx_hal_cortex.o
                0x080056f2                HAL_NVIC_SetPriority
 .text.HAL_NVIC_EnableIRQ
                0x0800572a       0x1c ./Drivers/STM32F4xx_HAL_Driver/Src/stm32f4xx_hal_cortex.o
                0x0800572a                HAL_NVIC_EnableIRQ
 .text.HAL_SYSTICK_Config
                0x08005746       0x18 ./Drivers/STM32F4xx_HAL_Driver/Src/stm32f4xx_hal_cortex.o
                0x08005746                HAL_SYSTICK_Config
 *fill*         0x0800575e        0x2 
 .text.HAL_DMA_Init
                0x08005760      0x15c ./Drivers/STM32F4xx_HAL_Driver/Src/stm32f4xx_hal_dma.o
                0x08005760                HAL_DMA_Init
 .text.HAL_DMA_DeInit
                0x080058bc       0xbc ./Drivers/STM32F4xx_HAL_Driver/Src/stm32f4xx_hal_dma.o
                0x080058bc                HAL_DMA_DeInit
 .text.DMA_CalcBaseAndBitshift
                0x08005978       0x6c ./Drivers/STM32F4xx_HAL_Driver/Src/stm32f4xx_hal_dma.o
 .text.DMA_CheckFifoParam
                0x080059e4       0xf8 ./Drivers/STM32F4xx_HAL_Driver/Src/stm32f4xx_hal_dma.o
 .text.HAL_DMA2D_Init
                0x08005adc       0x92 ./Drivers/STM32F4xx_HAL_Driver/Src/stm32f4xx_hal_dma2d.o
                0x08005adc                HAL_DMA2D_Init
 .text.HAL_DMA2D_MspInit
                0x08005b6e       0x14 ./Drivers/STM32F4xx_HAL_Driver/Src/stm32f4xx_hal_dma2d.o
                0x08005b6e                HAL_DMA2D_MspInit
 .text.HAL_DMA2D_Start
                0x08005b82       0x56 ./Drivers/STM32F4xx_HAL_Driver/Src/stm32f4xx_hal_dma2d.o
                0x08005b82                HAL_DMA2D_Start
 .text.HAL_DMA2D_PollForTransfer
                0x08005bd8      0x1d2 ./Drivers/STM32F4xx_HAL_Driver/Src/stm32f4xx_hal_dma2d.o
                0x08005bd8                HAL_DMA2D_PollForTransfer
 *fill*         0x08005daa        0x2 
 .text.HAL_DMA2D_ConfigLayer
                0x08005dac      0x124 ./Drivers/STM32F4xx_HAL_Driver/Src/stm32f4xx_hal_dma2d.o
                0x08005dac                HAL_DMA2D_ConfigLayer
 .text.DMA2D_SetConfig
                0x08005ed0      0x138 ./Drivers/STM32F4xx_HAL_Driver/Src/stm32f4xx_hal_dma2d.o
 .text.HAL_GPIO_Init
                0x08006008      0x358 ./Drivers/STM32F4xx_HAL_Driver/Src/stm32f4xx_hal_gpio.o
                0x08006008                HAL_GPIO_Init
 .text.HAL_GPIO_WritePin
                0x08006360       0x32 ./Drivers/STM32F4xx_HAL_Driver/Src/stm32f4xx_hal_gpio.o
                0x08006360                HAL_GPIO_WritePin
 .text.HAL_GPIO_TogglePin
                0x08006392       0x36 ./Drivers/STM32F4xx_HAL_Driver/Src/stm32f4xx_hal_gpio.o
                0x08006392                HAL_GPIO_TogglePin
 .text.HAL_I2C_Init
                0x080063c8      0x288 ./Drivers/STM32F4xx_HAL_Driver/Src/stm32f4xx_hal_i2c.o
                0x080063c8                HAL_I2C_Init
 .text.HAL_I2C_DeInit
                0x08006650       0x5e ./Drivers/STM32F4xx_HAL_Driver/Src/stm32f4xx_hal_i2c.o
                0x08006650                HAL_I2C_DeInit
 .text.HAL_I2C_MspInit
                0x080066ae       0x14 ./Drivers/STM32F4xx_HAL_Driver/Src/stm32f4xx_hal_i2c.o
                0x080066ae                HAL_I2C_MspInit
 .text.HAL_I2C_MspDeInit
                0x080066c2       0x14 ./Drivers/STM32F4xx_HAL_Driver/Src/stm32f4xx_hal_i2c.o
                0x080066c2                HAL_I2C_MspDeInit
 *fill*         0x080066d6        0x2 
 .text.HAL_I2C_Mem_Write
                0x080066d8      0x1f4 ./Drivers/STM32F4xx_HAL_Driver/Src/stm32f4xx_hal_i2c.o
                0x080066d8                HAL_I2C_Mem_Write
 .text.HAL_I2C_Mem_Read
                0x080068cc      0x44c ./Drivers/STM32F4xx_HAL_Driver/Src/stm32f4xx_hal_i2c.o
                0x080068cc                HAL_I2C_Mem_Read
 .text.HAL_I2C_GetState
                0x08006d18       0x1c ./Drivers/STM32F4xx_HAL_Driver/Src/stm32f4xx_hal_i2c.o
                0x08006d18                HAL_I2C_GetState
 .text.I2C_RequestMemoryWrite
                0x08006d34      0x128 ./Drivers/STM32F4xx_HAL_Driver/Src/stm32f4xx_hal_i2c.o
 .text.I2C_RequestMemoryRead
                0x08006e5c      0x1cc ./Drivers/STM32F4xx_HAL_Driver/Src/stm32f4xx_hal_i2c.o
 .text.I2C_WaitOnFlagUntilTimeout
                0x08007028       0xae ./Drivers/STM32F4xx_HAL_Driver/Src/stm32f4xx_hal_i2c.o
 .text.I2C_WaitOnMasterAddressFlagUntilTimeout
                0x080070d6       0xfe ./Drivers/STM32F4xx_HAL_Driver/Src/stm32f4xx_hal_i2c.o
 .text.I2C_WaitOnTXEFlagUntilTimeout
                0x080071d4       0x82 ./Drivers/STM32F4xx_HAL_Driver/Src/stm32f4xx_hal_i2c.o
 .text.I2C_WaitOnBTFFlagUntilTimeout
                0x08007256       0x82 ./Drivers/STM32F4xx_HAL_Driver/Src/stm32f4xx_hal_i2c.o
 .text.I2C_WaitOnRXNEFlagUntilTimeout
                0x080072d8       0xac ./Drivers/STM32F4xx_HAL_Driver/Src/stm32f4xx_hal_i2c.o
 .text.I2C_IsAcknowledgeFailed
                0x08007384       0x5e ./Drivers/STM32F4xx_HAL_Driver/Src/stm32f4xx_hal_i2c.o
 *fill*         0x080073e2        0x2 
 .text.HAL_LTDC_Init
                0x080073e4      0x1a0 ./Drivers/STM32F4xx_HAL_Driver/Src/stm32f4xx_hal_ltdc.o
                0x080073e4                HAL_LTDC_Init
 .text.HAL_LTDC_MspInit
                0x08007584       0x14 ./Drivers/STM32F4xx_HAL_Driver/Src/stm32f4xx_hal_ltdc.o
                0x08007584                HAL_LTDC_MspInit
 .text.HAL_LTDC_ConfigLayer
                0x08007598       0x7c ./Drivers/STM32F4xx_HAL_Driver/Src/stm32f4xx_hal_ltdc.o
                0x08007598                HAL_LTDC_ConfigLayer
 .text.HAL_LTDC_EnableDither
                0x08007614       0x54 ./Drivers/STM32F4xx_HAL_Driver/Src/stm32f4xx_hal_ltdc.o
                0x08007614                HAL_LTDC_EnableDither
 .text.LTDC_SetConfig
                0x08007668      0x32e ./Drivers/STM32F4xx_HAL_Driver/Src/stm32f4xx_hal_ltdc.o
 *fill*         0x08007996        0x2 
 .text.HAL_RCC_OscConfig
                0x08007998      0x4dc ./Drivers/STM32F4xx_HAL_Driver/Src/stm32f4xx_hal_rcc.o
                0x08007998                HAL_RCC_OscConfig
 .text.HAL_RCC_ClockConfig
                0x08007e74      0x1cc ./Drivers/STM32F4xx_HAL_Driver/Src/stm32f4xx_hal_rcc.o
                0x08007e74                HAL_RCC_ClockConfig
 .text.HAL_RCC_GetSysClockFreq
                0x08008040      0x20c ./Drivers/STM32F4xx_HAL_Driver/Src/stm32f4xx_hal_rcc.o
                0x08008040                HAL_RCC_GetSysClockFreq
 .text.HAL_RCC_GetHCLKFreq
                0x0800824c       0x18 ./Drivers/STM32F4xx_HAL_Driver/Src/stm32f4xx_hal_rcc.o
                0x0800824c                HAL_RCC_GetHCLKFreq
 .text.HAL_RCC_GetPCLK1Freq
                0x08008264       0x28 ./Drivers/STM32F4xx_HAL_Driver/Src/stm32f4xx_hal_rcc.o
                0x08008264                HAL_RCC_GetPCLK1Freq
 .text.HAL_RCC_GetPCLK2Freq
                0x0800828c       0x28 ./Drivers/STM32F4xx_HAL_Driver/Src/stm32f4xx_hal_rcc.o
                0x0800828c                HAL_RCC_GetPCLK2Freq
 .text.HAL_RCCEx_PeriphCLKConfig
                0x080082b4      0x380 ./Drivers/STM32F4xx_HAL_Driver/Src/stm32f4xx_hal_rcc_ex.o
                0x080082b4                HAL_RCCEx_PeriphCLKConfig
 .text.HAL_SDRAM_Init
                0x08008634       0x68 ./Drivers/STM32F4xx_HAL_Driver/Src/stm32f4xx_hal_sdram.o
                0x08008634                HAL_SDRAM_Init
 .text.HAL_SDRAM_MspInit
                0x0800869c       0x14 ./Drivers/STM32F4xx_HAL_Driver/Src/stm32f4xx_hal_sdram.o
                0x0800869c                HAL_SDRAM_MspInit
 .text.HAL_SDRAM_SendCommand
                0x080086b0       0x56 ./Drivers/STM32F4xx_HAL_Driver/Src/stm32f4xx_hal_sdram.o
                0x080086b0                HAL_SDRAM_SendCommand
 .text.HAL_SDRAM_ProgramRefreshRate
                0x08008706       0x40 ./Drivers/STM32F4xx_HAL_Driver/Src/stm32f4xx_hal_sdram.o
                0x08008706                HAL_SDRAM_ProgramRefreshRate
 .text.HAL_SPI_Init
                0x08008746       0xd6 ./Drivers/STM32F4xx_HAL_Driver/Src/stm32f4xx_hal_spi.o
                0x08008746                HAL_SPI_Init
 .text.HAL_SPI_DeInit
                0x0800881c       0x50 ./Drivers/STM32F4xx_HAL_Driver/Src/stm32f4xx_hal_spi.o
                0x0800881c                HAL_SPI_DeInit
 .text.HAL_SPI_MspInit
                0x0800886c       0x14 ./Drivers/STM32F4xx_HAL_Driver/Src/stm32f4xx_hal_spi.o
                0x0800886c                HAL_SPI_MspInit
 .text.HAL_SPI_MspDeInit
                0x08008880       0x14 ./Drivers/STM32F4xx_HAL_Driver/Src/stm32f4xx_hal_spi.o
                0x08008880                HAL_SPI_MspDeInit
 .text.HAL_SPI_Transmit
                0x08008894      0x2ac ./Drivers/STM32F4xx_HAL_Driver/Src/stm32f4xx_hal_spi.o
                0x08008894                HAL_SPI_Transmit
 .text.HAL_SPI_Receive
                0x08008b40      0x2fe ./Drivers/STM32F4xx_HAL_Driver/Src/stm32f4xx_hal_spi.o
                0x08008b40                HAL_SPI_Receive
 .text.HAL_SPI_TransmitReceive
                0x08008e3e      0x41c ./Drivers/STM32F4xx_HAL_Driver/Src/stm32f4xx_hal_spi.o
                0x08008e3e                HAL_SPI_TransmitReceive
 .text.HAL_SPI_GetState
                0x0800925a       0x1c ./Drivers/STM32F4xx_HAL_Driver/Src/stm32f4xx_hal_spi.o
                0x0800925a                HAL_SPI_GetState
 .text.SPI_WaitFlagStateUntilTimeout
                0x08009276       0xd4 ./Drivers/STM32F4xx_HAL_Driver/Src/stm32f4xx_hal_spi.o
 .text.SPI_EndRxTransaction
                0x0800934a       0xca ./Drivers/STM32F4xx_HAL_Driver/Src/stm32f4xx_hal_spi.o
 .text.SPI_EndRxTxTransaction
                0x08009414       0x84 ./Drivers/STM32F4xx_HAL_Driver/Src/stm32f4xx_hal_spi.o
 .text.HAL_UART_Init
                0x08009498       0x9a ./Drivers/STM32F4xx_HAL_Driver/Src/stm32f4xx_hal_uart.o
                0x08009498                HAL_UART_Init
 .text.HAL_UART_Transmit
                0x08009532      0x132 ./Drivers/STM32F4xx_HAL_Driver/Src/stm32f4xx_hal_uart.o
                0x08009532                HAL_UART_Transmit
 .text.UART_WaitOnFlagUntilTimeout
                0x08009664       0x94 ./Drivers/STM32F4xx_HAL_Driver/Src/stm32f4xx_hal_uart.o
 .text.UART_SetConfig
                0x080096f8      0x9a0 ./Drivers/STM32F4xx_HAL_Driver/Src/stm32f4xx_hal_uart.o
 .text.FMC_SDRAM_Init
                0x0800a098       0xe6 ./Drivers/STM32F4xx_HAL_Driver/Src/stm32f4xx_ll_fmc.o
                0x0800a098                FMC_SDRAM_Init
 .text.FMC_SDRAM_Timing_Init
                0x0800a17e       0xfe ./Drivers/STM32F4xx_HAL_Driver/Src/stm32f4xx_ll_fmc.o
                0x0800a17e                FMC_SDRAM_Timing_Init
 .text.FMC_SDRAM_SendCommand
                0x0800a27c       0x78 ./Drivers/STM32F4xx_HAL_Driver/Src/stm32f4xx_ll_fmc.o
                0x0800a27c                FMC_SDRAM_SendCommand
 .text.FMC_SDRAM_ProgramRefreshRate
                0x0800a2f4       0x26 ./Drivers/STM32F4xx_HAL_Driver/Src/stm32f4xx_ll_fmc.o
                0x0800a2f4                FMC_SDRAM_ProgramRefreshRate
 *fill*         0x0800a31a        0x2 
 .text.arm_cfft_radix8by2_f32
                0x0800a31c      0x1a0 ../Drivers/CMSIS/Lib/GCC\libarm_cortexM4lf_math.a(arm_cfft_f32.o)
                0x0800a31c                arm_cfft_radix8by2_f32
 .text.arm_cfft_radix8by4_f32
                0x0800a4bc      0x4bc ../Drivers/CMSIS/Lib/GCC\libarm_cortexM4lf_math.a(arm_cfft_f32.o)
                0x0800a4bc                arm_cfft_radix8by4_f32
 .text.arm_cfft_f32
                0x0800a978       0xf4 ../Drivers/CMSIS/Lib/GCC\libarm_cortexM4lf_math.a(arm_cfft_f32.o)
                0x0800a978                arm_cfft_f32
 .text.arm_cos_f32
                0x0800aa6c       0x80 ../Drivers/CMSIS/Lib/GCC\libarm_cortexM4lf_math.a(arm_cos_f32.o)
                0x0800aa6c                arm_cos_f32
 .text.arm_radix8_butterfly_f32
                0x0800aaec      0x5e4 ../Drivers/CMSIS/Lib/GCC\libarm_cortexM4lf_math.a(arm_cfft_radix8_f32.o)
                0x0800aaec                arm_radix8_butterfly_f32
 .text.__cvt    0x0800b0d0       0xca C:/ST/STM32CubeIDE_1.16.1/STM32CubeIDE/plugins/com.st.stm32cube.ide.mcu.externaltools.gnu-tools-for-stm32.12.3.rel1.win32_1.0.200.202406191623/tools/bin/../lib/gcc/arm-none-eabi/12.3.1/../../../../arm-none-eabi/lib/thumb/v7e-m+fp/hard\libc_nano.a(libc_a-nano-vfprintf_float.o)
                0x0800b0d0                __cvt
 .text.__exponent
                0x0800b19a       0x74 C:/ST/STM32CubeIDE_1.16.1/STM32CubeIDE/plugins/com.st.stm32cube.ide.mcu.externaltools.gnu-tools-for-stm32.12.3.rel1.win32_1.0.200.202406191623/tools/bin/../lib/gcc/arm-none-eabi/12.3.1/../../../../arm-none-eabi/lib/thumb/v7e-m+fp/hard\libc_nano.a(libc_a-nano-vfprintf_float.o)
                0x0800b19a                __exponent
 *fill*         0x0800b20e        0x2 
 .text._printf_float
                0x0800b210      0x454 C:/ST/STM32CubeIDE_1.16.1/STM32CubeIDE/plugins/com.st.stm32cube.ide.mcu.externaltools.gnu-tools-for-stm32.12.3.rel1.win32_1.0.200.202406191623/tools/bin/../lib/gcc/arm-none-eabi/12.3.1/../../../../arm-none-eabi/lib/thumb/v7e-m+fp/hard\libc_nano.a(libc_a-nano-vfprintf_float.o)
                0x0800b210                _printf_float
 .text._printf_common
                0x0800b664       0xda C:/ST/STM32CubeIDE_1.16.1/STM32CubeIDE/plugins/com.st.stm32cube.ide.mcu.externaltools.gnu-tools-for-stm32.12.3.rel1.win32_1.0.200.202406191623/tools/bin/../lib/gcc/arm-none-eabi/12.3.1/../../../../arm-none-eabi/lib/thumb/v7e-m+fp/hard\libc_nano.a(libc_a-nano-vfprintf_i.o)
                0x0800b664                _printf_common
 *fill*         0x0800b73e        0x2 
 .text._printf_i
                0x0800b740      0x240 C:/ST/STM32CubeIDE_1.16.1/STM32CubeIDE/plugins/com.st.stm32cube.ide.mcu.externaltools.gnu-tools-for-stm32.12.3.rel1.win32_1.0.200.202406191623/tools/bin/../lib/gcc/arm-none-eabi/12.3.1/../../../../arm-none-eabi/lib/thumb/v7e-m+fp/hard\libc_nano.a(libc_a-nano-vfprintf_i.o)
                0x0800b740                _printf_i
 .text.std      0x0800b980       0x6c C:/ST/STM32CubeIDE_1.16.1/STM32CubeIDE/plugins/com.st.stm32cube.ide.mcu.externaltools.gnu-tools-for-stm32.12.3.rel1.win32_1.0.200.202406191623/tools/bin/../lib/gcc/arm-none-eabi/12.3.1/../../../../arm-none-eabi/lib/thumb/v7e-m+fp/hard\libc_nano.a(libc_a-findfp.o)
 .text.stdio_exit_handler
                0x0800b9ec       0x18 C:/ST/STM32CubeIDE_1.16.1/STM32CubeIDE/plugins/com.st.stm32cube.ide.mcu.externaltools.gnu-tools-for-stm32.12.3.rel1.win32_1.0.200.202406191623/tools/bin/../lib/gcc/arm-none-eabi/12.3.1/../../../../arm-none-eabi/lib/thumb/v7e-m+fp/hard\libc_nano.a(libc_a-findfp.o)
 .text.cleanup_stdio
                0x0800ba04       0x40 C:/ST/STM32CubeIDE_1.16.1/STM32CubeIDE/plugins/com.st.stm32cube.ide.mcu.externaltools.gnu-tools-for-stm32.12.3.rel1.win32_1.0.200.202406191623/tools/bin/../lib/gcc/arm-none-eabi/12.3.1/../../../../arm-none-eabi/lib/thumb/v7e-m+fp/hard\libc_nano.a(libc_a-findfp.o)
 .text.global_stdio_init.part.0
                0x0800ba44       0x3c C:/ST/STM32CubeIDE_1.16.1/STM32CubeIDE/plugins/com.st.stm32cube.ide.mcu.externaltools.gnu-tools-for-stm32.12.3.rel1.win32_1.0.200.202406191623/tools/bin/../lib/gcc/arm-none-eabi/12.3.1/../../../../arm-none-eabi/lib/thumb/v7e-m+fp/hard\libc_nano.a(libc_a-findfp.o)
 .text.__sfp_lock_acquire
                0x0800ba80        0xc C:/ST/STM32CubeIDE_1.16.1/STM32CubeIDE/plugins/com.st.stm32cube.ide.mcu.externaltools.gnu-tools-for-stm32.12.3.rel1.win32_1.0.200.202406191623/tools/bin/../lib/gcc/arm-none-eabi/12.3.1/../../../../arm-none-eabi/lib/thumb/v7e-m+fp/hard\libc_nano.a(libc_a-findfp.o)
                0x0800ba80                __sfp_lock_acquire
 .text.__sfp_lock_release
                0x0800ba8c        0xc C:/ST/STM32CubeIDE_1.16.1/STM32CubeIDE/plugins/com.st.stm32cube.ide.mcu.externaltools.gnu-tools-for-stm32.12.3.rel1.win32_1.0.200.202406191623/tools/bin/../lib/gcc/arm-none-eabi/12.3.1/../../../../arm-none-eabi/lib/thumb/v7e-m+fp/hard\libc_nano.a(libc_a-findfp.o)
                0x0800ba8c                __sfp_lock_release
 .text.__sinit  0x0800ba98       0x30 C:/ST/STM32CubeIDE_1.16.1/STM32CubeIDE/plugins/com.st.stm32cube.ide.mcu.externaltools.gnu-tools-for-stm32.12.3.rel1.win32_1.0.200.202406191623/tools/bin/../lib/gcc/arm-none-eabi/12.3.1/../../../../arm-none-eabi/lib/thumb/v7e-m+fp/hard\libc_nano.a(libc_a-findfp.o)
                0x0800ba98                __sinit
 .text._fwalk_sglue
                0x0800bac8       0x3c C:/ST/STM32CubeIDE_1.16.1/STM32CubeIDE/plugins/com.st.stm32cube.ide.mcu.externaltools.gnu-tools-for-stm32.12.3.rel1.win32_1.0.200.202406191623/tools/bin/../lib/gcc/arm-none-eabi/12.3.1/../../../../arm-none-eabi/lib/thumb/v7e-m+fp/hard\libc_nano.a(libc_a-fwalk.o)
                0x0800bac8                _fwalk_sglue
 .text.snprintf
                0x0800bb04       0x68 C:/ST/STM32CubeIDE_1.16.1/STM32CubeIDE/plugins/com.st.stm32cube.ide.mcu.externaltools.gnu-tools-for-stm32.12.3.rel1.win32_1.0.200.202406191623/tools/bin/../lib/gcc/arm-none-eabi/12.3.1/../../../../arm-none-eabi/lib/thumb/v7e-m+fp/hard\libc_nano.a(libc_a-snprintf.o)
                0x0800bb04                sniprintf
                0x0800bb04                snprintf
 .text.sprintf  0x0800bb6c       0x40 C:/ST/STM32CubeIDE_1.16.1/STM32CubeIDE/plugins/com.st.stm32cube.ide.mcu.externaltools.gnu-tools-for-stm32.12.3.rel1.win32_1.0.200.202406191623/tools/bin/../lib/gcc/arm-none-eabi/12.3.1/../../../../arm-none-eabi/lib/thumb/v7e-m+fp/hard\libc_nano.a(libc_a-sprintf.o)
                0x0800bb6c                siprintf
                0x0800bb6c                sprintf
 .text.__sread  0x0800bbac       0x22 C:/ST/STM32CubeIDE_1.16.1/STM32CubeIDE/plugins/com.st.stm32cube.ide.mcu.externaltools.gnu-tools-for-stm32.12.3.rel1.win32_1.0.200.202406191623/tools/bin/../lib/gcc/arm-none-eabi/12.3.1/../../../../arm-none-eabi/lib/thumb/v7e-m+fp/hard\libc_nano.a(libc_a-stdio.o)
                0x0800bbac                __sread
 .text.__swrite
                0x0800bbce       0x38 C:/ST/STM32CubeIDE_1.16.1/STM32CubeIDE/plugins/com.st.stm32cube.ide.mcu.externaltools.gnu-tools-for-stm32.12.3.rel1.win32_1.0.200.202406191623/tools/bin/../lib/gcc/arm-none-eabi/12.3.1/../../../../arm-none-eabi/lib/thumb/v7e-m+fp/hard\libc_nano.a(libc_a-stdio.o)
                0x0800bbce                __swrite
 .text.__sseek  0x0800bc06       0x24 C:/ST/STM32CubeIDE_1.16.1/STM32CubeIDE/plugins/com.st.stm32cube.ide.mcu.externaltools.gnu-tools-for-stm32.12.3.rel1.win32_1.0.200.202406191623/tools/bin/../lib/gcc/arm-none-eabi/12.3.1/../../../../arm-none-eabi/lib/thumb/v7e-m+fp/hard\libc_nano.a(libc_a-stdio.o)
                0x0800bc06                __sseek
 .text.__sclose
                0x0800bc2a        0x8 C:/ST/STM32CubeIDE_1.16.1/STM32CubeIDE/plugins/com.st.stm32cube.ide.mcu.externaltools.gnu-tools-for-stm32.12.3.rel1.win32_1.0.200.202406191623/tools/bin/../lib/gcc/arm-none-eabi/12.3.1/../../../../arm-none-eabi/lib/thumb/v7e-m+fp/hard\libc_nano.a(libc_a-stdio.o)
                0x0800bc2a                __sclose
 .text.memset   0x0800bc32       0x10 C:/ST/STM32CubeIDE_1.16.1/STM32CubeIDE/plugins/com.st.stm32cube.ide.mcu.externaltools.gnu-tools-for-stm32.12.3.rel1.win32_1.0.200.202406191623/tools/bin/../lib/gcc/arm-none-eabi/12.3.1/../../../../arm-none-eabi/lib/thumb/v7e-m+fp/hard\libc_nano.a(libc_a-memset.o)
                0x0800bc32                memset
 *fill*         0x0800bc42        0x2 
 .text._localeconv_r
                0x0800bc44        0x8 C:/ST/STM32CubeIDE_1.16.1/STM32CubeIDE/plugins/com.st.stm32cube.ide.mcu.externaltools.gnu-tools-for-stm32.12.3.rel1.win32_1.0.200.202406191623/tools/bin/../lib/gcc/arm-none-eabi/12.3.1/../../../../arm-none-eabi/lib/thumb/v7e-m+fp/hard\libc_nano.a(libc_a-localeconv.o)
                0x0800bc44                _localeconv_r
 .text._close_r
                0x0800bc4c       0x20 C:/ST/STM32CubeIDE_1.16.1/STM32CubeIDE/plugins/com.st.stm32cube.ide.mcu.externaltools.gnu-tools-for-stm32.12.3.rel1.win32_1.0.200.202406191623/tools/bin/../lib/gcc/arm-none-eabi/12.3.1/../../../../arm-none-eabi/lib/thumb/v7e-m+fp/hard\libc_nano.a(libc_a-closer.o)
                0x0800bc4c                _close_r
 .text._lseek_r
                0x0800bc6c       0x24 C:/ST/STM32CubeIDE_1.16.1/STM32CubeIDE/plugins/com.st.stm32cube.ide.mcu.externaltools.gnu-tools-for-stm32.12.3.rel1.win32_1.0.200.202406191623/tools/bin/../lib/gcc/arm-none-eabi/12.3.1/../../../../arm-none-eabi/lib/thumb/v7e-m+fp/hard\libc_nano.a(libc_a-lseekr.o)
                0x0800bc6c                _lseek_r
 .text._read_r  0x0800bc90       0x24 C:/ST/STM32CubeIDE_1.16.1/STM32CubeIDE/plugins/com.st.stm32cube.ide.mcu.externaltools.gnu-tools-for-stm32.12.3.rel1.win32_1.0.200.202406191623/tools/bin/../lib/gcc/arm-none-eabi/12.3.1/../../../../arm-none-eabi/lib/thumb/v7e-m+fp/hard\libc_nano.a(libc_a-readr.o)
                0x0800bc90                _read_r
 .text._write_r
                0x0800bcb4       0x24 C:/ST/STM32CubeIDE_1.16.1/STM32CubeIDE/plugins/com.st.stm32cube.ide.mcu.externaltools.gnu-tools-for-stm32.12.3.rel1.win32_1.0.200.202406191623/tools/bin/../lib/gcc/arm-none-eabi/12.3.1/../../../../arm-none-eabi/lib/thumb/v7e-m+fp/hard\libc_nano.a(libc_a-writer.o)
                0x0800bcb4                _write_r
 .text.__libc_init_array
                0x0800bcd8       0x48 C:/ST/STM32CubeIDE_1.16.1/STM32CubeIDE/plugins/com.st.stm32cube.ide.mcu.externaltools.gnu-tools-for-stm32.12.3.rel1.win32_1.0.200.202406191623/tools/bin/../lib/gcc/arm-none-eabi/12.3.1/../../../../arm-none-eabi/lib/thumb/v7e-m+fp/hard\libc_nano.a(libc_a-init.o)
                0x0800bcd8                __libc_init_array
 .text.__retarget_lock_init_recursive
                0x0800bd20        0x2 C:/ST/STM32CubeIDE_1.16.1/STM32CubeIDE/plugins/com.st.stm32cube.ide.mcu.externaltools.gnu-tools-for-stm32.12.3.rel1.win32_1.0.200.202406191623/tools/bin/../lib/gcc/arm-none-eabi/12.3.1/../../../../arm-none-eabi/lib/thumb/v7e-m+fp/hard\libc_nano.a(libc_a-lock.o)
                0x0800bd20                __retarget_lock_init_recursive
 .text.__retarget_lock_acquire_recursive
                0x0800bd22        0x2 C:/ST/STM32CubeIDE_1.16.1/STM32CubeIDE/plugins/com.st.stm32cube.ide.mcu.externaltools.gnu-tools-for-stm32.12.3.rel1.win32_1.0.200.202406191623/tools/bin/../lib/gcc/arm-none-eabi/12.3.1/../../../../arm-none-eabi/lib/thumb/v7e-m+fp/hard\libc_nano.a(libc_a-lock.o)
                0x0800bd22                __retarget_lock_acquire_recursive
 .text.__retarget_lock_release_recursive
                0x0800bd24        0x2 C:/ST/STM32CubeIDE_1.16.1/STM32CubeIDE/plugins/com.st.stm32cube.ide.mcu.externaltools.gnu-tools-for-stm32.12.3.rel1.win32_1.0.200.202406191623/tools/bin/../lib/gcc/arm-none-eabi/12.3.1/../../../../arm-none-eabi/lib/thumb/v7e-m+fp/hard\libc_nano.a(libc_a-lock.o)
                0x0800bd24                __retarget_lock_release_recursive
 .text.quorem   0x0800bd26      0x110 C:/ST/STM32CubeIDE_1.16.1/STM32CubeIDE/plugins/com.st.stm32cube.ide.mcu.externaltools.gnu-tools-for-stm32.12.3.rel1.win32_1.0.200.202406191623/tools/bin/../lib/gcc/arm-none-eabi/12.3.1/../../../../arm-none-eabi/lib/thumb/v7e-m+fp/hard\libc_nano.a(libc_a-dtoa.o)
 *fill*         0x0800be36        0x2 
 .text._dtoa_r  0x0800be38      0xb88 C:/ST/STM32CubeIDE_1.16.1/STM32CubeIDE/plugins/com.st.stm32cube.ide.mcu.externaltools.gnu-tools-for-stm32.12.3.rel1.win32_1.0.200.202406191623/tools/bin/../lib/gcc/arm-none-eabi/12.3.1/../../../../arm-none-eabi/lib/thumb/v7e-m+fp/hard\libc_nano.a(libc_a-dtoa.o)
                0x0800be38                _dtoa_r
 .text._free_r  0x0800c9c0       0x94 C:/ST/STM32CubeIDE_1.16.1/STM32CubeIDE/plugins/com.st.stm32cube.ide.mcu.externaltools.gnu-tools-for-stm32.12.3.rel1.win32_1.0.200.202406191623/tools/bin/../lib/gcc/arm-none-eabi/12.3.1/../../../../arm-none-eabi/lib/thumb/v7e-m+fp/hard\libc_nano.a(libc_a-freer.o)
                0x0800c9c0                _free_r
 .text.malloc   0x0800ca54       0x10 C:/ST/STM32CubeIDE_1.16.1/STM32CubeIDE/plugins/com.st.stm32cube.ide.mcu.externaltools.gnu-tools-for-stm32.12.3.rel1.win32_1.0.200.202406191623/tools/bin/../lib/gcc/arm-none-eabi/12.3.1/../../../../arm-none-eabi/lib/thumb/v7e-m+fp/hard\libc_nano.a(libc_a-malloc.o)
                0x0800ca54                malloc
 .text.sbrk_aligned
                0x0800ca64       0x44 C:/ST/STM32CubeIDE_1.16.1/STM32CubeIDE/plugins/com.st.stm32cube.ide.mcu.externaltools.gnu-tools-for-stm32.12.3.rel1.win32_1.0.200.202406191623/tools/bin/../lib/gcc/arm-none-eabi/12.3.1/../../../../arm-none-eabi/lib/thumb/v7e-m+fp/hard\libc_nano.a(libc_a-mallocr.o)
 .text._malloc_r
                0x0800caa8      0x100 C:/ST/STM32CubeIDE_1.16.1/STM32CubeIDE/plugins/com.st.stm32cube.ide.mcu.externaltools.gnu-tools-for-stm32.12.3.rel1.win32_1.0.200.202406191623/tools/bin/../lib/gcc/arm-none-eabi/12.3.1/../../../../arm-none-eabi/lib/thumb/v7e-m+fp/hard\libc_nano.a(libc_a-mallocr.o)
                0x0800caa8                _malloc_r
 .text.__malloc_lock
                0x0800cba8        0xc C:/ST/STM32CubeIDE_1.16.1/STM32CubeIDE/plugins/com.st.stm32cube.ide.mcu.externaltools.gnu-tools-for-stm32.12.3.rel1.win32_1.0.200.202406191623/tools/bin/../lib/gcc/arm-none-eabi/12.3.1/../../../../arm-none-eabi/lib/thumb/v7e-m+fp/hard\libc_nano.a(libc_a-mlock.o)
                0x0800cba8                __malloc_lock
 .text.__malloc_unlock
                0x0800cbb4        0xc C:/ST/STM32CubeIDE_1.16.1/STM32CubeIDE/plugins/com.st.stm32cube.ide.mcu.externaltools.gnu-tools-for-stm32.12.3.rel1.win32_1.0.200.202406191623/tools/bin/../lib/gcc/arm-none-eabi/12.3.1/../../../../arm-none-eabi/lib/thumb/v7e-m+fp/hard\libc_nano.a(libc_a-mlock.o)
                0x0800cbb4                __malloc_unlock
 .text._Balloc  0x0800cbc0       0x80 C:/ST/STM32CubeIDE_1.16.1/STM32CubeIDE/plugins/com.st.stm32cube.ide.mcu.externaltools.gnu-tools-for-stm32.12.3.rel1.win32_1.0.200.202406191623/tools/bin/../lib/gcc/arm-none-eabi/12.3.1/../../../../arm-none-eabi/lib/thumb/v7e-m+fp/hard\libc_nano.a(libc_a-mprec.o)
                0x0800cbc0                _Balloc
 .text._Bfree   0x0800cc40       0x44 C:/ST/STM32CubeIDE_1.16.1/STM32CubeIDE/plugins/com.st.stm32cube.ide.mcu.externaltools.gnu-tools-for-stm32.12.3.rel1.win32_1.0.200.202406191623/tools/bin/../lib/gcc/arm-none-eabi/12.3.1/../../../../arm-none-eabi/lib/thumb/v7e-m+fp/hard\libc_nano.a(libc_a-mprec.o)
                0x0800cc40                _Bfree
 .text.__multadd
                0x0800cc84       0x8c C:/ST/STM32CubeIDE_1.16.1/STM32CubeIDE/plugins/com.st.stm32cube.ide.mcu.externaltools.gnu-tools-for-stm32.12.3.rel1.win32_1.0.200.202406191623/tools/bin/../lib/gcc/arm-none-eabi/12.3.1/../../../../arm-none-eabi/lib/thumb/v7e-m+fp/hard\libc_nano.a(libc_a-mprec.o)
                0x0800cc84                __multadd
 .text.__hi0bits
                0x0800cd10       0x3e C:/ST/STM32CubeIDE_1.16.1/STM32CubeIDE/plugins/com.st.stm32cube.ide.mcu.externaltools.gnu-tools-for-stm32.12.3.rel1.win32_1.0.200.202406191623/tools/bin/../lib/gcc/arm-none-eabi/12.3.1/../../../../arm-none-eabi/lib/thumb/v7e-m+fp/hard\libc_nano.a(libc_a-mprec.o)
                0x0800cd10                __hi0bits
 .text.__lo0bits
                0x0800cd4e       0x5a C:/ST/STM32CubeIDE_1.16.1/STM32CubeIDE/plugins/com.st.stm32cube.ide.mcu.externaltools.gnu-tools-for-stm32.12.3.rel1.win32_1.0.200.202406191623/tools/bin/../lib/gcc/arm-none-eabi/12.3.1/../../../../arm-none-eabi/lib/thumb/v7e-m+fp/hard\libc_nano.a(libc_a-mprec.o)
                0x0800cd4e                __lo0bits
 .text.__i2b    0x0800cda8       0x2c C:/ST/STM32CubeIDE_1.16.1/STM32CubeIDE/plugins/com.st.stm32cube.ide.mcu.externaltools.gnu-tools-for-stm32.12.3.rel1.win32_1.0.200.202406191623/tools/bin/../lib/gcc/arm-none-eabi/12.3.1/../../../../arm-none-eabi/lib/thumb/v7e-m+fp/hard\libc_nano.a(libc_a-mprec.o)
                0x0800cda8                __i2b
 .text.__multiply
                0x0800cdd4      0x154 C:/ST/STM32CubeIDE_1.16.1/STM32CubeIDE/plugins/com.st.stm32cube.ide.mcu.externaltools.gnu-tools-for-stm32.12.3.rel1.win32_1.0.200.202406191623/tools/bin/../lib/gcc/arm-none-eabi/12.3.1/../../../../arm-none-eabi/lib/thumb/v7e-m+fp/hard\libc_nano.a(libc_a-mprec.o)
                0x0800cdd4                __multiply
 .text.__pow5mult
                0x0800cf28       0xb4 C:/ST/STM32CubeIDE_1.16.1/STM32CubeIDE/plugins/com.st.stm32cube.ide.mcu.externaltools.gnu-tools-for-stm32.12.3.rel1.win32_1.0.200.202406191623/tools/bin/../lib/gcc/arm-none-eabi/12.3.1/../../../../arm-none-eabi/lib/thumb/v7e-m+fp/hard\libc_nano.a(libc_a-mprec.o)
                0x0800cf28                __pow5mult
 .text.__lshift
                0x0800cfdc       0xd8 C:/ST/STM32CubeIDE_1.16.1/STM32CubeIDE/plugins/com.st.stm32cube.ide.mcu.externaltools.gnu-tools-for-stm32.12.3.rel1.win32_1.0.200.202406191623/tools/bin/../lib/gcc/arm-none-eabi/12.3.1/../../../../arm-none-eabi/lib/thumb/v7e-m+fp/hard\libc_nano.a(libc_a-mprec.o)
                0x0800cfdc                __lshift
 .text.__mcmp   0x0800d0b4       0x36 C:/ST/STM32CubeIDE_1.16.1/STM32CubeIDE/plugins/com.st.stm32cube.ide.mcu.externaltools.gnu-tools-for-stm32.12.3.rel1.win32_1.0.200.202406191623/tools/bin/../lib/gcc/arm-none-eabi/12.3.1/../../../../arm-none-eabi/lib/thumb/v7e-m+fp/hard\libc_nano.a(libc_a-mprec.o)
                0x0800d0b4                __mcmp
 *fill*         0x0800d0ea        0x2 
 .text.__mdiff  0x0800d0ec      0x128 C:/ST/STM32CubeIDE_1.16.1/STM32CubeIDE/plugins/com.st.stm32cube.ide.mcu.externaltools.gnu-tools-for-stm32.12.3.rel1.win32_1.0.200.202406191623/tools/bin/../lib/gcc/arm-none-eabi/12.3.1/../../../../arm-none-eabi/lib/thumb/v7e-m+fp/hard\libc_nano.a(libc_a-mprec.o)
                0x0800d0ec                __mdiff
 .text.__d2b    0x0800d214       0xb0 C:/ST/STM32CubeIDE_1.16.1/STM32CubeIDE/plugins/com.st.stm32cube.ide.mcu.externaltools.gnu-tools-for-stm32.12.3.rel1.win32_1.0.200.202406191623/tools/bin/../lib/gcc/arm-none-eabi/12.3.1/../../../../arm-none-eabi/lib/thumb/v7e-m+fp/hard\libc_nano.a(libc_a-mprec.o)
                0x0800d214                __d2b
 .text.__ssputs_r
                0x0800d2c4       0xb6 C:/ST/STM32CubeIDE_1.16.1/STM32CubeIDE/plugins/com.st.stm32cube.ide.mcu.externaltools.gnu-tools-for-stm32.12.3.rel1.win32_1.0.200.202406191623/tools/bin/../lib/gcc/arm-none-eabi/12.3.1/../../../../arm-none-eabi/lib/thumb/v7e-m+fp/hard\libc_nano.a(libc_a-nano-svfprintf.o)
                0x0800d2c4                __ssputs_r
 *fill*         0x0800d37a        0x2 
 .text._svfprintf_r
                0x0800d37c      0x1f8 C:/ST/STM32CubeIDE_1.16.1/STM32CubeIDE/plugins/com.st.stm32cube.ide.mcu.externaltools.gnu-tools-for-stm32.12.3.rel1.win32_1.0.200.202406191623/tools/bin/../lib/gcc/arm-none-eabi/12.3.1/../../../../arm-none-eabi/lib/thumb/v7e-m+fp/hard\libc_nano.a(libc_a-nano-svfprintf.o)
                0x0800d37c                _svfiprintf_r
                0x0800d37c                _svfprintf_r
 .text.__sflush_r
                0x0800d574      0x108 C:/ST/STM32CubeIDE_1.16.1/STM32CubeIDE/plugins/com.st.stm32cube.ide.mcu.externaltools.gnu-tools-for-stm32.12.3.rel1.win32_1.0.200.202406191623/tools/bin/../lib/gcc/arm-none-eabi/12.3.1/../../../../arm-none-eabi/lib/thumb/v7e-m+fp/hard\libc_nano.a(libc_a-fflush.o)
                0x0800d574                __sflush_r
 .text._fflush_r
                0x0800d67c       0x50 C:/ST/STM32CubeIDE_1.16.1/STM32CubeIDE/plugins/com.st.stm32cube.ide.mcu.externaltools.gnu-tools-for-stm32.12.3.rel1.win32_1.0.200.202406191623/tools/bin/../lib/gcc/arm-none-eabi/12.3.1/../../../../arm-none-eabi/lib/thumb/v7e-m+fp/hard\libc_nano.a(libc_a-fflush.o)
                0x0800d67c                _fflush_r
 .text.memmove  0x0800d6cc       0x34 C:/ST/STM32CubeIDE_1.16.1/STM32CubeIDE/plugins/com.st.stm32cube.ide.mcu.externaltools.gnu-tools-for-stm32.12.3.rel1.win32_1.0.200.202406191623/tools/bin/../lib/gcc/arm-none-eabi/12.3.1/../../../../arm-none-eabi/lib/thumb/v7e-m+fp/hard\libc_nano.a(libc_a-memmove.o)
                0x0800d6cc                memmove
 .text._sbrk_r  0x0800d700       0x20 C:/ST/STM32CubeIDE_1.16.1/STM32CubeIDE/plugins/com.st.stm32cube.ide.mcu.externaltools.gnu-tools-for-stm32.12.3.rel1.win32_1.0.200.202406191623/tools/bin/../lib/gcc/arm-none-eabi/12.3.1/../../../../arm-none-eabi/lib/thumb/v7e-m+fp/hard\libc_nano.a(libc_a-sbrkr.o)
                0x0800d700                _sbrk_r
 .text.memcpy   0x0800d720       0x1c C:/ST/STM32CubeIDE_1.16.1/STM32CubeIDE/plugins/com.st.stm32cube.ide.mcu.externaltools.gnu-tools-for-stm32.12.3.rel1.win32_1.0.200.202406191623/tools/bin/../lib/gcc/arm-none-eabi/12.3.1/../../../../arm-none-eabi/lib/thumb/v7e-m+fp/hard\libc_nano.a(libc_a-memcpy-stub.o)
                0x0800d720                memcpy
 .text.__assert_func
                0x0800d73c       0x3c C:/ST/STM32CubeIDE_1.16.1/STM32CubeIDE/plugins/com.st.stm32cube.ide.mcu.externaltools.gnu-tools-for-stm32.12.3.rel1.win32_1.0.200.202406191623/tools/bin/../lib/gcc/arm-none-eabi/12.3.1/../../../../arm-none-eabi/lib/thumb/v7e-m+fp/hard\libc_nano.a(libc_a-assert.o)
                0x0800d73c                __assert_func
 .text._calloc_r
                0x0800d778       0x28 C:/ST/STM32CubeIDE_1.16.1/STM32CubeIDE/plugins/com.st.stm32cube.ide.mcu.externaltools.gnu-tools-for-stm32.12.3.rel1.win32_1.0.200.202406191623/tools/bin/../lib/gcc/arm-none-eabi/12.3.1/../../../../arm-none-eabi/lib/thumb/v7e-m+fp/hard\libc_nano.a(libc_a-callocr.o)
                0x0800d778                _calloc_r
 .text.__ascii_mbtowc
                0x0800d7a0       0x24 C:/ST/STM32CubeIDE_1.16.1/STM32CubeIDE/plugins/com.st.stm32cube.ide.mcu.externaltools.gnu-tools-for-stm32.12.3.rel1.win32_1.0.200.202406191623/tools/bin/../lib/gcc/arm-none-eabi/12.3.1/../../../../arm-none-eabi/lib/thumb/v7e-m+fp/hard\libc_nano.a(libc_a-mbtowc_r.o)
                0x0800d7a0                __ascii_mbtowc
 .text._realloc_r
                0x0800d7c4       0x5c C:/ST/STM32CubeIDE_1.16.1/STM32CubeIDE/plugins/com.st.stm32cube.ide.mcu.externaltools.gnu-tools-for-stm32.12.3.rel1.win32_1.0.200.202406191623/tools/bin/../lib/gcc/arm-none-eabi/12.3.1/../../../../arm-none-eabi/lib/thumb/v7e-m+fp/hard\libc_nano.a(libc_a-reallocr.o)
                0x0800d7c4                _realloc_r
 .text.__ascii_wctomb
                0x0800d820       0x1a C:/ST/STM32CubeIDE_1.16.1/STM32CubeIDE/plugins/com.st.stm32cube.ide.mcu.externaltools.gnu-tools-for-stm32.12.3.rel1.win32_1.0.200.202406191623/tools/bin/../lib/gcc/arm-none-eabi/12.3.1/../../../../arm-none-eabi/lib/thumb/v7e-m+fp/hard\libc_nano.a(libc_a-wctomb_r.o)
                0x0800d820                __ascii_wctomb
 *fill*         0x0800d83a        0x2 
 .text.fprintf  0x0800d83c       0x24 C:/ST/STM32CubeIDE_1.16.1/STM32CubeIDE/plugins/com.st.stm32cube.ide.mcu.externaltools.gnu-tools-for-stm32.12.3.rel1.win32_1.0.200.202406191623/tools/bin/../lib/gcc/arm-none-eabi/12.3.1/../../../../arm-none-eabi/lib/thumb/v7e-m+fp/hard\libc_nano.a(libc_a-fprintf.o)
                0x0800d83c                fiprintf
                0x0800d83c                fprintf
 .text.abort    0x0800d860        0xe C:/ST/STM32CubeIDE_1.16.1/STM32CubeIDE/plugins/com.st.stm32cube.ide.mcu.externaltools.gnu-tools-for-stm32.12.3.rel1.win32_1.0.200.202406191623/tools/bin/../lib/gcc/arm-none-eabi/12.3.1/../../../../arm-none-eabi/lib/thumb/v7e-m+fp/hard\libc_nano.a(libc_a-abort.o)
                0x0800d860                abort
 .text._malloc_usable_size_r
                0x0800d86e       0x10 C:/ST/STM32CubeIDE_1.16.1/STM32CubeIDE/plugins/com.st.stm32cube.ide.mcu.externaltools.gnu-tools-for-stm32.12.3.rel1.win32_1.0.200.202406191623/tools/bin/../lib/gcc/arm-none-eabi/12.3.1/../../../../arm-none-eabi/lib/thumb/v7e-m+fp/hard\libc_nano.a(libc_a-msizer.o)
                0x0800d86e                _malloc_usable_size_r
 .text.__sfputc_r
                0x0800d87e       0x2e C:/ST/STM32CubeIDE_1.16.1/STM32CubeIDE/plugins/com.st.stm32cube.ide.mcu.externaltools.gnu-tools-for-stm32.12.3.rel1.win32_1.0.200.202406191623/tools/bin/../lib/gcc/arm-none-eabi/12.3.1/../../../../arm-none-eabi/lib/thumb/v7e-m+fp/hard\libc_nano.a(libc_a-nano-vfprintf.o)
 .text.__sfputs_r
                0x0800d8ac       0x24 C:/ST/STM32CubeIDE_1.16.1/STM32CubeIDE/plugins/com.st.stm32cube.ide.mcu.externaltools.gnu-tools-for-stm32.12.3.rel1.win32_1.0.200.202406191623/tools/bin/../lib/gcc/arm-none-eabi/12.3.1/../../../../arm-none-eabi/lib/thumb/v7e-m+fp/hard\libc_nano.a(libc_a-nano-vfprintf.o)
                0x0800d8ac                __sfputs_r
 .text._vfprintf_r
                0x0800d8d0      0x230 C:/ST/STM32CubeIDE_1.16.1/STM32CubeIDE/plugins/com.st.stm32cube.ide.mcu.externaltools.gnu-tools-for-stm32.12.3.rel1.win32_1.0.200.202406191623/tools/bin/../lib/gcc/arm-none-eabi/12.3.1/../../../../arm-none-eabi/lib/thumb/v7e-m+fp/hard\libc_nano.a(libc_a-nano-vfprintf.o)
                0x0800d8d0                _vfprintf_r
                0x0800d8d0                _vfiprintf_r
 .text.__swbuf_r
                0x0800db00       0x7c C:/ST/STM32CubeIDE_1.16.1/STM32CubeIDE/plugins/com.st.stm32cube.ide.mcu.externaltools.gnu-tools-for-stm32.12.3.rel1.win32_1.0.200.202406191623/tools/bin/../lib/gcc/arm-none-eabi/12.3.1/../../../../arm-none-eabi/lib/thumb/v7e-m+fp/hard\libc_nano.a(libc_a-wbuf.o)
                0x0800db00                __swbuf_r
 .text.__swsetup_r
                0x0800db7c       0xac C:/ST/STM32CubeIDE_1.16.1/STM32CubeIDE/plugins/com.st.stm32cube.ide.mcu.externaltools.gnu-tools-for-stm32.12.3.rel1.win32_1.0.200.202406191623/tools/bin/../lib/gcc/arm-none-eabi/12.3.1/../../../../arm-none-eabi/lib/thumb/v7e-m+fp/hard\libc_nano.a(libc_a-wsetup.o)
                0x0800db7c                __swsetup_r
 .text._raise_r
                0x0800dc28       0x50 C:/ST/STM32CubeIDE_1.16.1/STM32CubeIDE/plugins/com.st.stm32cube.ide.mcu.externaltools.gnu-tools-for-stm32.12.3.rel1.win32_1.0.200.202406191623/tools/bin/../lib/gcc/arm-none-eabi/12.3.1/../../../../arm-none-eabi/lib/thumb/v7e-m+fp/hard\libc_nano.a(libc_a-signal.o)
                0x0800dc28                _raise_r
 .text.raise    0x0800dc78       0x10 C:/ST/STM32CubeIDE_1.16.1/STM32CubeIDE/plugins/com.st.stm32cube.ide.mcu.externaltools.gnu-tools-for-stm32.12.3.rel1.win32_1.0.200.202406191623/tools/bin/../lib/gcc/arm-none-eabi/12.3.1/../../../../arm-none-eabi/lib/thumb/v7e-m+fp/hard\libc_nano.a(libc_a-signal.o)
                0x0800dc78                raise
 .text._kill_r  0x0800dc88       0x24 C:/ST/STM32CubeIDE_1.16.1/STM32CubeIDE/plugins/com.st.stm32cube.ide.mcu.externaltools.gnu-tools-for-stm32.12.3.rel1.win32_1.0.200.202406191623/tools/bin/../lib/gcc/arm-none-eabi/12.3.1/../../../../arm-none-eabi/lib/thumb/v7e-m+fp/hard\libc_nano.a(libc_a-signalr.o)
                0x0800dc88                _kill_r
 .text._getpid_r
                0x0800dcac        0x4 C:/ST/STM32CubeIDE_1.16.1/STM32CubeIDE/plugins/com.st.stm32cube.ide.mcu.externaltools.gnu-tools-for-stm32.12.3.rel1.win32_1.0.200.202406191623/tools/bin/../lib/gcc/arm-none-eabi/12.3.1/../../../../arm-none-eabi/lib/thumb/v7e-m+fp/hard\libc_nano.a(libc_a-signalr.o)
                0x0800dcac                _getpid_r
 .text.__swhatbuf_r
                0x0800dcb0       0x4c C:/ST/STM32CubeIDE_1.16.1/STM32CubeIDE/plugins/com.st.stm32cube.ide.mcu.externaltools.gnu-tools-for-stm32.12.3.rel1.win32_1.0.200.202406191623/tools/bin/../lib/gcc/arm-none-eabi/12.3.1/../../../../arm-none-eabi/lib/thumb/v7e-m+fp/hard\libc_nano.a(libc_a-makebuf.o)
                0x0800dcb0                __swhatbuf_r
 .text.__smakebuf_r
                0x0800dcfc       0x78 C:/ST/STM32CubeIDE_1.16.1/STM32CubeIDE/plugins/com.st.stm32cube.ide.mcu.externaltools.gnu-tools-for-stm32.12.3.rel1.win32_1.0.200.202406191623/tools/bin/../lib/gcc/arm-none-eabi/12.3.1/../../../../arm-none-eabi/lib/thumb/v7e-m+fp/hard\libc_nano.a(libc_a-makebuf.o)
                0x0800dcfc                __smakebuf_r
 .text._fstat_r
                0x0800dd74       0x24 C:/ST/STM32CubeIDE_1.16.1/STM32CubeIDE/plugins/com.st.stm32cube.ide.mcu.externaltools.gnu-tools-for-stm32.12.3.rel1.win32_1.0.200.202406191623/tools/bin/../lib/gcc/arm-none-eabi/12.3.1/../../../../arm-none-eabi/lib/thumb/v7e-m+fp/hard\libc_nano.a(libc_a-fstatr.o)
                0x0800dd74                _fstat_r
 .text._isatty_r
                0x0800dd98       0x20 C:/ST/STM32CubeIDE_1.16.1/STM32CubeIDE/plugins/com.st.stm32cube.ide.mcu.externaltools.gnu-tools-for-stm32.12.3.rel1.win32_1.0.200.202406191623/tools/bin/../lib/gcc/arm-none-eabi/12.3.1/../../../../arm-none-eabi/lib/thumb/v7e-m+fp/hard\libc_nano.a(libc_a-isattyr.o)
                0x0800dd98                _isatty_r
 .text.sqrtf    0x0800ddb8       0x3c C:/ST/STM32CubeIDE_1.16.1/STM32CubeIDE/plugins/com.st.stm32cube.ide.mcu.externaltools.gnu-tools-for-stm32.12.3.rel1.win32_1.0.200.202406191623/tools/bin/../lib/gcc/arm-none-eabi/12.3.1/../../../../arm-none-eabi/lib/thumb/v7e-m+fp/hard\libm.a(libm_a-wf_sqrt.o)
                0x0800ddb8                sqrtf
 .text.__ieee754_sqrtf
                0x0800ddf4        0x6 C:/ST/STM32CubeIDE_1.16.1/STM32CubeIDE/plugins/com.st.stm32cube.ide.mcu.externaltools.gnu-tools-for-stm32.12.3.rel1.win32_1.0.200.202406191623/tools/bin/../lib/gcc/arm-none-eabi/12.3.1/../../../../arm-none-eabi/lib/thumb/v7e-m+fp/hard\libm.a(libm_a-ef_sqrt.o)
                0x0800ddf4                __ieee754_sqrtf
 *fill*         0x0800ddfa        0x2 
 .text.__errno  0x0800ddfc        0xc C:/ST/STM32CubeIDE_1.16.1/STM32CubeIDE/plugins/com.st.stm32cube.ide.mcu.externaltools.gnu-tools-for-stm32.12.3.rel1.win32_1.0.200.202406191623/tools/bin/../lib/gcc/arm-none-eabi/12.3.1/../../../../arm-none-eabi/lib/thumb/v7e-m+fp/hard\libc_nano.a(libc_a-errno.o)
                0x0800ddfc                __errno
 .text._fstat   0x0800de08       0x10 C:/ST/STM32CubeIDE_1.16.1/STM32CubeIDE/plugins/com.st.stm32cube.ide.mcu.externaltools.gnu-tools-for-stm32.12.3.rel1.win32_1.0.200.202406191623/tools/bin/../lib/gcc/arm-none-eabi/12.3.1/../../../../arm-none-eabi/lib/thumb/v7e-m+fp/hard\libnosys.a(fstat.o)
                0x0800de08                _fstat
 .text._getpid  0x0800de18       0x10 C:/ST/STM32CubeIDE_1.16.1/STM32CubeIDE/plugins/com.st.stm32cube.ide.mcu.externaltools.gnu-tools-for-stm32.12.3.rel1.win32_1.0.200.202406191623/tools/bin/../lib/gcc/arm-none-eabi/12.3.1/../../../../arm-none-eabi/lib/thumb/v7e-m+fp/hard\libnosys.a(getpid.o)
                0x0800de18                _getpid
 .text._isatty  0x0800de28       0x10 C:/ST/STM32CubeIDE_1.16.1/STM32CubeIDE/plugins/com.st.stm32cube.ide.mcu.externaltools.gnu-tools-for-stm32.12.3.rel1.win32_1.0.200.202406191623/tools/bin/../lib/gcc/arm-none-eabi/12.3.1/../../../../arm-none-eabi/lib/thumb/v7e-m+fp/hard\libnosys.a(isatty.o)
                0x0800de28                _isatty
 .text._kill    0x0800de38       0x10 C:/ST/STM32CubeIDE_1.16.1/STM32CubeIDE/plugins/com.st.stm32cube.ide.mcu.externaltools.gnu-tools-for-stm32.12.3.rel1.win32_1.0.200.202406191623/tools/bin/../lib/gcc/arm-none-eabi/12.3.1/../../../../arm-none-eabi/lib/thumb/v7e-m+fp/hard\libnosys.a(kill.o)
                0x0800de38                _kill
 .text._sbrk    0x0800de48       0x1c C:/ST/STM32CubeIDE_1.16.1/STM32CubeIDE/plugins/com.st.stm32cube.ide.mcu.externaltools.gnu-tools-for-stm32.12.3.rel1.win32_1.0.200.202406191623/tools/bin/../lib/gcc/arm-none-eabi/12.3.1/../../../../arm-none-eabi/lib/thumb/v7e-m+fp/hard\libnosys.a(sbrk.o)
                0x0800de48                _sbrk
 .text._exit    0x0800de64        0x2 C:/ST/STM32CubeIDE_1.16.1/STM32CubeIDE/plugins/com.st.stm32cube.ide.mcu.externaltools.gnu-tools-for-stm32.12.3.rel1.win32_1.0.200.202406191623/tools/bin/../lib/gcc/arm-none-eabi/12.3.1/../../../../arm-none-eabi/lib/thumb/v7e-m+fp/hard\libnosys.a(_exit.o)
                0x0800de64                _exit
 *(.glue_7)
 .glue_7        0x0800de66        0x0 linker stubs
 *(.glue_7t)
 .glue_7t       0x0800de66        0x0 linker stubs
 *(.eh_frame)
 *fill*         0x0800de66        0x2 
 .eh_frame      0x0800de68        0x0 C:/ST/STM32CubeIDE_1.16.1/STM32CubeIDE/plugins/com.st.stm32cube.ide.mcu.externaltools.gnu-tools-for-stm32.12.3.rel1.win32_1.0.200.202406191623/tools/bin/../lib/gcc/arm-none-eabi/12.3.1/thumb/v7e-m+fp/hard/crtbegin.o
 *(.init)
 .init          0x0800de68        0x4 C:/ST/STM32CubeIDE_1.16.1/STM32CubeIDE/plugins/com.st.stm32cube.ide.mcu.externaltools.gnu-tools-for-stm32.12.3.rel1.win32_1.0.200.202406191623/tools/bin/../lib/gcc/arm-none-eabi/12.3.1/thumb/v7e-m+fp/hard/crti.o
                0x0800de68                _init
 .init          0x0800de6c        0x8 C:/ST/STM32CubeIDE_1.16.1/STM32CubeIDE/plugins/com.st.stm32cube.ide.mcu.externaltools.gnu-tools-for-stm32.12.3.rel1.win32_1.0.200.202406191623/tools/bin/../lib/gcc/arm-none-eabi/12.3.1/thumb/v7e-m+fp/hard/crtn.o
 *(.fini)
 .fini          0x0800de74        0x4 C:/ST/STM32CubeIDE_1.16.1/STM32CubeIDE/plugins/com.st.stm32cube.ide.mcu.externaltools.gnu-tools-for-stm32.12.3.rel1.win32_1.0.200.202406191623/tools/bin/../lib/gcc/arm-none-eabi/12.3.1/thumb/v7e-m+fp/hard/crti.o
                0x0800de74                _fini
 .fini          0x0800de78        0x8 C:/ST/STM32CubeIDE_1.16.1/STM32CubeIDE/plugins/com.st.stm32cube.ide.mcu.externaltools.gnu-tools-for-stm32.12.3.rel1.win32_1.0.200.202406191623/tools/bin/../lib/gcc/arm-none-eabi/12.3.1/thumb/v7e-m+fp/hard/crtn.o
                0x0800de80                        . = ALIGN (0x4)
                0x0800de80                        _etext = .

.vfp11_veneer   0x0800de80        0x0
 .vfp11_veneer  0x0800de80        0x0 linker stubs

.v4_bx          0x0800de80        0x0
 .v4_bx         0x0800de80        0x0 linker stubs

.iplt           0x0800de80        0x0
 .iplt          0x0800de80        0x0 C:/ST/STM32CubeIDE_1.16.1/STM32CubeIDE/plugins/com.st.stm32cube.ide.mcu.externaltools.gnu-tools-for-stm32.12.3.rel1.win32_1.0.200.202406191623/tools/bin/../lib/gcc/arm-none-eabi/12.3.1/thumb/v7e-m+fp/hard/crtbegin.o

.rodata         0x0800de80    0x18cb8
                0x0800de80                        . = ALIGN (0x4)
 *(.rodata)
 .rodata        0x0800de80       0x33 ./Core/Src/main.o
 *fill*         0x0800deb3        0x1 
 .rodata        0x0800deb4       0x66 ./Core/Src/measuring.o
 *fill*         0x0800df1a        0x2 
 .rodata        0x0800df1c       0x8b ./Core/Src/menu.o
 *(.rodata*)
 *fill*         0x0800dfa7        0x1 
 .rodata.AHBPrescTable
                0x0800dfa8       0x10 ./Core/Src/system_stm32f4xx.o
                0x0800dfa8                AHBPrescTable
 .rodata.APBPrescTable
                0x0800dfb8        0x8 ./Core/Src/system_stm32f4xx.o
                0x0800dfb8                APBPrescTable
 .rodata.GPIO_PIN
                0x0800dfc0        0x4 ./Drivers/BSP/STM32F429I-Discovery/stm32f429i_discovery.o
                0x0800dfc0                GPIO_PIN
 .rodata.Font24_Table
                0x0800dfc4     0x1ab8 ./Drivers/BSP/STM32F429I-Discovery/stm32f429i_discovery_lcd.o
                0x0800dfc4                Font24_Table
 .rodata.Font16_Table
                0x0800fa7c      0xbe0 ./Drivers/BSP/STM32F429I-Discovery/stm32f429i_discovery_lcd.o
                0x0800fa7c                Font16_Table
 .rodata.Font12_Table
                0x0801065c      0x474 ./Drivers/BSP/STM32F429I-Discovery/stm32f429i_discovery_lcd.o
                0x0801065c                Font12_Table
 .rodata.flagBitshiftOffset.0
                0x08010ad0        0x8 ./Drivers/STM32F4xx_HAL_Driver/Src/stm32f4xx_hal_dma.o
 .rodata.arm_cfft_sR_f32_len1024
                0x08010ad8       0x10 ../Drivers/CMSIS/Lib/GCC\libarm_cortexM4lf_math.a(arm_const_structs.o)
                0x08010ad8                arm_cfft_sR_f32_len1024
 .rodata.arm_cfft_sR_f32_len64
                0x08010ae8       0x10 ../Drivers/CMSIS/Lib/GCC\libarm_cortexM4lf_math.a(arm_const_structs.o)
                0x08010ae8                arm_cfft_sR_f32_len64
 .rodata.arm_cfft_sR_f32_len128
                0x08010af8       0x10 ../Drivers/CMSIS/Lib/GCC\libarm_cortexM4lf_math.a(arm_const_structs.o)
                0x08010af8                arm_cfft_sR_f32_len128
 .rodata.arm_cfft_sR_f32_len4096
                0x08010b08       0x10 ../Drivers/CMSIS/Lib/GCC\libarm_cortexM4lf_math.a(arm_const_structs.o)
                0x08010b08                arm_cfft_sR_f32_len4096
 .rodata.arm_cfft_sR_f32_len512
                0x08010b18       0x10 ../Drivers/CMSIS/Lib/GCC\libarm_cortexM4lf_math.a(arm_const_structs.o)
                0x08010b18                arm_cfft_sR_f32_len512
 .rodata.arm_cfft_sR_f32_len16
                0x08010b28       0x10 ../Drivers/CMSIS/Lib/GCC\libarm_cortexM4lf_math.a(arm_const_structs.o)
                0x08010b28                arm_cfft_sR_f32_len16
 .rodata.arm_cfft_sR_f32_len2048
                0x08010b38       0x10 ../Drivers/CMSIS/Lib/GCC\libarm_cortexM4lf_math.a(arm_const_structs.o)
                0x08010b38                arm_cfft_sR_f32_len2048
 .rodata.arm_cfft_sR_f32_len256
                0x08010b48       0x10 ../Drivers/CMSIS/Lib/GCC\libarm_cortexM4lf_math.a(arm_const_structs.o)
                0x08010b48                arm_cfft_sR_f32_len256
 .rodata.arm_cfft_sR_f32_len32
                0x08010b58       0x10 ../Drivers/CMSIS/Lib/GCC\libarm_cortexM4lf_math.a(arm_const_structs.o)
                0x08010b58                arm_cfft_sR_f32_len32
 .rodata.twiddleCoef_2048
                0x08010b68     0x4000 ../Drivers/CMSIS/Lib/GCC\libarm_cortexM4lf_math.a(arm_common_tables.o)
                0x08010b68                twiddleCoef_2048
 .rodata.armBitRevIndexTable64
                0x08014b68       0x70 ../Drivers/CMSIS/Lib/GCC\libarm_cortexM4lf_math.a(arm_common_tables.o)
                0x08014b68                armBitRevIndexTable64
 .rodata.twiddleCoef_256
                0x08014bd8      0x800 ../Drivers/CMSIS/Lib/GCC\libarm_cortexM4lf_math.a(arm_common_tables.o)
                0x08014bd8                twiddleCoef_256
 .rodata.twiddleCoef_16
                0x080153d8       0x80 ../Drivers/CMSIS/Lib/GCC\libarm_cortexM4lf_math.a(arm_common_tables.o)
                0x080153d8                twiddleCoef_16
 .rodata.twiddleCoef_1024
                0x08015458     0x2000 ../Drivers/CMSIS/Lib/GCC\libarm_cortexM4lf_math.a(arm_common_tables.o)
                0x08015458                twiddleCoef_1024
 .rodata.twiddleCoef_32
                0x08017458      0x100 ../Drivers/CMSIS/Lib/GCC\libarm_cortexM4lf_math.a(arm_common_tables.o)
                0x08017458                twiddleCoef_32
 .rodata.armBitRevIndexTable1024
                0x08017558      0xe10 ../Drivers/CMSIS/Lib/GCC\libarm_cortexM4lf_math.a(arm_common_tables.o)
                0x08017558                armBitRevIndexTable1024
 .rodata.armBitRevIndexTable16
                0x08018368       0x28 ../Drivers/CMSIS/Lib/GCC\libarm_cortexM4lf_math.a(arm_common_tables.o)
                0x08018368                armBitRevIndexTable16
 .rodata.armBitRevIndexTable32
                0x08018390       0x60 ../Drivers/CMSIS/Lib/GCC\libarm_cortexM4lf_math.a(arm_common_tables.o)
                0x08018390                armBitRevIndexTable32
 .rodata.sinTable_f32
                0x080183f0      0x804 ../Drivers/CMSIS/Lib/GCC\libarm_cortexM4lf_math.a(arm_common_tables.o)
                0x080183f0                sinTable_f32
 .rodata.twiddleCoef_128
                0x08018bf4      0x400 ../Drivers/CMSIS/Lib/GCC\libarm_cortexM4lf_math.a(arm_common_tables.o)
                0x08018bf4                twiddleCoef_128
 .rodata.twiddleCoef_512
                0x08018ff4     0x1000 ../Drivers/CMSIS/Lib/GCC\libarm_cortexM4lf_math.a(arm_common_tables.o)
                0x08018ff4                twiddleCoef_512
 .rodata.armBitRevIndexTable2048