17:19:54 **** Incremental Build of configuration Debug for project STM32F769I_Discovery_DSV_LAB ****
make all 
arm-none-eabi-gcc -mfloat-abi=hard "../Application/Src/Processing.c" -mcpu=cortex-m7 -std=gnu11 -g3 -DUSE_HAL_DRIVER -DSTM32F769xx -DUSE_STM32F769I_DISCO -DUSE_USB_HS -c -O0 -ffunction-sections -Wall -fstack-usage -fcyclomatic-complexity -MMD -MP -MF"Application/Src/Processing.d" -MT"Application/Src/Processing.o" --specs=nano.specs -mfpu=fpv5-d16 -mfloat-abi=hard -mthumb -o "Application/Src/Processing.o" @"Application/Src/Codec.c_includes.args"
../Application/Src/Processing.c:82:10: fatal error: bs_float.h: No such file or directory
   82 | #include "bs_float.h"
      |          ^~~~~~~~~~~~
compilation terminated.
make: *** [Application/Src/subdir.mk:28: Application/Src/Processing.o] Error 1
"make all" terminated with exit code 2. Build might be incomplete.
17:20:55 **** Incremental Build of configuration Debug for project STM32F769I_Discovery_DSV_LAB ****
make all 
arm-none-eabi-gcc -mfloat-abi=hard "../Application/Src/Processing.c" -mcpu=cortex-m7 -std=gnu11 -g3 -DUSE_HAL_DRIVER -DSTM32F769xx -DUSE_STM32F769I_DISCO -DUSE_USB_HS -c -O0 -ffunction-sections -Wall -fstack-usage -fcyclomatic-complexity -MMD -MP -MF"Application/Src/Processing.d" -MT"Application/Src/Processing.o" --specs=nano.specs -mfpu=fpv5-d16 -mfloat-abi=hard -mthumb -o "Application/Src/Processing.o" @"Application/Src/Codec.c_includes.args"
../Application/Src/Processing.c:82:10: fatal error: bs_float.h: No such file or directory
   82 | #include "bs_float.h"
      |          ^~~~~~~~~~~~
compilation terminated.
make: *** [Application/Src/subdir.mk:28: Application/Src/Processing.o] Error 1
"make all" terminated with exit code 2. Build might be incomplete.
17:24:16 **** Incremental Build of configuration Debug for project STM32F769I_Discovery_DSV_LAB ****
make all 
arm-none-eabi-gcc -mfloat-abi=hard "../Application/Src/Processing.c" -mcpu=cortex-m7 -std=gnu11 -g3 -DUSE_HAL_DRIVER -DSTM32F769xx -DUSE_STM32F769I_DISCO -DUSE_USB_HS -c -O0 -ffunction-sections -Wall -fstack-usage -fcyclomatic-complexity -MMD -MP -MF"Application/Src/Processing.d" -MT"Application/Src/Processing.o" --specs=nano.specs -mfpu=fpv5-d16 -mfloat-abi=hard -mthumb -o "Application/Src/Processing.o" @"Application/Src/Codec.c_includes.args"
../Application/Src/Processing.c: In function 'audio_signal_processing':
../Application/Src/Processing.c:145:15: warning: unused variable 'fft_q15' [-Wunused-variable]
  145 |         q15_t fft_q15[2*FFT_SIZE]; // real & imaginary parts
      |               ^~~~~~~
../Application/Src/Processing.c:144:19: warning: unused variable 'fft_float' [-Wunused-variable]
  144 |         float32_t fft_float[FFT_SIZE];  // real & imaginary parts, stores only up to fs/2
      |                   ^~~~~~~~~
arm-none-eabi-gcc -mfloat-abi=hard -FILL=0xBEEF@unused -o "STM32F769I_Discovery.elf" @"objects.list"  -larm_cortexM7lfsp_math -mcpu=cortex-m7 -T"../STM32F769NIHx_FLASH.ld" --specs=nosys.specs -Wl,-Map="STM32F769I_Discovery.map" -Wl,--gc-sections -static -L"C:\Users\Lucas\OneDrive\Dokumente\ZHAW Studium Unterlagen\5. Semester\PM3\Project PM3\Firmware\DSV_Blocksignalverarbeitung_1.0.zip_expanded\DSV_Blocksignalverarbeitung_1.0\Drivers\CMSIS" --specs=nano.specs -mfpu=fpv5-d16 -mfloat-abi=hard -mthumb -Wl,--start-group -lc -lm -Wl,--end-group
C:/ST/STM32CubeIDE_1.16.1/STM32CubeIDE/plugins/com.st.stm32cube.ide.mcu.externaltools.gnu-tools-for-stm32.12.3.rel1.win32_1.0.200.202406191623/tools/bin/../lib/gcc/arm-none-eabi/12.3.1/../../../../arm-none-eabi/bin/ld.exe: warning: STM32F769I_Discovery.elf has a LOAD segment with RWX permissions
Finished building target: STM32F769I_Discovery.elf
 
arm-none-eabi-size  STM32F769I_Discovery.elf 
   text	   data	    bss	    dec	    hex	filename
 286464	  85340	 312368	 684172	  a708c	STM32F769I_Discovery.elf
Finished building: default.size.stdout
 
arm-none-eabi-objdump -h -S STM32F769I_Discovery.elf  > "STM32F769I_Discovery.list"
Finished building: STM32F769I_Discovery.list
 
arm-none-eabi-objcopy  -O binary STM32F769I_Discovery.elf  "STM32F769I_Discovery.bin"
Finished building: STM32F769I_Discovery.bin
 
17:24:31 **** Incremental Build of configuration Debug for project STM32F769I_Discovery_DSV_LAB ****
make all 
arm-none-eabi-size  STM32F769I_Discovery.elf 
   text	   data	    bss	    dec	    hex	filename
 286464	  85340	 312368	 684172	  a708c	STM32F769I_Discovery.elf
Finished building: default.size.stdout
 
17:17:18 **** Clean-only build of configuration Debug for project PM4_Firmware ****
make -j16 clean 
rm -rf ./TouchGFX/target/generated/OSWrappers.cyclo ./TouchGFX/target/generated/OSWrappers.d ./TouchGFX/target/generated/OSWrappers.o ./TouchGFX/target/generated/OSWrappers.su ./TouchGFX/target/generated/STM32DMA.cyclo ./TouchGFX/target/generated/STM32DMA.d ./TouchGFX/target/generated/STM32DMA.o ./TouchGFX/target/generated/STM32DMA.su ./TouchGFX/target/generated/TouchGFXConfiguration.cyclo ./TouchGFX/target/generated/TouchGFXConfiguration.d ./TouchGFX/target/generated/TouchGFXConfiguration.o ./TouchGFX/target/generated/TouchGFXConfiguration.su ./TouchGFX/target/generated/TouchGFXGeneratedHAL.cyclo ./TouchGFX/target/generated/TouchGFXGeneratedHAL.d ./TouchGFX/target/generated/TouchGFXGeneratedHAL.o ./TouchGFX/target/generated/TouchGFXGeneratedHAL.su
rm -rf ./TouchGFX/target/STM32TouchController.cyclo ./TouchGFX/target/STM32TouchController.d ./TouchGFX/target/STM32TouchController.o ./TouchGFX/target/STM32TouchController.su ./TouchGFX/target/TouchGFXGPIO.cyclo ./TouchGFX/target/TouchGFXGPIO.d ./TouchGFX/target/TouchGFXGPIO.o ./TouchGFX/target/TouchGFXGPIO.su ./TouchGFX/target/TouchGFXHAL.cyclo ./TouchGFX/target/TouchGFXHAL.d ./TouchGFX/target/TouchGFXHAL.o ./TouchGFX/target/TouchGFXHAL.su
rm -rf ./TouchGFX/gui/src/model/Model.cyclo ./TouchGFX/gui/src/model/Model.d ./TouchGFX/gui/src/model/Model.o ./TouchGFX/gui/src/model/Model.su
rm -rf ./TouchGFX/gui/src/login_screen/loginPresenter.cyclo ./TouchGFX/gui/src/login_screen/loginPresenter.d ./TouchGFX/gui/src/login_screen/loginPresenter.o ./TouchGFX/gui/src/login_screen/loginPresenter.su ./TouchGFX/gui/src/login_screen/loginView.cyclo ./TouchGFX/gui/src/login_screen/loginView.d ./TouchGFX/gui/src/login_screen/loginView.o ./TouchGFX/gui/src/login_screen/loginView.su
rm -rf ./TouchGFX/gui/src/common/FrontendApplication.cyclo ./TouchGFX/gui/src/common/FrontendApplication.d ./TouchGFX/gui/src/common/FrontendApplication.o ./TouchGFX/gui/src/common/FrontendApplication.su
rm -rf ./TouchGFX/generated/texts/src/LanguageGb.cyclo ./TouchGFX/generated/texts/src/LanguageGb.d ./TouchGFX/generated/texts/src/LanguageGb.o ./TouchGFX/generated/texts/src/LanguageGb.su ./TouchGFX/generated/texts/src/Texts.cyclo ./TouchGFX/generated/texts/src/Texts.d ./TouchGFX/generated/texts/src/Texts.o ./TouchGFX/generated/texts/src/Texts.su ./TouchGFX/generated/texts/src/TypedTextDatabase.cyclo ./TouchGFX/generated/texts/src/TypedTextDatabase.d ./TouchGFX/generated/texts/src/TypedTextDatabase.o ./TouchGFX/generated/texts/src/TypedTextDatabase.su
rm -rf ./TouchGFX/generated/images/src/__generated/image_alternate_theme_images_widgets_button_icon_round_tiny_fill_disabled.cyclo ./TouchGFX/generated/images/src/__generated/image_alternate_theme_images_widgets_button_icon_round_tiny_fill_disabled.d ./TouchGFX/generated/images/src/__generated/image_alternate_theme_images_widgets_button_icon_round_tiny_fill_disabled.o ./TouchGFX/generated/images/src/__generated/image_alternate_theme_images_widgets_button_icon_round_tiny_fill_disabled.su
rm -rf ./TouchGFX/generated/images/src/BitmapDatabase.cyclo ./TouchGFX/generated/images/src/BitmapDatabase.d ./TouchGFX/generated/images/src/BitmapDatabase.o ./TouchGFX/generated/images/src/BitmapDatabase.su ./TouchGFX/generated/images/src/SVGDatabase.cyclo ./TouchGFX/generated/images/src/SVGDatabase.d ./TouchGFX/generated/images/src/SVGDatabase.o ./TouchGFX/generated/images/src/SVGDatabase.su
rm -rf ./TouchGFX/generated/gui_generated/src/login_screen/loginViewBase.cyclo ./TouchGFX/generated/gui_generated/src/login_screen/loginViewBase.d ./TouchGFX/generated/gui_generated/src/login_screen/loginViewBase.o ./TouchGFX/generated/gui_generated/src/login_screen/loginViewBase.su
rm -rf ./TouchGFX/generated/gui_generated/src/common/FrontendApplicationBase.cyclo ./TouchGFX/generated/gui_generated/src/common/FrontendApplicationBase.d ./TouchGFX/generated/gui_generated/src/common/FrontendApplicationBase.o ./TouchGFX/generated/gui_generated/src/common/FrontendApplicationBase.su
rm -rf ./TouchGFX/generated/fonts/src/ApplicationFontProvider.cyclo ./TouchGFX/generated/fonts/src/ApplicationFontProvider.d ./TouchGFX/generated/fonts/src/ApplicationFontProvider.o ./TouchGFX/generated/fonts/src/ApplicationFontProvider.su ./TouchGFX/generated/fonts/src/CachedFont.cyclo ./TouchGFX/generated/fonts/src/CachedFont.d ./TouchGFX/generated/fonts/src/CachedFont.o ./TouchGFX/generated/fonts/src/CachedFont.su ./TouchGFX/generated/fonts/src/CompressedFontCache.cyclo ./TouchGFX/generated/fonts/src/CompressedFontCache.d ./TouchGFX/generated/fonts/src/CompressedFontCache.o ./TouchGFX/generated/fonts/src/CompressedFontCache.su ./TouchGFX/generated/fonts/src/CompressedUnmappedFontCache.cyclo ./TouchGFX/generated/fonts/src/CompressedUnmappedFontCache.d ./TouchGFX/generated/fonts/src/CompressedUnmappedFontCache.o ./TouchGFX/generated/fonts/src/CompressedUnmappedFontCache.su ./TouchGFX/generated/fonts/src/FontCache.cyclo ./TouchGFX/generated/fonts/src/FontCache.d ./TouchGFX/generated/fonts/src/FontCache.o ./TouchGFX/generated/fonts/src/FontCache.su ./TouchGFX/generated/fonts/src/Font_verdana_10_4bpp_0.cyclo ./TouchGFX/generated/fonts/src/Font_verdana_10_4bpp_0.d ./TouchGFX/generated/fonts/src/Font_verdana_10_4bpp_0.o ./TouchGFX/generated/fonts/src/Font_verdana_10_4bpp_0.su ./TouchGFX/generated/fonts/src/Font_verdana_20_4bpp_0.cyclo ./TouchGFX/generated/fonts/src/Font_verdana_20_4bpp_0.d ./TouchGFX/generated/fonts/src/Font_verdana_20_4bpp_0.o ./TouchGFX/generated/fonts/src/Font_verdana_20_4bpp_0.su ./TouchGFX/generated/fonts/src/Font_verdana_40_4bpp_0.cyclo ./TouchGFX/generated/fonts/src/Font_verdana_40_4bpp_0.d ./TouchGFX/generated/fonts/src/Font_verdana_40_4bpp_0.o ./TouchGFX/generated/fonts/src/Font_verdana_40_4bpp_0.su ./TouchGFX/generated/fonts/src/GeneratedFont.cyclo ./TouchGFX/generated/fonts/src/GeneratedFont.d ./TouchGFX/generated/fonts/src/GeneratedFont.o ./TouchGFX/generated/fonts/src/GeneratedFont.su ./TouchGFX/generated/fonts/src/Kerning_verdana_10_4bpp.cyclo ./TouchGFX/generated/fonts/src/Kerning_verdana_10_4bpp.d ./TouchGFX/generated/fonts/src/Kerning_verdana_10_4bpp.o ./TouchGFX/generated/fonts/src/Kerning_verdana_10_4bpp.su ./TouchGFX/generated/fonts/src/Kerning_verdana_20_4bpp.cyclo ./TouchGFX/generated/fonts/src/Kerning_verdana_20_4bpp.d ./TouchGFX/generated/fonts/src/Kerning_verdana_20_4bpp.o ./TouchGFX/generated/fonts/src/Kerning_verdana_20_4bpp.su ./TouchGFX/generated/fonts/src/Kerning_verdana_40_4bpp.cyclo ./TouchGFX/generated/fonts/src/Kerning_verdana_40_4bpp.d ./TouchGFX/generated/fonts/src/Kerning_verdana_40_4bpp.o ./TouchGFX/generated/fonts/src/Kerning_verdana_40_4bpp.su ./TouchGFX/generated/fonts/src/Table_verdana_10_4bpp.cyclo ./TouchGFX/generated/fonts/src/Table_verdana_10_4bpp.d ./TouchGFX/generated/fonts/src/Table_verdana_10_4bpp.o ./TouchGFX/generated/fonts/src/Table_verdana_10_4bpp.su ./TouchGFX/generated/fonts/src/Table_verdana_20_4bpp.cyclo ./TouchGFX/generated/fonts/src/Table_verdana_20_4bpp.d ./TouchGFX/generated/fonts/src/Table_verdana_20_4bpp.o ./TouchGFX/generated/fonts/src/Table_verdana_20_4bpp.su ./TouchGFX/generated/fonts/src/Table_verdana_40_4bpp.cyclo ./TouchGFX/generated/fonts/src/Table_verdana_40_4bpp.d ./TouchGFX/generated/fonts/src/Table_verdana_40_4bpp.o ./TouchGFX/generated/fonts/src/Table_verdana_40_4bpp.su ./TouchGFX/generated/fonts/src/UnmappedDataFont.cyclo ./TouchGFX/generated/fonts/src/UnmappedDataFont.d ./TouchGFX/generated/fonts/src/UnmappedDataFont.o ./TouchGFX/generated/fonts/src/UnmappedDataFont.su ./TouchGFX/generated/fonts/src/VectorFontRendererBuffers.cyclo ./TouchGFX/generated/fonts/src/VectorFontRendererBuffers.d ./TouchGFX/generated/fonts/src/VectorFontRendererBuffers.o ./TouchGFX/generated/fonts/src/VectorFontRendererBuffers.su
rm -rf ./TouchGFX/App/app_touchgfx.cyclo ./TouchGFX/App/app_touchgfx.d ./TouchGFX/App/app_touchgfx.o ./TouchGFX/App/app_touchgfx.su
rm -rf ./Middlewares/Third_Party/FreeRTOS/Source/portable/MemMang/heap_4.cyclo ./Middlewares/Third_Party/FreeRTOS/Source/portable/MemMang/heap_4.d ./Middlewares/Third_Party/FreeRTOS/Source/portable/MemMang/heap_4.o ./Middlewares/Third_Party/FreeRTOS/Source/portable/MemMang/heap_4.su
rm -rf ./Middlewares/Third_Party/FreeRTOS/Source/portable/GCC/ARM_CM4F/port.cyclo ./Middlewares/Third_Party/FreeRTOS/Source/portable/GCC/ARM_CM4F/port.d ./Middlewares/Third_Party/FreeRTOS/Source/portable/GCC/ARM_CM4F/port.o ./Middlewares/Third_Party/FreeRTOS/Source/portable/GCC/ARM_CM4F/port.su
rm -rf ./Middlewares/Third_Party/FreeRTOS/Source/CMSIS_RTOS_V2/cmsis_os2.cyclo ./Middlewares/Third_Party/FreeRTOS/Source/CMSIS_RTOS_V2/cmsis_os2.d ./Middlewares/Third_Party/FreeRTOS/Source/CMSIS_RTOS_V2/cmsis_os2.o ./Middlewares/Third_Party/FreeRTOS/Source/CMSIS_RTOS_V2/cmsis_os2.su
rm -rf ./Middlewares/Third_Party/FreeRTOS/Source/croutine.cyclo ./Middlewares/Third_Party/FreeRTOS/Source/croutine.d ./Middlewares/Third_Party/FreeRTOS/Source/croutine.o ./Middlewares/Third_Party/FreeRTOS/Source/croutine.su ./Middlewares/Third_Party/FreeRTOS/Source/event_groups.cyclo ./Middlewares/Third_Party/FreeRTOS/Source/event_groups.d ./Middlewares/Third_Party/FreeRTOS/Source/event_groups.o ./Middlewares/Third_Party/FreeRTOS/Source/event_groups.su ./Middlewares/Third_Party/FreeRTOS/Source/list.cyclo ./Middlewares/Third_Party/FreeRTOS/Source/list.d ./Middlewares/Third_Party/FreeRTOS/Source/list.o ./Middlewares/Third_Party/FreeRTOS/Source/list.su ./Middlewares/Third_Party/FreeRTOS/Source/queue.cyclo ./Middlewares/Third_Party/FreeRTOS/Source/queue.d ./Middlewares/Third_Party/FreeRTOS/Source/queue.o ./Middlewares/Third_Party/FreeRTOS/Source/queue.su ./Middlewares/Third_Party/FreeRTOS/Source/stream_buffer.cyclo ./Middlewares/Third_Party/FreeRTOS/Source/stream_buffer.d ./Middlewares/Third_Party/FreeRTOS/Source/stream_buffer.o ./Middlewares/Third_Party/FreeRTOS/Source/stream_buffer.su ./Middlewares/Third_Party/FreeRTOS/Source/tasks.cyclo ./Middlewares/Third_Party/FreeRTOS/Source/tasks.d ./Middlewares/Third_Party/FreeRTOS/Source/tasks.o ./Middlewares/Third_Party/FreeRTOS/Source/tasks.su ./Middlewares/Third_Party/FreeRTOS/Source/timers.cyclo ./Middlewares/Third_Party/FreeRTOS/Source/timers.d ./Middlewares/Third_Party/FreeRTOS/Source/timers.o ./Middlewares/Third_Party/FreeRTOS/Source/timers.su
rm -rf ./Drivers/STM32F4xx_HAL_Driver/Src/stm32f4xx_hal.cyclo ./Drivers/STM32F4xx_HAL_Driver/Src/stm32f4xx_hal.d ./Drivers/STM32F4xx_HAL_Driver/Src/stm32f4xx_hal.o ./Drivers/STM32F4xx_HAL_Driver/Src/stm32f4xx_hal.su ./Drivers/STM32F4xx_HAL_Driver/Src/stm32f4xx_hal_adc.cyclo ./Drivers/STM32F4xx_HAL_Driver/Src/stm32f4xx_hal_adc.d ./Drivers/STM32F4xx_HAL_Driver/Src/stm32f4xx_hal_adc.o ./Drivers/STM32F4xx_HAL_Driver/Src/stm32f4xx_hal_adc.su ./Drivers/STM32F4xx_HAL_Driver/Src/stm32f4xx_hal_adc_ex.cyclo ./Drivers/STM32F4xx_HAL_Driver/Src/stm32f4xx_hal_adc_ex.d ./Drivers/STM32F4xx_HAL_Driver/Src/stm32f4xx_hal_adc_ex.o ./Drivers/STM32F4xx_HAL_Driver/Src/stm32f4xx_hal_adc_ex.su ./Drivers/STM32F4xx_HAL_Driver/Src/stm32f4xx_hal_cortex.cyclo ./Drivers/STM32F4xx_HAL_Driver/Src/stm32f4xx_hal_cortex.d ./Drivers/STM32F4xx_HAL_Driver/Src/stm32f4xx_hal_cortex.o ./Drivers/STM32F4xx_HAL_Driver/Src/stm32f4xx_hal_cortex.su ./Drivers/STM32F4xx_HAL_Driver/Src/stm32f4xx_hal_crc.cyclo ./Drivers/STM32F4xx_HAL_Driver/Src/stm32f4xx_hal_crc.d ./Drivers/STM32F4xx_HAL_Driver/Src/stm32f4xx_hal_crc.o ./Drivers/STM32F4xx_HAL_Driver/Src/stm32f4xx_hal_crc.su ./Drivers/STM32F4xx_HAL_Driver/Src/stm32f4xx_hal_dma.cyclo ./Drivers/STM32F4xx_HAL_Driver/Src/stm32f4xx_hal_dma.d ./Drivers/STM32F4xx_HAL_Driver/Src/stm32f4xx_hal_dma.o ./Drivers/STM32F4xx_HAL_Driver/Src/stm32f4xx_hal_dma.su ./Drivers/STM32F4xx_HAL_Driver/Src/stm32f4xx_hal_dma2d.cyclo ./Drivers/STM32F4xx_HAL_Driver/Src/stm32f4xx_hal_dma2d.d ./Drivers/STM32F4xx_HAL_Driver/Src/stm32f4xx_hal_dma2d.o ./Drivers/STM32F4xx_HAL_Driver/Src/stm32f4xx_hal_dma2d.su ./Drivers/STM32F4xx_HAL_Driver/Src/stm32f4xx_hal_dma_ex.cyclo ./Drivers/STM32F4xx_HAL_Driver/Src/stm32f4xx_hal_dma_ex.d ./Drivers/STM32F4xx_HAL_Driver/Src/stm32f4xx_hal_dma_ex.o ./Drivers/STM32F4xx_HAL_Driver/Src/stm32f4xx_hal_dma_ex.su ./Drivers/STM32F4xx_HAL_Driver/Src/stm32f4xx_hal_dsi.cyclo ./Drivers/STM32F4xx_HAL_Driver/Src/stm32f4xx_hal_dsi.d ./Drivers/STM32F4xx_HAL_Driver/Src/stm32f4xx_hal_dsi.o ./Drivers/STM32F4xx_HAL_Driver/Src/stm32f4xx_hal_dsi.su ./Drivers/STM32F4xx_HAL_Driver/Src/stm32f4xx_hal_exti.cyclo ./Drivers/STM32F4xx_HAL_Driver/Src/stm32f4xx_hal_exti.d ./Drivers/STM32F4xx_HAL_Driver/Src/stm32f4xx_hal_exti.o ./Drivers/STM32F4xx_HAL_Driver/Src/stm32f4xx_hal_exti.su ./Drivers/STM32F4xx_HAL_Driver/Src/stm32f4xx_hal_flash.cyclo ./Drivers/STM32F4xx_HAL_Driver/Src/stm32f4xx_hal_flash.d ./Drivers/STM32F4xx_HAL_Driver/Src/stm32f4xx_hal_flash.o ./Drivers/STM32F4xx_HAL_Driver/Src/stm32f4xx_hal_flash.su ./Drivers/STM32F4xx_HAL_Driver/Src/stm32f4xx_hal_flash_ex.cyclo ./Drivers/STM32F4xx_HAL_Driver/Src/stm32f4xx_hal_flash_ex.d ./Drivers/STM32F4xx_HAL_Driver/Src/stm32f4xx_hal_flash_ex.o ./Drivers/STM32F4xx_HAL_Driver/Src/stm32f4xx_hal_flash_ex.su ./Drivers/STM32F4xx_HAL_Driver/Src/stm32f4xx_hal_flash_ramfunc.cyclo ./Drivers/STM32F4xx_HAL_Driver/Src/stm32f4xx_hal_flash_ramfunc.d ./Drivers/STM32F4xx_HAL_Driver/Src/stm32f4xx_hal_flash_ramfunc.o ./Drivers/STM32F4xx_HAL_Driver/Src/stm32f4xx_hal_flash_ramfunc.su ./Drivers/STM32F4xx_HAL_Driver/Src/stm32f4xx_hal_gpio.cyclo ./Drivers/STM32F4xx_HAL_Driver/Src/stm32f4xx_hal_gpio.d ./Drivers/STM32F4xx_HAL_Driver/Src/stm32f4xx_hal_gpio.o ./Drivers/STM32F4xx_HAL_Driver/Src/stm32f4xx_hal_gpio.su ./Drivers/STM32F4xx_HAL_Driver/Src/stm32f4xx_hal_ltdc.cyclo ./Drivers/STM32F4xx_HAL_Driver/Src/stm32f4xx_hal_ltdc.d ./Drivers/STM32F4xx_HAL_Driver/Src/stm32f4xx_hal_ltdc.o ./Drivers/STM32F4xx_HAL_Driver/Src/stm32f4xx_hal_ltdc.su ./Drivers/STM32F4xx_HAL_Driver/Src/stm32f4xx_hal_ltdc_ex.cyclo ./Drivers/STM32F4xx_HAL_Driver/Src/stm32f4xx_hal_ltdc_ex.d ./Drivers/STM32F4xx_HAL_Driver/Src/stm32f4xx_hal_ltdc_ex.o ./Drivers/STM32F4xx_HAL_Driver/Src/stm32f4xx_hal_ltdc_ex.su ./Drivers/STM32F4xx_HAL_Driver/Src/stm32f4xx_hal_nand.cyclo ./Drivers/STM32F4xx_HAL_Driver/Src/stm32f4xx_hal_nand.d ./Drivers/STM32F4xx_HAL_Driver/Src/stm32f4xx_hal_nand.o ./Drivers/STM32F4xx_HAL_Driver/Src/stm32f4xx_hal_nand.su ./Drivers/STM32F4xx_HAL_Driver/Src/stm32f4xx_hal_nor.cyclo ./Drivers/STM32F4xx_HAL_Driver/Src/stm32f4xx_hal_nor.d ./Drivers/STM32F4xx_HAL_Driver/Src/stm32f4xx_hal_nor.o ./Drivers/STM32F4xx_HAL_Driver/Src/stm32f4xx_hal_nor.su ./Drivers/STM32F4xx_HAL_Driver/Src/stm32f4xx_hal_pccard.cyclo ./Drivers/STM32F4xx_HAL_Driver/Src/stm32f4xx_hal_pccard.d ./Drivers/STM32F4xx_HAL_Driver/Src/stm32f4xx_hal_pccard.o ./Drivers/STM32F4xx_HAL_Driver/Src/stm32f4xx_hal_pccard.su ./Drivers/STM32F4xx_HAL_Driver/Src/stm32f4xx_hal_pwr.cyclo ./Drivers/STM32F4xx_HAL_Driver/Src/stm32f4xx_hal_pwr.d ./Drivers/STM32F4xx_HAL_Driver/Src/stm32f4xx_hal_pwr.o ./Drivers/STM32F4xx_HAL_Driver/Src/stm32f4xx_hal_pwr.su ./Drivers/STM32F4xx_HAL_Driver/Src/stm32f4xx_hal_pwr_ex.cyclo ./Drivers/STM32F4xx_HAL_Driver/Src/stm32f4xx_hal_pwr_ex.d ./Drivers/STM32F4xx_HAL_Driver/Src/stm32f4xx_hal_pwr_ex.o ./Drivers/STM32F4xx_HAL_Driver/Src/stm32f4xx_hal_pwr_ex.su ./Drivers/STM32F4xx_HAL_Driver/Src/stm32f4xx_hal_rcc.cyclo ./Drivers/STM32F4xx_HAL_Driver/Src/stm32f4xx_hal_rcc.d ./Drivers/STM32F4xx_HAL_Driver/Src/stm32f4xx_hal_rcc.o ./Drivers/STM32F4xx_HAL_Driver/Src/stm32f4xx_hal_rcc.su ./Drivers/STM32F4xx_HAL_Driver/Src/stm32f4xx_hal_rcc_ex.cyclo ./Drivers/STM32F4xx_HAL_Driver/Src/stm32f4xx_hal_rcc_ex.d ./Drivers/STM32F4xx_HAL_Driver/Src/stm32f4xx_hal_rcc_ex.o ./Drivers/STM32F4xx_HAL_Driver/Src/stm32f4xx_hal_rcc_ex.su ./Drivers/STM32F4xx_HAL_Driver/Src/stm32f4xx_hal_sdram.cyclo ./Drivers/STM32F4xx_HAL_Driver/Src/stm32f4xx_hal_sdram.d ./Drivers/STM32F4xx_HAL_Driver/Src/stm32f4xx_hal_sdram.o ./Drivers/STM32F4xx_HAL_Driver/Src/stm32f4xx_hal_sdram.su ./Drivers/STM32F4xx_HAL_Driver/Src/stm32f4xx_hal_spi.cyclo ./Drivers/STM32F4xx_HAL_Driver/Src/stm32f4xx_hal_spi.d ./Drivers/STM32F4xx_HAL_Driver/Src/stm32f4xx_hal_spi.o ./Drivers/STM32F4xx_HAL_Driver/Src/stm32f4xx_hal_spi.su ./Drivers/STM32F4xx_HAL_Driver/Src/stm32f4xx_hal_sram.cyclo ./Drivers/STM32F4xx_HAL_Driver/Src/stm32f4xx_hal_sram.d ./Drivers/STM32F4xx_HAL_Driver/Src/stm32f4xx_hal_sram.o
rm -rf ./Core/Startup/startup_stm32f429zitx.d ./Core/Startup/startup_stm32f429zitx.o
rm -rf ./Core/Src/freertos.cyclo ./Core/Src/freertos.d ./Core/Src/freertos.o ./Core/Src/freertos.su ./Core/Src/main.cyclo ./Core/Src/main.d ./Core/Src/main.o ./Core/Src/main.su ./Core/Src/stm32f4xx_hal_msp.cyclo ./Core/Src/stm32f4xx_hal_msp.d ./Core/Src/stm32f4xx_hal_msp.o ./Core/Src/stm32f4xx_hal_msp.su ./Core/Src/stm32f4xx_hal_timebase_tim.cyclo ./Core/Src/stm32f4xx_hal_timebase_tim.d ./Core/Src/stm32f4xx_hal_timebase_tim.o ./Core/Src/stm32f4xx_hal_timebase_tim.su ./Core/Src/stm32f4xx_it.cyclo ./Core/Src/stm32f4xx_it.d ./Core/Src/stm32f4xx_it.o ./Core/Src/stm32f4xx_it.su ./Core/Src/syscalls.cyclo ./Core/Src/syscalls.d ./Core/Src/syscalls.o ./Core/Src/syscalls.su ./Core/Src/sysmem.cyclo ./Core/Src/sysmem.d ./Core/Src/sysmem.o ./Core/Src/sysmem.su ./Core/Src/system_stm32f4xx.cyclo ./Core/Src/system_stm32f4xx.d ./Core/Src/system_stm32f4xx.o ./Core/Src/system_stm32f4xx.su
rm -rf ./Drivers/STM32F4xx_HAL_Driver/Src/stm32f4xx_hal_sram.su ./Drivers/STM32F4xx_HAL_Driver/Src/stm32f4xx_hal_tim.cyclo ./Drivers/STM32F4xx_HAL_Driver/Src/stm32f4xx_hal_tim.d ./Drivers/STM32F4xx_HAL_Driver/Src/stm32f4xx_hal_tim.o ./Drivers/STM32F4xx_HAL_Driver/Src/stm32f4xx_hal_tim.su ./Drivers/STM32F4xx_HAL_Driver/Src/stm32f4xx_hal_tim_ex.cyclo ./Drivers/STM32F4xx_HAL_Driver/Src/stm32f4xx_hal_tim_ex.d ./Drivers/STM32F4xx_HAL_Driver/Src/stm32f4xx_hal_tim_ex.o ./Drivers/STM32F4xx_HAL_Driver/Src/stm32f4xx_hal_tim_ex.su ./Drivers/STM32F4xx_HAL_Driver/Src/stm32f4xx_ll_adc.cyclo ./Drivers/STM32F4xx_HAL_Driver/Src/stm32f4xx_ll_adc.d ./Drivers/STM32F4xx_HAL_Driver/Src/stm32f4xx_ll_adc.o ./Drivers/STM32F4xx_HAL_Driver/Src/stm32f4xx_ll_adc.su ./Drivers/STM32F4xx_HAL_Driver/Src/stm32f4xx_ll_fmc.cyclo ./Drivers/STM32F4xx_HAL_Driver/Src/stm32f4xx_ll_fmc.d ./Drivers/STM32F4xx_HAL_Driver/Src/stm32f4xx_ll_fmc.o ./Drivers/STM32F4xx_HAL_Driver/Src/stm32f4xx_ll_fmc.su
rm -rf PM4_Firmware.elf PM4_Firmware.list PM4_Firmware.map default.size.stdout
 
17:17:21 **** Build of configuration Debug for project PM4_Firmware ****
make -j16 all 
arm-none-eabi-g++ "../TouchGFX/target/generated/OSWrappers.cpp" -mcpu=cortex-m4 -std=gnu++14 -g3 -DDEBUG -DUSE_HAL_DRIVER -DSTM32F429xx -c -I../Core/Inc -I../Drivers/STM32F4xx_HAL_Driver/Inc -I../Drivers/STM32F4xx_HAL_Driver/Inc/Legacy -I../Drivers/CMSIS/Device/ST/STM32F4xx/Include -I../Drivers/CMSIS/Include -I../Middlewares/ST/touchgfx/framework/include -I../TouchGFX/generated/fonts/include -I../TouchGFX/generated/gui_generated/include -I../TouchGFX/generated/images/include -I../TouchGFX/generated/texts/include -I../TouchGFX/generated/videos/include -I../TouchGFX/gui/include -I../TouchGFX/App -I../TouchGFX/target/generated -I../TouchGFX/target -I../Middlewares/Third_Party/FreeRTOS/Source/include -I../Middlewares/Third_Party/FreeRTOS/Source/CMSIS_RTOS_V2 -I../Middlewares/Third_Party/FreeRTOS/Source/portable/GCC/ARM_CM4F -O0 -ffunction-sections -fdata-sections -fno-exceptions -fno-rtti -fno-use-cxa-atexit -Wall -femit-class-debug-always -fstack-usage -fcyclomatic-complexity -MMD -MP -MF"TouchGFX/target/generated/OSWrappers.d" -MT"TouchGFX/target/generated/OSWrappers.o" --specs=nano.specs -mfpu=fpv4-sp-d16 -mfloat-abi=hard -mthumb -o "TouchGFX/target/generated/OSWrappers.o"
arm-none-eabi-g++ "../TouchGFX/target/generated/STM32DMA.cpp" -mcpu=cortex-m4 -std=gnu++14 -g3 -DDEBUG -DUSE_HAL_DRIVER -DSTM32F429xx -c -I../Core/Inc -I../Drivers/STM32F4xx_HAL_Driver/Inc -I../Drivers/STM32F4xx_HAL_Driver/Inc/Legacy -I../Drivers/CMSIS/Device/ST/STM32F4xx/Include -I../Drivers/CMSIS/Include -I../Middlewares/ST/touchgfx/framework/include -I../TouchGFX/generated/fonts/include -I../TouchGFX/generated/gui_generated/include -I../TouchGFX/generated/images/include -I../TouchGFX/generated/texts/include -I../TouchGFX/generated/videos/include -I../TouchGFX/gui/include -I../TouchGFX/App -I../TouchGFX/target/generated -I../TouchGFX/target -I../Middlewares/Third_Party/FreeRTOS/Source/include -I../Middlewares/Third_Party/FreeRTOS/Source/CMSIS_RTOS_V2 -I../Middlewares/Third_Party/FreeRTOS/Source/portable/GCC/ARM_CM4F -O0 -ffunction-sections -fdata-sections -fno-exceptions -fno-rtti -fno-use-cxa-atexit -Wall -femit-class-debug-always -fstack-usage -fcyclomatic-complexity -MMD -MP -MF"TouchGFX/target/generated/STM32DMA.d" -MT"TouchGFX/target/generated/STM32DMA.o" --specs=nano.specs -mfpu=fpv4-sp-d16 -mfloat-abi=hard -mthumb -o "TouchGFX/target/generated/STM32DMA.o"
arm-none-eabi-g++ "../TouchGFX/target/generated/TouchGFXConfiguration.cpp" -mcpu=cortex-m4 -std=gnu++14 -g3 -DDEBUG -DUSE_HAL_DRIVER -DSTM32F429xx -c -I../Core/Inc -I../Drivers/STM32F4xx_HAL_Driver/Inc -I../Drivers/STM32F4xx_HAL_Driver/Inc/Legacy -I../Drivers/CMSIS/Device/ST/STM32F4xx/Include -I../Drivers/CMSIS/Include -I../Middlewares/ST/touchgfx/framework/include -I../TouchGFX/generated/fonts/include -I../TouchGFX/generated/gui_generated/include -I../TouchGFX/generated/images/include -I../TouchGFX/generated/texts/include -I../TouchGFX/generated/videos/include -I../TouchGFX/gui/include -I../TouchGFX/App -I../TouchGFX/target/generated -I../TouchGFX/target -I../Middlewares/Third_Party/FreeRTOS/Source/include -I../Middlewares/Third_Party/FreeRTOS/Source/CMSIS_RTOS_V2 -I../Middlewares/Third_Party/FreeRTOS/Source/portable/GCC/ARM_CM4F -O0 -ffunction-sections -fdata-sections -fno-exceptions -fno-rtti -fno-use-cxa-atexit -Wall -femit-class-debug-always -fstack-usage -fcyclomatic-complexity -MMD -MP -MF"TouchGFX/target/generated/TouchGFXConfiguration.d" -MT"TouchGFX/target/generated/TouchGFXConfiguration.o" --specs=nano.specs -mfpu=fpv4-sp-d16 -mfloat-abi=hard -mthumb -o "TouchGFX/target/generated/TouchGFXConfiguration.o"
arm-none-eabi-g++ "../TouchGFX/target/generated/TouchGFXGeneratedHAL.cpp" -mcpu=cortex-m4 -std=gnu++14 -g3 -DDEBUG -DUSE_HAL_DRIVER -DSTM32F429xx -c -I../Core/Inc -I../Drivers/STM32F4xx_HAL_Driver/Inc -I../Drivers/STM32F4xx_HAL_Driver/Inc/Legacy -I../Drivers/CMSIS/Device/ST/STM32F4xx/Include -I../Drivers/CMSIS/Include -I../Middlewares/ST/touchgfx/framework/include -I../TouchGFX/generated/fonts/include -I../TouchGFX/generated/gui_generated/include -I../TouchGFX/generated/images/include -I../TouchGFX/generated/texts/include -I../TouchGFX/generated/videos/include -I../TouchGFX/gui/include -I../TouchGFX/App -I../TouchGFX/target/generated -I../TouchGFX/target -I../Middlewares/Third_Party/FreeRTOS/Source/include -I../Middlewares/Third_Party/FreeRTOS/Source/CMSIS_RTOS_V2 -I../Middlewares/Third_Party/FreeRTOS/Source/portable/GCC/ARM_CM4F -O0 -ffunction-sections -fdata-sections -fno-exceptions -fno-rtti -fno-use-cxa-atexit -Wall -femit-class-debug-always -fstack-usage -fcyclomatic-complexity -MMD -MP -MF"TouchGFX/target/generated/TouchGFXGeneratedHAL.d" -MT"TouchGFX/target/generated/TouchGFXGeneratedHAL.o" --specs=nano.specs -mfpu=fpv4-sp-d16 -mfloat-abi=hard -mthumb -o "TouchGFX/target/generated/TouchGFXGeneratedHAL.o"
arm-none-eabi-g++ "../TouchGFX/target/STM32TouchController.cpp" -mcpu=cortex-m4 -std=gnu++14 -g3 -DDEBUG -DUSE_HAL_DRIVER -DSTM32F429xx -c -I../Core/Inc -I../Drivers/STM32F4xx_HAL_Driver/Inc -I../Drivers/STM32F4xx_HAL_Driver/Inc/Legacy -I../Drivers/CMSIS/Device/ST/STM32F4xx/Include -I../Drivers/CMSIS/Include -I../Middlewares/ST/touchgfx/framework/include -I../TouchGFX/generated/fonts/include -I../TouchGFX/generated/gui_generated/include -I../TouchGFX/generated/images/include -I../TouchGFX/generated/texts/include -I../TouchGFX/generated/videos/include -I../TouchGFX/gui/include -I../TouchGFX/App -I../TouchGFX/target/generated -I../TouchGFX/target -I../Middlewares/Third_Party/FreeRTOS/Source/include -I../Middlewares/Third_Party/FreeRTOS/Source/CMSIS_RTOS_V2 -I../Middlewares/Third_Party/FreeRTOS/Source/portable/GCC/ARM_CM4F -O0 -ffunction-sections -fdata-sections -fno-exceptions -fno-rtti -fno-use-cxa-atexit -Wall -femit-class-debug-always -fstack-usage -fcyclomatic-complexity -MMD -MP -MF"TouchGFX/target/STM32TouchController.d" -MT"TouchGFX/target/STM32TouchController.o" --specs=nano.specs -mfpu=fpv4-sp-d16 -mfloat-abi=hard -mthumb -o "TouchGFX/target/STM32TouchController.o"
arm-none-eabi-g++ "../TouchGFX/target/TouchGFXGPIO.cpp" -mcpu=cortex-m4 -std=gnu++14 -g3 -DDEBUG -DUSE_HAL_DRIVER -DSTM32F429xx -c -I../Core/Inc -I../Drivers/STM32F4xx_HAL_Driver/Inc -I../Drivers/STM32F4xx_HAL_Driver/Inc/Legacy -I../Drivers/CMSIS/Device/ST/STM32F4xx/Include -I../Drivers/CMSIS/Include -I../Middlewares/ST/touchgfx/framework/include -I../TouchGFX/generated/fonts/include -I../TouchGFX/generated/gui_generated/include -I../TouchGFX/generated/images/include -I../TouchGFX/generated/texts/include -I../TouchGFX/generated/videos/include -I../TouchGFX/gui/include -I../TouchGFX/App -I../TouchGFX/target/generated -I../TouchGFX/target -I../Middlewares/Third_Party/FreeRTOS/Source/include -I../Middlewares/Third_Party/FreeRTOS/Source/CMSIS_RTOS_V2 -I../Middlewares/Third_Party/FreeRTOS/Source/portable/GCC/ARM_CM4F -O0 -ffunction-sections -fdata-sections -fno-exceptions -fno-rtti -fno-use-cxa-atexit -Wall -femit-class-debug-always -fstack-usage -fcyclomatic-complexity -MMD -MP -MF"TouchGFX/target/TouchGFXGPIO.d" -MT"TouchGFX/target/TouchGFXGPIO.o" --specs=nano.specs -mfpu=fpv4-sp-d16 -mfloat-abi=hard -mthumb -o "TouchGFX/target/TouchGFXGPIO.o"
arm-none-eabi-g++ "../TouchGFX/target/TouchGFXHAL.cpp" -mcpu=cortex-m4 -std=gnu++14 -g3 -DDEBUG -DUSE_HAL_DRIVER -DSTM32F429xx -c -I../Core/Inc -I../Drivers/STM32F4xx_HAL_Driver/Inc -I../Drivers/STM32F4xx_HAL_Driver/Inc/Legacy -I../Drivers/CMSIS/Device/ST/STM32F4xx/Include -I../Drivers/CMSIS/Include -I../Middlewares/ST/touchgfx/framework/include -I../TouchGFX/generated/fonts/include -I../TouchGFX/generated/gui_generated/include -I../TouchGFX/generated/images/include -I../TouchGFX/generated/texts/include -I../TouchGFX/generated/videos/include -I../TouchGFX/gui/include -I../TouchGFX/App -I../TouchGFX/target/generated -I../TouchGFX/target -I../Middlewares/Third_Party/FreeRTOS/Source/include -I../Middlewares/Third_Party/FreeRTOS/Source/CMSIS_RTOS_V2 -I../Middlewares/Third_Party/FreeRTOS/Source/portable/GCC/ARM_CM4F -O0 -ffunction-sections -fdata-sections -fno-exceptions -fno-rtti -fno-use-cxa-atexit -Wall -femit-class-debug-always -fstack-usage -fcyclomatic-complexity -MMD -MP -MF"TouchGFX/target/TouchGFXHAL.d" -MT"TouchGFX/target/TouchGFXHAL.o" --specs=nano.specs -mfpu=fpv4-sp-d16 -mfloat-abi=hard -mthumb -o "TouchGFX/target/TouchGFXHAL.o"
arm-none-eabi-g++ "../TouchGFX/gui/src/model/Model.cpp" -mcpu=cortex-m4 -std=gnu++14 -g3 -DDEBUG -DUSE_HAL_DRIVER -DSTM32F429xx -c -I../Core/Inc -I../Drivers/STM32F4xx_HAL_Driver/Inc -I../Drivers/STM32F4xx_HAL_Driver/Inc/Legacy -I../Drivers/CMSIS/Device/ST/STM32F4xx/Include -I../Drivers/CMSIS/Include -I../Middlewares/ST/touchgfx/framework/include -I../TouchGFX/generated/fonts/include -I../TouchGFX/generated/gui_generated/include -I../TouchGFX/generated/images/include -I../TouchGFX/generated/texts/include -I../TouchGFX/generated/videos/include -I../TouchGFX/gui/include -I../TouchGFX/App -I../TouchGFX/target/generated -I../TouchGFX/target -I../Middlewares/Third_Party/FreeRTOS/Source/include -I../Middlewares/Third_Party/FreeRTOS/Source/CMSIS_RTOS_V2 -I../Middlewares/Third_Party/FreeRTOS/Source/portable/GCC/ARM_CM4F -O0 -ffunction-sections -fdata-sections -fno-exceptions -fno-rtti -fno-use-cxa-atexit -Wall -femit-class-debug-always -fstack-usage -fcyclomatic-complexity -MMD -MP -MF"TouchGFX/gui/src/model/Model.d" -MT"TouchGFX/gui/src/model/Model.o" --specs=nano.specs -mfpu=fpv4-sp-d16 -mfloat-abi=hard -mthumb -o "TouchGFX/gui/src/model/Model.o"
arm-none-eabi-g++ "../TouchGFX/gui/src/login_screen/loginPresenter.cpp" -mcpu=cortex-m4 -std=gnu++14 -g3 -DDEBUG -DUSE_HAL_DRIVER -DSTM32F429xx -c -I../Core/Inc -I../Drivers/STM32F4xx_HAL_Driver/Inc -I../Drivers/STM32F4xx_HAL_Driver/Inc/Legacy -I../Drivers/CMSIS/Device/ST/STM32F4xx/Include -I../Drivers/CMSIS/Include -I../Middlewares/ST/touchgfx/framework/include -I../TouchGFX/generated/fonts/include -I../TouchGFX/generated/gui_generated/include -I../TouchGFX/generated/images/include -I../TouchGFX/generated/texts/include -I../TouchGFX/generated/videos/include -I../TouchGFX/gui/include -I../TouchGFX/App -I../TouchGFX/target/generated -I../TouchGFX/target -I../Middlewares/Third_Party/FreeRTOS/Source/include -I../Middlewares/Third_Party/FreeRTOS/Source/CMSIS_RTOS_V2 -I../Middlewares/Third_Party/FreeRTOS/Source/portable/GCC/ARM_CM4F -O0 -ffunction-sections -fdata-sections -fno-exceptions -fno-rtti -fno-use-cxa-atexit -Wall -femit-class-debug-always -fstack-usage -fcyclomatic-complexity -MMD -MP -MF"TouchGFX/gui/src/login_screen/loginPresenter.d" -MT"TouchGFX/gui/src/login_screen/loginPresenter.o" --specs=nano.specs -mfpu=fpv4-sp-d16 -mfloat-abi=hard -mthumb -o "TouchGFX/gui/src/login_screen/loginPresenter.o"
arm-none-eabi-g++ "../TouchGFX/gui/src/login_screen/loginView.cpp" -mcpu=cortex-m4 -std=gnu++14 -g3 -DDEBUG -DUSE_HAL_DRIVER -DSTM32F429xx -c -I../Core/Inc -I../Drivers/STM32F4xx_HAL_Driver/Inc -I../Drivers/STM32F4xx_HAL_Driver/Inc/Legacy -I../Drivers/CMSIS/Device/ST/STM32F4xx/Include -I../Drivers/CMSIS/Include -I../Middlewares/ST/touchgfx/framework/include -I../TouchGFX/generated/fonts/include -I../TouchGFX/generated/gui_generated/include -I../TouchGFX/generated/images/include -I../TouchGFX/generated/texts/include -I../TouchGFX/generated/videos/include -I../TouchGFX/gui/include -I../TouchGFX/App -I../TouchGFX/target/generated -I../TouchGFX/target -I../Middlewares/Third_Party/FreeRTOS/Source/include -I../Middlewares/Third_Party/FreeRTOS/Source/CMSIS_RTOS_V2 -I../Middlewares/Third_Party/FreeRTOS/Source/portable/GCC/ARM_CM4F -O0 -ffunction-sections -fdata-sections -fno-exceptions -fno-rtti -fno-use-cxa-atexit -Wall -femit-class-debug-always -fstack-usage -fcyclomatic-complexity -MMD -MP -MF"TouchGFX/gui/src/login_screen/loginView.d" -MT"TouchGFX/gui/src/login_screen/loginView.o" --specs=nano.specs -mfpu=fpv4-sp-d16 -mfloat-abi=hard -mthumb -o "TouchGFX/gui/src/login_screen/loginView.o"
arm-none-eabi-g++ "../TouchGFX/gui/src/common/FrontendApplication.cpp" -mcpu=cortex-m4 -std=gnu++14 -g3 -DDEBUG -DUSE_HAL_DRIVER -DSTM32F429xx -c -I../Core/Inc -I../Drivers/STM32F4xx_HAL_Driver/Inc -I../Drivers/STM32F4xx_HAL_Driver/Inc/Legacy -I../Drivers/CMSIS/Device/ST/STM32F4xx/Include -I../Drivers/CMSIS/Include -I../Middlewares/ST/touchgfx/framework/include -I../TouchGFX/generated/fonts/include -I../TouchGFX/generated/gui_generated/include -I../TouchGFX/generated/images/include -I../TouchGFX/generated/texts/include -I../TouchGFX/generated/videos/include -I../TouchGFX/gui/include -I../TouchGFX/App -I../TouchGFX/target/generated -I../TouchGFX/target -I../Middlewares/Third_Party/FreeRTOS/Source/include -I../Middlewares/Third_Party/FreeRTOS/Source/CMSIS_RTOS_V2 -I../Middlewares/Third_Party/FreeRTOS/Source/portable/GCC/ARM_CM4F -O0 -ffunction-sections -fdata-sections -fno-exceptions -fno-rtti -fno-use-cxa-atexit -Wall -femit-class-debug-always -fstack-usage -fcyclomatic-complexity -MMD -MP -MF"TouchGFX/gui/src/common/FrontendApplication.d" -MT"TouchGFX/gui/src/common/FrontendApplication.o" --specs=nano.specs -mfpu=fpv4-sp-d16 -mfloat-abi=hard -mthumb -o "TouchGFX/gui/src/common/FrontendApplication.o"
arm-none-eabi-g++ "../TouchGFX/generated/texts/src/LanguageGb.cpp" -mcpu=cortex-m4 -std=gnu++14 -g3 -DDEBUG -DUSE_HAL_DRIVER -DSTM32F429xx -c -I../Core/Inc -I../Drivers/STM32F4xx_HAL_Driver/Inc -I../Drivers/STM32F4xx_HAL_Driver/Inc/Legacy -I../Drivers/CMSIS/Device/ST/STM32F4xx/Include -I../Drivers/CMSIS/Include -I../Middlewares/ST/touchgfx/framework/include -I../TouchGFX/generated/fonts/include -I../TouchGFX/generated/gui_generated/include -I../TouchGFX/generated/images/include -I../TouchGFX/generated/texts/include -I../TouchGFX/generated/videos/include -I../TouchGFX/gui/include -I../TouchGFX/App -I../TouchGFX/target/generated -I../TouchGFX/target -I../Middlewares/Third_Party/FreeRTOS/Source/include -I../Middlewares/Third_Party/FreeRTOS/Source/CMSIS_RTOS_V2 -I../Middlewares/Third_Party/FreeRTOS/Source/portable/GCC/ARM_CM4F -O0 -ffunction-sections -fdata-sections -fno-exceptions -fno-rtti -fno-use-cxa-atexit -Wall -femit-class-debug-always -fstack-usage -fcyclomatic-complexity -MMD -MP -MF"TouchGFX/generated/texts/src/LanguageGb.d" -MT"TouchGFX/generated/texts/src/LanguageGb.o" --specs=nano.specs -mfpu=fpv4-sp-d16 -mfloat-abi=hard -mthumb -o "TouchGFX/generated/texts/src/LanguageGb.o"
arm-none-eabi-g++ "../TouchGFX/generated/texts/src/Texts.cpp" -mcpu=cortex-m4 -std=gnu++14 -g3 -DDEBUG -DUSE_HAL_DRIVER -DSTM32F429xx -c -I../Core/Inc -I../Drivers/STM32F4xx_HAL_Driver/Inc -I../Drivers/STM32F4xx_HAL_Driver/Inc/Legacy -I../Drivers/CMSIS/Device/ST/STM32F4xx/Include -I../Drivers/CMSIS/Include -I../Middlewares/ST/touchgfx/framework/include -I../TouchGFX/generated/fonts/include -I../TouchGFX/generated/gui_generated/include -I../TouchGFX/generated/images/include -I../TouchGFX/generated/texts/include -I../TouchGFX/generated/videos/include -I../TouchGFX/gui/include -I../TouchGFX/App -I../TouchGFX/target/generated -I../TouchGFX/target -I../Middlewares/Third_Party/FreeRTOS/Source/include -I../Middlewares/Third_Party/FreeRTOS/Source/CMSIS_RTOS_V2 -I../Middlewares/Third_Party/FreeRTOS/Source/portable/GCC/ARM_CM4F -O0 -ffunction-sections -fdata-sections -fno-exceptions -fno-rtti -fno-use-cxa-atexit -Wall -femit-class-debug-always -fstack-usage -fcyclomatic-complexity -MMD -MP -MF"TouchGFX/generated/texts/src/Texts.d" -MT"TouchGFX/generated/texts/src/Texts.o" --specs=nano.specs -mfpu=fpv4-sp-d16 -mfloat-abi=hard -mthumb -o "TouchGFX/generated/texts/src/Texts.o"
arm-none-eabi-g++ "../TouchGFX/generated/texts/src/TypedTextDatabase.cpp" -mcpu=cortex-m4 -std=gnu++14 -g3 -DDEBUG -DUSE_HAL_DRIVER -DSTM32F429xx -c -I../Core/Inc -I../Drivers/STM32F4xx_HAL_Driver/Inc -I../Drivers/STM32F4xx_HAL_Driver/Inc/Legacy -I../Drivers/CMSIS/Device/ST/STM32F4xx/Include -I../Drivers/CMSIS/Include -I../Middlewares/ST/touchgfx/framework/include -I../TouchGFX/generated/fonts/include -I../TouchGFX/generated/gui_generated/include -I../TouchGFX/generated/images/include -I../TouchGFX/generated/texts/include -I../TouchGFX/generated/videos/include -I../TouchGFX/gui/include -I../TouchGFX/App -I../TouchGFX/target/generated -I../TouchGFX/target -I../Middlewares/Third_Party/FreeRTOS/Source/include -I../Middlewares/Third_Party/FreeRTOS/Source/CMSIS_RTOS_V2 -I../Middlewares/Third_Party/FreeRTOS/Source/portable/GCC/ARM_CM4F -O0 -ffunction-sections -fdata-sections -fno-exceptions -fno-rtti -fno-use-cxa-atexit -Wall -femit-class-debug-always -fstack-usage -fcyclomatic-complexity -MMD -MP -MF"TouchGFX/generated/texts/src/TypedTextDatabase.d" -MT"TouchGFX/generated/texts/src/TypedTextDatabase.o" --specs=nano.specs -mfpu=fpv4-sp-d16 -mfloat-abi=hard -mthumb -o "TouchGFX/generated/texts/src/TypedTextDatabase.o"
arm-none-eabi-g++ "../TouchGFX/generated/images/src/__generated/image_alternate_theme_images_widgets_button_icon_round_tiny_fill_disabled.cpp" -mcpu=cortex-m4 -std=gnu++14 -g3 -DDEBUG -DUSE_HAL_DRIVER -DSTM32F429xx -c -I../Core/Inc -I../Drivers/STM32F4xx_HAL_Driver/Inc -I../Drivers/STM32F4xx_HAL_Driver/Inc/Legacy -I../Drivers/CMSIS/Device/ST/STM32F4xx/Include -I../Drivers/CMSIS/Include -I../Middlewares/ST/touchgfx/framework/include -I../TouchGFX/generated/fonts/include -I../TouchGFX/generated/gui_generated/include -I../TouchGFX/generated/images/include -I../TouchGFX/generated/texts/include -I../TouchGFX/generated/videos/include -I../TouchGFX/gui/include -I../TouchGFX/App -I../TouchGFX/target/generated -I../TouchGFX/target -I../Middlewares/Third_Party/FreeRTOS/Source/include -I../Middlewares/Third_Party/FreeRTOS/Source/CMSIS_RTOS_V2 -I../Middlewares/Third_Party/FreeRTOS/Source/portable/GCC/ARM_CM4F -O0 -ffunction-sections -fdata-sections -fno-exceptions -fno-rtti -fno-use-cxa-atexit -Wall -femit-class-debug-always -fstack-usage -fcyclomatic-complexity -MMD -MP -MF"TouchGFX/generated/images/src/__generated/image_alternate_theme_images_widgets_button_icon_round_tiny_fill_disabled.d" -MT"TouchGFX/generated/images/src/__generated/image_alternate_theme_images_widgets_button_icon_round_tiny_fill_disabled.o" --specs=nano.specs -mfpu=fpv4-sp-d16 -mfloat-abi=hard -mthumb -o "TouchGFX/generated/images/src/__generated/image_alternate_theme_images_widgets_button_icon_round_tiny_fill_disabled.o"
arm-none-eabi-g++ "../TouchGFX/generated/images/src/BitmapDatabase.cpp" -mcpu=cortex-m4 -std=gnu++14 -g3 -DDEBUG -DUSE_HAL_DRIVER -DSTM32F429xx -c -I../Core/Inc -I../Drivers/STM32F4xx_HAL_Driver/Inc -I../Drivers/STM32F4xx_HAL_Driver/Inc/Legacy -I../Drivers/CMSIS/Device/ST/STM32F4xx/Include -I../Drivers/CMSIS/Include -I../Middlewares/ST/touchgfx/framework/include -I../TouchGFX/generated/fonts/include -I../TouchGFX/generated/gui_generated/include -I../TouchGFX/generated/images/include -I../TouchGFX/generated/texts/include -I../TouchGFX/generated/videos/include -I../TouchGFX/gui/include -I../TouchGFX/App -I../TouchGFX/target/generated -I../TouchGFX/target -I../Middlewares/Third_Party/FreeRTOS/Source/include -I../Middlewares/Third_Party/FreeRTOS/Source/CMSIS_RTOS_V2 -I../Middlewares/Third_Party/FreeRTOS/Source/portable/GCC/ARM_CM4F -O0 -ffunction-sections -fdata-sections -fno-exceptions -fno-rtti -fno-use-cxa-atexit -Wall -femit-class-debug-always -fstack-usage -fcyclomatic-complexity -MMD -MP -MF"TouchGFX/generated/images/src/BitmapDatabase.d" -MT"TouchGFX/generated/images/src/BitmapDatabase.o" --specs=nano.specs -mfpu=fpv4-sp-d16 -mfloat-abi=hard -mthumb -o "TouchGFX/generated/images/src/BitmapDatabase.o"
arm-none-eabi-g++ "../TouchGFX/generated/images/src/SVGDatabase.cpp" -mcpu=cortex-m4 -std=gnu++14 -g3 -DDEBUG -DUSE_HAL_DRIVER -DSTM32F429xx -c -I../Core/Inc -I../Drivers/STM32F4xx_HAL_Driver/Inc -I../Drivers/STM32F4xx_HAL_Driver/Inc/Legacy -I../Drivers/CMSIS/Device/ST/STM32F4xx/Include -I../Drivers/CMSIS/Include -I../Middlewares/ST/touchgfx/framework/include -I../TouchGFX/generated/fonts/include -I../TouchGFX/generated/gui_generated/include -I../TouchGFX/generated/images/include -I../TouchGFX/generated/texts/include -I../TouchGFX/generated/videos/include -I../TouchGFX/gui/include -I../TouchGFX/App -I../TouchGFX/target/generated -I../TouchGFX/target -I../Middlewares/Third_Party/FreeRTOS/Source/include -I../Middlewares/Third_Party/FreeRTOS/Source/CMSIS_RTOS_V2 -I../Middlewares/Third_Party/FreeRTOS/Source/portable/GCC/ARM_CM4F -O0 -ffunction-sections -fdata-sections -fno-exceptions -fno-rtti -fno-use-cxa-atexit -Wall -femit-class-debug-always -fstack-usage -fcyclomatic-complexity -MMD -MP -MF"TouchGFX/generated/images/src/SVGDatabase.d" -MT"TouchGFX/generated/images/src/SVGDatabase.o" --specs=nano.specs -mfpu=fpv4-sp-d16 -mfloat-abi=hard -mthumb -o "TouchGFX/generated/images/src/SVGDatabase.o"
arm-none-eabi-g++ "../TouchGFX/generated/gui_generated/src/login_screen/loginViewBase.cpp" -mcpu=cortex-m4 -std=gnu++14 -g3 -DDEBUG -DUSE_HAL_DRIVER -DSTM32F429xx -c -I../Core/Inc -I../Drivers/STM32F4xx_HAL_Driver/Inc -I../Drivers/STM32F4xx_HAL_Driver/Inc/Legacy -I../Drivers/CMSIS/Device/ST/STM32F4xx/Include -I../Drivers/CMSIS/Include -I../Middlewares/ST/touchgfx/framework/include -I../TouchGFX/generated/fonts/include -I../TouchGFX/generated/gui_generated/include -I../TouchGFX/generated/images/include -I../TouchGFX/generated/texts/include -I../TouchGFX/generated/videos/include -I../TouchGFX/gui/include -I../TouchGFX/App -I../TouchGFX/target/generated -I../TouchGFX/target -I../Middlewares/Third_Party/FreeRTOS/Source/include -I../Middlewares/Third_Party/FreeRTOS/Source/CMSIS_RTOS_V2 -I../Middlewares/Third_Party/FreeRTOS/Source/portable/GCC/ARM_CM4F -O0 -ffunction-sections -fdata-sections -fno-exceptions -fno-rtti -fno-use-cxa-atexit -Wall -femit-class-debug-always -fstack-usage -fcyclomatic-complexity -MMD -MP -MF"TouchGFX/generated/gui_generated/src/login_screen/loginViewBase.d" -MT"TouchGFX/generated/gui_generated/src/login_screen/loginViewBase.o" --specs=nano.specs -mfpu=fpv4-sp-d16 -mfloat-abi=hard -mthumb -o "TouchGFX/generated/gui_generated/src/login_screen/loginViewBase.o"
arm-none-eabi-g++ "../TouchGFX/generated/gui_generated/src/common/FrontendApplicationBase.cpp" -mcpu=cortex-m4 -std=gnu++14 -g3 -DDEBUG -DUSE_HAL_DRIVER -DSTM32F429xx -c -I../Core/Inc -I../Drivers/STM32F4xx_HAL_Driver/Inc -I../Drivers/STM32F4xx_HAL_Driver/Inc/Legacy -I../Drivers/CMSIS/Device/ST/STM32F4xx/Include -I../Drivers/CMSIS/Include -I../Middlewares/ST/touchgfx/framework/include -I../TouchGFX/generated/fonts/include -I../TouchGFX/generated/gui_generated/include -I../TouchGFX/generated/images/include -I../TouchGFX/generated/texts/include -I../TouchGFX/generated/videos/include -I../TouchGFX/gui/include -I../TouchGFX/App -I../TouchGFX/target/generated -I../TouchGFX/target -I../Middlewares/Third_Party/FreeRTOS/Source/include -I../Middlewares/Third_Party/FreeRTOS/Source/CMSIS_RTOS_V2 -I../Middlewares/Third_Party/FreeRTOS/Source/portable/GCC/ARM_CM4F -O0 -ffunction-sections -fdata-sections -fno-exceptions -fno-rtti -fno-use-cxa-atexit -Wall -femit-class-debug-always -fstack-usage -fcyclomatic-complexity -MMD -MP -MF"TouchGFX/generated/gui_generated/src/common/FrontendApplicationBase.d" -MT"TouchGFX/generated/gui_generated/src/common/FrontendApplicationBase.o" --specs=nano.specs -mfpu=fpv4-sp-d16 -mfloat-abi=hard -mthumb -o "TouchGFX/generated/gui_generated/src/common/FrontendApplicationBase.o"
arm-none-eabi-g++ "../TouchGFX/generated/fonts/src/ApplicationFontProvider.cpp" -mcpu=cortex-m4 -std=gnu++14 -g3 -DDEBUG -DUSE_HAL_DRIVER -DSTM32F429xx -c -I../Core/Inc -I../Drivers/STM32F4xx_HAL_Driver/Inc -I../Drivers/STM32F4xx_HAL_Driver/Inc/Legacy -I../Drivers/CMSIS/Device/ST/STM32F4xx/Include -I../Drivers/CMSIS/Include -I../Middlewares/ST/touchgfx/framework/include -I../TouchGFX/generated/fonts/include -I../TouchGFX/generated/gui_generated/include -I../TouchGFX/generated/images/include -I../TouchGFX/generated/texts/include -I../TouchGFX/generated/videos/include -I../TouchGFX/gui/include -I../TouchGFX/App -I../TouchGFX/target/generated -I../TouchGFX/target -I../Middlewares/Third_Party/FreeRTOS/Source/include -I../Middlewares/Third_Party/FreeRTOS/Source/CMSIS_RTOS_V2 -I../Middlewares/Third_Party/FreeRTOS/Source/portable/GCC/ARM_CM4F -O0 -ffunction-sections -fdata-sections -fno-exceptions -fno-rtti -fno-use-cxa-atexit -Wall -femit-class-debug-always -fstack-usage -fcyclomatic-complexity -MMD -MP -MF"TouchGFX/generated/fonts/src/ApplicationFontProvider.d" -MT"TouchGFX/generated/fonts/src/ApplicationFontProvider.o" --specs=nano.specs -mfpu=fpv4-sp-d16 -mfloat-abi=hard -mthumb -o "TouchGFX/generated/fonts/src/ApplicationFontProvider.o"
arm-none-eabi-g++ "../TouchGFX/generated/fonts/src/CachedFont.cpp" -mcpu=cortex-m4 -std=gnu++14 -g3 -DDEBUG -DUSE_HAL_DRIVER -DSTM32F429xx -c -I../Core/Inc -I../Drivers/STM32F4xx_HAL_Driver/Inc -I../Drivers/STM32F4xx_HAL_Driver/Inc/Legacy -I../Drivers/CMSIS/Device/ST/STM32F4xx/Include -I../Drivers/CMSIS/Include -I../Middlewares/ST/touchgfx/framework/include -I../TouchGFX/generated/fonts/include -I../TouchGFX/generated/gui_generated/include -I../TouchGFX/generated/images/include -I../TouchGFX/generated/texts/include -I../TouchGFX/generated/videos/include -I../TouchGFX/gui/include -I../TouchGFX/App -I../TouchGFX/target/generated -I../TouchGFX/target -I../Middlewares/Third_Party/FreeRTOS/Source/include -I../Middlewares/Third_Party/FreeRTOS/Source/CMSIS_RTOS_V2 -I../Middlewares/Third_Party/FreeRTOS/Source/portable/GCC/ARM_CM4F -O0 -ffunction-sections -fdata-sections -fno-exceptions -fno-rtti -fno-use-cxa-atexit -Wall -femit-class-debug-always -fstack-usage -fcyclomatic-complexity -MMD -MP -MF"TouchGFX/generated/fonts/src/CachedFont.d" -MT"TouchGFX/generated/fonts/src/CachedFont.o" --specs=nano.specs -mfpu=fpv4-sp-d16 -mfloat-abi=hard -mthumb -o "TouchGFX/generated/fonts/src/CachedFont.o"
arm-none-eabi-g++ "../TouchGFX/generated/fonts/src/CompressedFontCache.cpp" -mcpu=cortex-m4 -std=gnu++14 -g3 -DDEBUG -DUSE_HAL_DRIVER -DSTM32F429xx -c -I../Core/Inc -I../Drivers/STM32F4xx_HAL_Driver/Inc -I../Drivers/STM32F4xx_HAL_Driver/Inc/Legacy -I../Drivers/CMSIS/Device/ST/STM32F4xx/Include -I../Drivers/CMSIS/Include -I../Middlewares/ST/touchgfx/framework/include -I../TouchGFX/generated/fonts/include -I../TouchGFX/generated/gui_generated/include -I../TouchGFX/generated/images/include -I../TouchGFX/generated/texts/include -I../TouchGFX/generated/videos/include -I../TouchGFX/gui/include -I../TouchGFX/App -I../TouchGFX/target/generated -I../TouchGFX/target -I../Middlewares/Third_Party/FreeRTOS/Source/include -I../Middlewares/Third_Party/FreeRTOS/Source/CMSIS_RTOS_V2 -I../Middlewares/Third_Party/FreeRTOS/Source/portable/GCC/ARM_CM4F -O0 -ffunction-sections -fdata-sections -fno-exceptions -fno-rtti -fno-use-cxa-atexit -Wall -femit-class-debug-always -fstack-usage -fcyclomatic-complexity -MMD -MP -MF"TouchGFX/generated/fonts/src/CompressedFontCache.d" -MT"TouchGFX/generated/fonts/src/CompressedFontCache.o" --specs=nano.specs -mfpu=fpv4-sp-d16 -mfloat-abi=hard -mthumb -o "TouchGFX/generated/fonts/src/CompressedFontCache.o"
arm-none-eabi-g++ "../TouchGFX/generated/fonts/src/CompressedUnmappedFontCache.cpp" -mcpu=cortex-m4 -std=gnu++14 -g3 -DDEBUG -DUSE_HAL_DRIVER -DSTM32F429xx -c -I../Core/Inc -I../Drivers/STM32F4xx_HAL_Driver/Inc -I../Drivers/STM32F4xx_HAL_Driver/Inc/Legacy -I../Drivers/CMSIS/Device/ST/STM32F4xx/Include -I../Drivers/CMSIS/Include -I../Middlewares/ST/touchgfx/framework/include -I../TouchGFX/generated/fonts/include -I../TouchGFX/generated/gui_generated/include -I../TouchGFX/generated/images/include -I../TouchGFX/generated/texts/include -I../TouchGFX/generated/videos/include -I../TouchGFX/gui/include -I../TouchGFX/App -I../TouchGFX/target/generated -I../TouchGFX/target -I../Middlewares/Third_Party/FreeRTOS/Source/include -I../Middlewares/Third_Party/FreeRTOS/Source/CMSIS_RTOS_V2 -I../Middlewares/Third_Party/FreeRTOS/Source/portable/GCC/ARM_CM4F -O0 -ffunction-sections -fdata-sections -fno-exceptions -fno-rtti -fno-use-cxa-atexit -Wall -femit-class-debug-always -fstack-usage -fcyclomatic-complexity -MMD -MP -MF"TouchGFX/generated/fonts/src/CompressedUnmappedFontCache.d" -MT"TouchGFX/generated/fonts/src/CompressedUnmappedFontCache.o" --specs=nano.specs -mfpu=fpv4-sp-d16 -mfloat-abi=hard -mthumb -o "TouchGFX/generated/fonts/src/CompressedUnmappedFontCache.o"
arm-none-eabi-g++ "../TouchGFX/generated/fonts/src/FontCache.cpp" -mcpu=cortex-m4 -std=gnu++14 -g3 -DDEBUG -DUSE_HAL_DRIVER -DSTM32F429xx -c -I../Core/Inc -I../Drivers/STM32F4xx_HAL_Driver/Inc -I../Drivers/STM32F4xx_HAL_Driver/Inc/Legacy -I../Drivers/CMSIS/Device/ST/STM32F4xx/Include -I../Drivers/CMSIS/Include -I../Middlewares/ST/touchgfx/framework/include -I../TouchGFX/generated/fonts/include -I../TouchGFX/generated/gui_generated/include -I../TouchGFX/generated/images/include -I../TouchGFX/generated/texts/include -I../TouchGFX/generated/videos/include -I../TouchGFX/gui/include -I../TouchGFX/App -I../TouchGFX/target/generated -I../TouchGFX/target -I../Middlewares/Third_Party/FreeRTOS/Source/include -I../Middlewares/Third_Party/FreeRTOS/Source/CMSIS_RTOS_V2 -I../Middlewares/Third_Party/FreeRTOS/Source/portable/GCC/ARM_CM4F -O0 -ffunction-sections -fdata-sections -fno-exceptions -fno-rtti -fno-use-cxa-atexit -Wall -femit-class-debug-always -fstack-usage -fcyclomatic-complexity -MMD -MP -MF"TouchGFX/generated/fonts/src/FontCache.d" -MT"TouchGFX/generated/fonts/src/FontCache.o" --specs=nano.specs -mfpu=fpv4-sp-d16 -mfloat-abi=hard -mthumb -o "TouchGFX/generated/fonts/src/FontCache.o"
arm-none-eabi-g++ "../TouchGFX/generated/fonts/src/Font_verdana_10_4bpp_0.cpp" -mcpu=cortex-m4 -std=gnu++14 -g3 -DDEBUG -DUSE_HAL_DRIVER -DSTM32F429xx -c -I../Core/Inc -I../Drivers/STM32F4xx_HAL_Driver/Inc -I../Drivers/STM32F4xx_HAL_Driver/Inc/Legacy -I../Drivers/CMSIS/Device/ST/STM32F4xx/Include -I../Drivers/CMSIS/Include -I../Middlewares/ST/touchgfx/framework/include -I../TouchGFX/generated/fonts/include -I../TouchGFX/generated/gui_generated/include -I../TouchGFX/generated/images/include -I../TouchGFX/generated/texts/include -I../TouchGFX/generated/videos/include -I../TouchGFX/gui/include -I../TouchGFX/App -I../TouchGFX/target/generated -I../TouchGFX/target -I../Middlewares/Third_Party/FreeRTOS/Source/include -I../Middlewares/Third_Party/FreeRTOS/Source/CMSIS_RTOS_V2 -I../Middlewares/Third_Party/FreeRTOS/Source/portable/GCC/ARM_CM4F -O0 -ffunction-sections -fdata-sections -fno-exceptions -fno-rtti -fno-use-cxa-atexit -Wall -femit-class-debug-always -fstack-usage -fcyclomatic-complexity -MMD -MP -MF"TouchGFX/generated/fonts/src/Font_verdana_10_4bpp_0.d" -MT"TouchGFX/generated/fonts/src/Font_verdana_10_4bpp_0.o" --specs=nano.specs -mfpu=fpv4-sp-d16 -mfloat-abi=hard -mthumb -o "TouchGFX/generated/fonts/src/Font_verdana_10_4bpp_0.o"
arm-none-eabi-g++ "../TouchGFX/generated/fonts/src/Font_verdana_20_4bpp_0.cpp" -mcpu=cortex-m4 -std=gnu++14 -g3 -DDEBUG -DUSE_HAL_DRIVER -DSTM32F429xx -c -I../Core/Inc -I../Drivers/STM32F4xx_HAL_Driver/Inc -I../Drivers/STM32F4xx_HAL_Driver/Inc/Legacy -I../Drivers/CMSIS/Device/ST/STM32F4xx/Include -I../Drivers/CMSIS/Include -I../Middlewares/ST/touchgfx/framework/include -I../TouchGFX/generated/fonts/include -I../TouchGFX/generated/gui_generated/include -I../TouchGFX/generated/images/include -I../TouchGFX/generated/texts/include -I../TouchGFX/generated/videos/include -I../TouchGFX/gui/include -I../TouchGFX/App -I../TouchGFX/target/generated -I../TouchGFX/target -I../Middlewares/Third_Party/FreeRTOS/Source/include -I../Middlewares/Third_Party/FreeRTOS/Source/CMSIS_RTOS_V2 -I../Middlewares/Third_Party/FreeRTOS/Source/portable/GCC/ARM_CM4F -O0 -ffunction-sections -fdata-sections -fno-exceptions -fno-rtti -fno-use-cxa-atexit -Wall -femit-class-debug-always -fstack-usage -fcyclomatic-complexity -MMD -MP -MF"TouchGFX/generated/fonts/src/Font_verdana_20_4bpp_0.d" -MT"TouchGFX/generated/fonts/src/Font_verdana_20_4bpp_0.o" --specs=nano.specs -mfpu=fpv4-sp-d16 -mfloat-abi=hard -mthumb -o "TouchGFX/generated/fonts/src/Font_verdana_20_4bpp_0.o"
arm-none-eabi-g++ "../TouchGFX/generated/fonts/src/Font_verdana_40_4bpp_0.cpp" -mcpu=cortex-m4 -std=gnu++14 -g3 -DDEBUG -DUSE_HAL_DRIVER -DSTM32F429xx -c -I../Core/Inc -I../Drivers/STM32F4xx_HAL_Driver/Inc -I../Drivers/STM32F4xx_HAL_Driver/Inc/Legacy -I../Drivers/CMSIS/Device/ST/STM32F4xx/Include -I../Drivers/CMSIS/Include -I../Middlewares/ST/touchgfx/framework/include -I../TouchGFX/generated/fonts/include -I../TouchGFX/generated/gui_generated/include -I../TouchGFX/generated/images/include -I../TouchGFX/generated/texts/include -I../TouchGFX/generated/videos/include -I../TouchGFX/gui/include -I../TouchGFX/App -I../TouchGFX/target/generated -I../TouchGFX/target -I../Middlewares/Third_Party/FreeRTOS/Source/include -I../Middlewares/Third_Party/FreeRTOS/Source/CMSIS_RTOS_V2 -I../Middlewares/Third_Party/FreeRTOS/Source/portable/GCC/ARM_CM4F -O0 -ffunction-sections -fdata-sections -fno-exceptions -fno-rtti -fno-use-cxa-atexit -Wall -femit-class-debug-always -fstack-usage -fcyclomatic-complexity -MMD -MP -MF"TouchGFX/generated/fonts/src/Font_verdana_40_4bpp_0.d" -MT"TouchGFX/generated/fonts/src/Font_verdana_40_4bpp_0.o" --specs=nano.specs -mfpu=fpv4-sp-d16 -mfloat-abi=hard -mthumb -o "TouchGFX/generated/fonts/src/Font_verdana_40_4bpp_0.o"
arm-none-eabi-g++ "../TouchGFX/generated/fonts/src/GeneratedFont.cpp" -mcpu=cortex-m4 -std=gnu++14 -g3 -DDEBUG -DUSE_HAL_DRIVER -DSTM32F429xx -c -I../Core/Inc -I../Drivers/STM32F4xx_HAL_Driver/Inc -I../Drivers/STM32F4xx_HAL_Driver/Inc/Legacy -I../Drivers/CMSIS/Device/ST/STM32F4xx/Include -I../Drivers/CMSIS/Include -I../Middlewares/ST/touchgfx/framework/include -I../TouchGFX/generated/fonts/include -I../TouchGFX/generated/gui_generated/include -I../TouchGFX/generated/images/include -I../TouchGFX/generated/texts/include -I../TouchGFX/generated/videos/include -I../TouchGFX/gui/include -I../TouchGFX/App -I../TouchGFX/target/generated -I../TouchGFX/target -I../Middlewares/Third_Party/FreeRTOS/Source/include -I../Middlewares/Third_Party/FreeRTOS/Source/CMSIS_RTOS_V2 -I../Middlewares/Third_Party/FreeRTOS/Source/portable/GCC/ARM_CM4F -O0 -ffunction-sections -fdata-sections -fno-exceptions -fno-rtti -fno-use-cxa-atexit -Wall -femit-class-debug-always -fstack-usage -fcyclomatic-complexity -MMD -MP -MF"TouchGFX/generated/fonts/src/GeneratedFont.d" -MT"TouchGFX/generated/fonts/src/GeneratedFont.o" --specs=nano.specs -mfpu=fpv4-sp-d16 -mfloat-abi=hard -mthumb -o "TouchGFX/generated/fonts/src/GeneratedFont.o"
arm-none-eabi-g++ "../TouchGFX/generated/fonts/src/Kerning_verdana_10_4bpp.cpp" -mcpu=cortex-m4 -std=gnu++14 -g3 -DDEBUG -DUSE_HAL_DRIVER -DSTM32F429xx -c -I../Core/Inc -I../Drivers/STM32F4xx_HAL_Driver/Inc -I../Drivers/STM32F4xx_HAL_Driver/Inc/Legacy -I../Drivers/CMSIS/Device/ST/STM32F4xx/Include -I../Drivers/CMSIS/Include -I../Middlewares/ST/touchgfx/framework/include -I../TouchGFX/generated/fonts/include -I../TouchGFX/generated/gui_generated/include -I../TouchGFX/generated/images/include -I../TouchGFX/generated/texts/include -I../TouchGFX/generated/videos/include -I../TouchGFX/gui/include -I../TouchGFX/App -I../TouchGFX/target/generated -I../TouchGFX/target -I../Middlewares/Third_Party/FreeRTOS/Source/include -I../Middlewares/Third_Party/FreeRTOS/Source/CMSIS_RTOS_V2 -I../Middlewares/Third_Party/FreeRTOS/Source/portable/GCC/ARM_CM4F -O0 -ffunction-sections -fdata-sections -fno-exceptions -fno-rtti -fno-use-cxa-atexit -Wall -femit-class-debug-always -fstack-usage -fcyclomatic-complexity -MMD -MP -MF"TouchGFX/generated/fonts/src/Kerning_verdana_10_4bpp.d" -MT"TouchGFX/generated/fonts/src/Kerning_verdana_10_4bpp.o" --specs=nano.specs -mfpu=fpv4-sp-d16 -mfloat-abi=hard -mthumb -o "TouchGFX/generated/fonts/src/Kerning_verdana_10_4bpp.o"
arm-none-eabi-g++ "../TouchGFX/generated/fonts/src/Kerning_verdana_20_4bpp.cpp" -mcpu=cortex-m4 -std=gnu++14 -g3 -DDEBUG -DUSE_HAL_DRIVER -DSTM32F429xx -c -I../Core/Inc -I../Drivers/STM32F4xx_HAL_Driver/Inc -I../Drivers/STM32F4xx_HAL_Driver/Inc/Legacy -I../Drivers/CMSIS/Device/ST/STM32F4xx/Include -I../Drivers/CMSIS/Include -I../Middlewares/ST/touchgfx/framework/include -I../TouchGFX/generated/fonts/include -I../TouchGFX/generated/gui_generated/include -I../TouchGFX/generated/images/include -I../TouchGFX/generated/texts/include -I../TouchGFX/generated/videos/include -I../TouchGFX/gui/include -I../TouchGFX/App -I../TouchGFX/target/generated -I../TouchGFX/target -I../Middlewares/Third_Party/FreeRTOS/Source/include -I../Middlewares/Third_Party/FreeRTOS/Source/CMSIS_RTOS_V2 -I../Middlewares/Third_Party/FreeRTOS/Source/portable/GCC/ARM_CM4F -O0 -ffunction-sections -fdata-sections -fno-exceptions -fno-rtti -fno-use-cxa-atexit -Wall -femit-class-debug-always -fstack-usage -fcyclomatic-complexity -MMD -MP -MF"TouchGFX/generated/fonts/src/Kerning_verdana_20_4bpp.d" -MT"TouchGFX/generated/fonts/src/Kerning_verdana_20_4bpp.o" --specs=nano.specs -mfpu=fpv4-sp-d16 -mfloat-abi=hard -mthumb -o "TouchGFX/generated/fonts/src/Kerning_verdana_20_4bpp.o"
arm-none-eabi-g++ "../TouchGFX/generated/fonts/src/Kerning_verdana_40_4bpp.cpp" -mcpu=cortex-m4 -std=gnu++14 -g3 -DDEBUG -DUSE_HAL_DRIVER -DSTM32F429xx -c -I../Core/Inc -I../Drivers/STM32F4xx_HAL_Driver/Inc -I../Drivers/STM32F4xx_HAL_Driver/Inc/Legacy -I../Drivers/CMSIS/Device/ST/STM32F4xx/Include -I../Drivers/CMSIS/Include -I../Middlewares/ST/touchgfx/framework/include -I../TouchGFX/generated/fonts/include -I../TouchGFX/generated/gui_generated/include -I../TouchGFX/generated/images/include -I../TouchGFX/generated/texts/include -I../TouchGFX/generated/videos/include -I../TouchGFX/gui/include -I../TouchGFX/App -I../TouchGFX/target/generated -I../TouchGFX/target -I../Middlewares/Third_Party/FreeRTOS/Source/include -I../Middlewares/Third_Party/FreeRTOS/Source/CMSIS_RTOS_V2 -I../Middlewares/Third_Party/FreeRTOS/Source/portable/GCC/ARM_CM4F -O0 -ffunction-sections -fdata-sections -fno-exceptions -fno-rtti -fno-use-cxa-atexit -Wall -femit-class-debug-always -fstack-usage -fcyclomatic-complexity -MMD -MP -MF"TouchGFX/generated/fonts/src/Kerning_verdana_40_4bpp.d" -MT"TouchGFX/generated/fonts/src/Kerning_verdana_40_4bpp.o" --specs=nano.specs -mfpu=fpv4-sp-d16 -mfloat-abi=hard -mthumb -o "TouchGFX/generated/fonts/src/Kerning_verdana_40_4bpp.o"
arm-none-eabi-g++ "../TouchGFX/generated/fonts/src/Table_verdana_10_4bpp.cpp" -mcpu=cortex-m4 -std=gnu++14 -g3 -DDEBUG -DUSE_HAL_DRIVER -DSTM32F429xx -c -I../Core/Inc -I../Drivers/STM32F4xx_HAL_Driver/Inc -I../Drivers/STM32F4xx_HAL_Driver/Inc/Legacy -I../Drivers/CMSIS/Device/ST/STM32F4xx/Include -I../Drivers/CMSIS/Include -I../Middlewares/ST/touchgfx/framework/include -I../TouchGFX/generated/fonts/include -I../TouchGFX/generated/gui_generated/include -I../TouchGFX/generated/images/include -I../TouchGFX/generated/texts/include -I../TouchGFX/generated/videos/include -I../TouchGFX/gui/include -I../TouchGFX/App -I../TouchGFX/target/generated -I../TouchGFX/target -I../Middlewares/Third_Party/FreeRTOS/Source/include -I../Middlewares/Third_Party/FreeRTOS/Source/CMSIS_RTOS_V2 -I../Middlewares/Third_Party/FreeRTOS/Source/portable/GCC/ARM_CM4F -O0 -ffunction-sections -fdata-sections -fno-exceptions -fno-rtti -fno-use-cxa-atexit -Wall -femit-class-debug-always -fstack-usage -fcyclomatic-complexity -MMD -MP -MF"TouchGFX/generated/fonts/src/Table_verdana_10_4bpp.d" -MT"TouchGFX/generated/fonts/src/Table_verdana_10_4bpp.o" --specs=nano.specs -mfpu=fpv4-sp-d16 -mfloat-abi=hard -mthumb -o "TouchGFX/generated/fonts/src/Table_verdana_10_4bpp.o"
arm-none-eabi-g++ "../TouchGFX/generated/fonts/src/Table_verdana_20_4bpp.cpp" -mcpu=cortex-m4 -std=gnu++14 -g3 -DDEBUG -DUSE_HAL_DRIVER -DSTM32F429xx -c -I../Core/Inc -I../Drivers/STM32F4xx_HAL_Driver/Inc -I../Drivers/STM32F4xx_HAL_Driver/Inc/Legacy -I../Drivers/CMSIS/Device/ST/STM32F4xx/Include -I../Drivers/CMSIS/Include -I../Middlewares/ST/touchgfx/framework/include -I../TouchGFX/generated/fonts/include -I../TouchGFX/generated/gui_generated/include -I../TouchGFX/generated/images/include -I../TouchGFX/generated/texts/include -I../TouchGFX/generated/videos/include -I../TouchGFX/gui/include -I../TouchGFX/App -I../TouchGFX/target/generated -I../TouchGFX/target -I../Middlewares/Third_Party/FreeRTOS/Source/include -I../Middlewares/Third_Party/FreeRTOS/Source/CMSIS_RTOS_V2 -I../Middlewares/Third_Party/FreeRTOS/Source/portable/GCC/ARM_CM4F -O0 -ffunction-sections -fdata-sections -fno-exceptions -fno-rtti -fno-use-cxa-atexit -Wall -femit-class-debug-always -fstack-usage -fcyclomatic-complexity -MMD -MP -MF"TouchGFX/generated/fonts/src/Table_verdana_20_4bpp.d" -MT"TouchGFX/generated/fonts/src/Table_verdana_20_4bpp.o" --specs=nano.specs -mfpu=fpv4-sp-d16 -mfloat-abi=hard -mthumb -o "TouchGFX/generated/fonts/src/Table_verdana_20_4bpp.o"
arm-none-eabi-g++ "../TouchGFX/generated/fonts/src/Table_verdana_40_4bpp.cpp" -mcpu=cortex-m4 -std=gnu++14 -g3 -DDEBUG -DUSE_HAL_DRIVER -DSTM32F429xx -c -I../Core/Inc -I../Drivers/STM32F4xx_HAL_Driver/Inc -I../Drivers/STM32F4xx_HAL_Driver/Inc/Legacy -I../Drivers/CMSIS/Device/ST/STM32F4xx/Include -I../Drivers/CMSIS/Include -I../Middlewares/ST/touchgfx/framework/include -I../TouchGFX/generated/fonts/include -I../TouchGFX/generated/gui_generated/include -I../TouchGFX/generated/images/include -I../TouchGFX/generated/texts/include -I../TouchGFX/generated/videos/include -I../TouchGFX/gui/include -I../TouchGFX/App -I../TouchGFX/target/generated -I../TouchGFX/target -I../Middlewares/Third_Party/FreeRTOS/Source/include -I../Middlewares/Third_Party/FreeRTOS/Source/CMSIS_RTOS_V2 -I../Middlewares/Third_Party/FreeRTOS/Source/portable/GCC/ARM_CM4F -O0 -ffunction-sections -fdata-sections -fno-exceptions -fno-rtti -fno-use-cxa-atexit -Wall -femit-class-debug-always -fstack-usage -fcyclomatic-complexity -MMD -MP -MF"TouchGFX/generated/fonts/src/Table_verdana_40_4bpp.d" -MT"TouchGFX/generated/fonts/src/Table_verdana_40_4bpp.o" --specs=nano.specs -mfpu=fpv4-sp-d16 -mfloat-abi=hard -mthumb -o "TouchGFX/generated/fonts/src/Table_verdana_40_4bpp.o"
arm-none-eabi-g++ "../TouchGFX/generated/fonts/src/UnmappedDataFont.cpp" -mcpu=cortex-m4 -std=gnu++14 -g3 -DDEBUG -DUSE_HAL_DRIVER -DSTM32F429xx -c -I../Core/Inc -I../Drivers/STM32F4xx_HAL_Driver/Inc -I../Drivers/STM32F4xx_HAL_Driver/Inc/Legacy -I../Drivers/CMSIS/Device/ST/STM32F4xx/Include -I../Drivers/CMSIS/Include -I../Middlewares/ST/touchgfx/framework/include -I../TouchGFX/generated/fonts/include -I../TouchGFX/generated/gui_generated/include -I../TouchGFX/generated/images/include -I../TouchGFX/generated/texts/include -I../TouchGFX/generated/videos/include -I../TouchGFX/gui/include -I../TouchGFX/App -I../TouchGFX/target/generated -I../TouchGFX/target -I../Middlewares/Third_Party/FreeRTOS/Source/include -I../Middlewares/Third_Party/FreeRTOS/Source/CMSIS_RTOS_V2 -I../Middlewares/Third_Party/FreeRTOS/Source/portable/GCC/ARM_CM4F -O0 -ffunction-sections -fdata-sections -fno-exceptions -fno-rtti -fno-use-cxa-atexit -Wall -femit-class-debug-always -fstack-usage -fcyclomatic-complexity -MMD -MP -MF"TouchGFX/generated/fonts/src/UnmappedDataFont.d" -MT"TouchGFX/generated/fonts/src/UnmappedDataFont.o" --specs=nano.specs -mfpu=fpv4-sp-d16 -mfloat-abi=hard -mthumb -o "TouchGFX/generated/fonts/src/UnmappedDataFont.o"
arm-none-eabi-g++ "../TouchGFX/generated/fonts/src/VectorFontRendererBuffers.cpp" -mcpu=cortex-m4 -std=gnu++14 -g3 -DDEBUG -DUSE_HAL_DRIVER -DSTM32F429xx -c -I../Core/Inc -I../Drivers/STM32F4xx_HAL_Driver/Inc -I../Drivers/STM32F4xx_HAL_Driver/Inc/Legacy -I../Drivers/CMSIS/Device/ST/STM32F4xx/Include -I../Drivers/CMSIS/Include -I../Middlewares/ST/touchgfx/framework/include -I../TouchGFX/generated/fonts/include -I../TouchGFX/generated/gui_generated/include -I../TouchGFX/generated/images/include -I../TouchGFX/generated/texts/include -I../TouchGFX/generated/videos/include -I../TouchGFX/gui/include -I../TouchGFX/App -I../TouchGFX/target/generated -I../TouchGFX/target -I../Middlewares/Third_Party/FreeRTOS/Source/include -I../Middlewares/Third_Party/FreeRTOS/Source/CMSIS_RTOS_V2 -I../Middlewares/Third_Party/FreeRTOS/Source/portable/GCC/ARM_CM4F -O0 -ffunction-sections -fdata-sections -fno-exceptions -fno-rtti -fno-use-cxa-atexit -Wall -femit-class-debug-always -fstack-usage -fcyclomatic-complexity -MMD -MP -MF"TouchGFX/generated/fonts/src/VectorFontRendererBuffers.d" -MT"TouchGFX/generated/fonts/src/VectorFontRendererBuffers.o" --specs=nano.specs -mfpu=fpv4-sp-d16 -mfloat-abi=hard -mthumb -o "TouchGFX/generated/fonts/src/VectorFontRendererBuffers.o"
arm-none-eabi-gcc "../TouchGFX/App/app_touchgfx.c" -mcpu=cortex-m4 -std=gnu11 -g3 -DDEBUG -DUSE_HAL_DRIVER -DSTM32F429xx -c -I../Core/Inc -I../Drivers/STM32F4xx_HAL_Driver/Inc -I../Drivers/STM32F4xx_HAL_Driver/Inc/Legacy -I../Drivers/CMSIS/Device/ST/STM32F4xx/Include -I../Drivers/CMSIS/Include -I../Middlewares/ST/touchgfx/framework/include -I../TouchGFX/generated/fonts/include -I../TouchGFX/generated/gui_generated/include -I../TouchGFX/generated/images/include -I../TouchGFX/generated/texts/include -I../TouchGFX/generated/videos/include -I../TouchGFX/gui/include -I../TouchGFX/App -I../TouchGFX/target/generated -I../TouchGFX/target -I../Middlewares/Third_Party/FreeRTOS/Source/include -I../Middlewares/Third_Party/FreeRTOS/Source/CMSIS_RTOS_V2 -I../Middlewares/Third_Party/FreeRTOS/Source/portable/GCC/ARM_CM4F -O0 -ffunction-sections -fdata-sections -Wall -fstack-usage -fcyclomatic-complexity -MMD -MP -MF"TouchGFX/App/app_touchgfx.d" -MT"TouchGFX/App/app_touchgfx.o" --specs=nano.specs -mfpu=fpv4-sp-d16 -mfloat-abi=hard -mthumb -o "TouchGFX/App/app_touchgfx.o"
arm-none-eabi-gcc "../Middlewares/Third_Party/FreeRTOS/Source/portable/MemMang/heap_4.c" -mcpu=cortex-m4 -std=gnu11 -g3 -DDEBUG -DUSE_HAL_DRIVER -DSTM32F429xx -c -I../Core/Inc -I../Drivers/STM32F4xx_HAL_Driver/Inc -I../Drivers/STM32F4xx_HAL_Driver/Inc/Legacy -I../Drivers/CMSIS/Device/ST/STM32F4xx/Include -I../Drivers/CMSIS/Include -I../Middlewares/ST/touchgfx/framework/include -I../TouchGFX/generated/fonts/include -I../TouchGFX/generated/gui_generated/include -I../TouchGFX/generated/images/include -I../TouchGFX/generated/texts/include -I../TouchGFX/generated/videos/include -I../TouchGFX/gui/include -I../TouchGFX/App -I../TouchGFX/target/generated -I../TouchGFX/target -I../Middlewares/Third_Party/FreeRTOS/Source/include -I../Middlewares/Third_Party/FreeRTOS/Source/CMSIS_RTOS_V2 -I../Middlewares/Third_Party/FreeRTOS/Source/portable/GCC/ARM_CM4F -O0 -ffunction-sections -fdata-sections -Wall -fstack-usage -fcyclomatic-complexity -MMD -MP -MF"Middlewares/Third_Party/FreeRTOS/Source/portable/MemMang/heap_4.d" -MT"Middlewares/Third_Party/FreeRTOS/Source/portable/MemMang/heap_4.o" --specs=nano.specs -mfpu=fpv4-sp-d16 -mfloat-abi=hard -mthumb -o "Middlewares/Third_Party/FreeRTOS/Source/portable/MemMang/heap_4.o"
arm-none-eabi-gcc "../Middlewares/Third_Party/FreeRTOS/Source/portable/GCC/ARM_CM4F/port.c" -mcpu=cortex-m4 -std=gnu11 -g3 -DDEBUG -DUSE_HAL_DRIVER -DSTM32F429xx -c -I../Core/Inc -I../Drivers/STM32F4xx_HAL_Driver/Inc -I../Drivers/STM32F4xx_HAL_Driver/Inc/Legacy -I../Drivers/CMSIS/Device/ST/STM32F4xx/Include -I../Drivers/CMSIS/Include -I../Middlewares/ST/touchgfx/framework/include -I../TouchGFX/generated/fonts/include -I../TouchGFX/generated/gui_generated/include -I../TouchGFX/generated/images/include -I../TouchGFX/generated/texts/include -I../TouchGFX/generated/videos/include -I../TouchGFX/gui/include -I../TouchGFX/App -I../TouchGFX/target/generated -I../TouchGFX/target -I../Middlewares/Third_Party/FreeRTOS/Source/include -I../Middlewares/Third_Party/FreeRTOS/Source/CMSIS_RTOS_V2 -I../Middlewares/Third_Party/FreeRTOS/Source/portable/GCC/ARM_CM4F -O0 -ffunction-sections -fdata-sections -Wall -fstack-usage -fcyclomatic-complexity -MMD -MP -MF"Middlewares/Third_Party/FreeRTOS/Source/portable/GCC/ARM_CM4F/port.d" -MT"Middlewares/Third_Party/FreeRTOS/Source/portable/GCC/ARM_CM4F/port.o" --specs=nano.specs -mfpu=fpv4-sp-d16 -mfloat-abi=hard -mthumb -o "Middlewares/Third_Party/FreeRTOS/Source/portable/GCC/ARM_CM4F/port.o"
arm-none-eabi-gcc "../Middlewares/Third_Party/FreeRTOS/Source/CMSIS_RTOS_V2/cmsis_os2.c" -mcpu=cortex-m4 -std=gnu11 -g3 -DDEBUG -DUSE_HAL_DRIVER -DSTM32F429xx -c -I../Core/Inc -I../Drivers/STM32F4xx_HAL_Driver/Inc -I../Drivers/STM32F4xx_HAL_Driver/Inc/Legacy -I../Drivers/CMSIS/Device/ST/STM32F4xx/Include -I../Drivers/CMSIS/Include -I../Middlewares/ST/touchgfx/framework/include -I../TouchGFX/generated/fonts/include -I../TouchGFX/generated/gui_generated/include -I../TouchGFX/generated/images/include -I../TouchGFX/generated/texts/include -I../TouchGFX/generated/videos/include -I../TouchGFX/gui/include -I../TouchGFX/App -I../TouchGFX/target/generated -I../TouchGFX/target -I../Middlewares/Third_Party/FreeRTOS/Source/include -I../Middlewares/Third_Party/FreeRTOS/Source/CMSIS_RTOS_V2 -I../Middlewares/Third_Party/FreeRTOS/Source/portable/GCC/ARM_CM4F -O0 -ffunction-sections -fdata-sections -Wall -fstack-usage -fcyclomatic-complexity -MMD -MP -MF"Middlewares/Third_Party/FreeRTOS/Source/CMSIS_RTOS_V2/cmsis_os2.d" -MT"Middlewares/Third_Party/FreeRTOS/Source/CMSIS_RTOS_V2/cmsis_os2.o" --specs=nano.specs -mfpu=fpv4-sp-d16 -mfloat-abi=hard -mthumb -o "Middlewares/Third_Party/FreeRTOS/Source/CMSIS_RTOS_V2/cmsis_os2.o"
arm-none-eabi-gcc "../Middlewares/Third_Party/FreeRTOS/Source/croutine.c" -mcpu=cortex-m4 -std=gnu11 -g3 -DDEBUG -DUSE_HAL_DRIVER -DSTM32F429xx -c -I../Core/Inc -I../Drivers/STM32F4xx_HAL_Driver/Inc -I../Drivers/STM32F4xx_HAL_Driver/Inc/Legacy -I../Drivers/CMSIS/Device/ST/STM32F4xx/Include -I../Drivers/CMSIS/Include -I../Middlewares/ST/touchgfx/framework/include -I../TouchGFX/generated/fonts/include -I../TouchGFX/generated/gui_generated/include -I../TouchGFX/generated/images/include -I../TouchGFX/generated/texts/include -I../TouchGFX/generated/videos/include -I../TouchGFX/gui/include -I../TouchGFX/App -I../TouchGFX/target/generated -I../TouchGFX/target -I../Middlewares/Third_Party/FreeRTOS/Source/include -I../Middlewares/Third_Party/FreeRTOS/Source/CMSIS_RTOS_V2 -I../Middlewares/Third_Party/FreeRTOS/Source/portable/GCC/ARM_CM4F -O0 -ffunction-sections -fdata-sections -Wall -fstack-usage -fcyclomatic-complexity -MMD -MP -MF"Middlewares/Third_Party/FreeRTOS/Source/croutine.d" -MT"Middlewares/Third_Party/FreeRTOS/Source/croutine.o" --specs=nano.specs -mfpu=fpv4-sp-d16 -mfloat-abi=hard -mthumb -o "Middlewares/Third_Party/FreeRTOS/Source/croutine.o"
arm-none-eabi-gcc "../Middlewares/Third_Party/FreeRTOS/Source/event_groups.c" -mcpu=cortex-m4 -std=gnu11 -g3 -DDEBUG -DUSE_HAL_DRIVER -DSTM32F429xx -c -I../Core/Inc -I../Drivers/STM32F4xx_HAL_Driver/Inc -I../Drivers/STM32F4xx_HAL_Driver/Inc/Legacy -I../Drivers/CMSIS/Device/ST/STM32F4xx/Include -I../Drivers/CMSIS/Include -I../Middlewares/ST/touchgfx/framework/include -I../TouchGFX/generated/fonts/include -I../TouchGFX/generated/gui_generated/include -I../TouchGFX/generated/images/include -I../TouchGFX/generated/texts/include -I../TouchGFX/generated/videos/include -I../TouchGFX/gui/include -I../TouchGFX/App -I../TouchGFX/target/generated -I../TouchGFX/target -I../Middlewares/Third_Party/FreeRTOS/Source/include -I../Middlewares/Third_Party/FreeRTOS/Source/CMSIS_RTOS_V2 -I../Middlewares/Third_Party/FreeRTOS/Source/portable/GCC/ARM_CM4F -O0 -ffunction-sections -fdata-sections -Wall -fstack-usage -fcyclomatic-complexity -MMD -MP -MF"Middlewares/Third_Party/FreeRTOS/Source/event_groups.d" -MT"Middlewares/Third_Party/FreeRTOS/Source/event_groups.o" --specs=nano.specs -mfpu=fpv4-sp-d16 -mfloat-abi=hard -mthumb -o "Middlewares/Third_Party/FreeRTOS/Source/event_groups.o"
arm-none-eabi-gcc "../Middlewares/Third_Party/FreeRTOS/Source/list.c" -mcpu=cortex-m4 -std=gnu11 -g3 -DDEBUG -DUSE_HAL_DRIVER -DSTM32F429xx -c -I../Core/Inc -I../Drivers/STM32F4xx_HAL_Driver/Inc -I../Drivers/STM32F4xx_HAL_Driver/Inc/Legacy -I../Drivers/CMSIS/Device/ST/STM32F4xx/Include -I../Drivers/CMSIS/Include -I../Middlewares/ST/touchgfx/framework/include -I../TouchGFX/generated/fonts/include -I../TouchGFX/generated/gui_generated/include -I../TouchGFX/generated/images/include -I../TouchGFX/generated/texts/include -I../TouchGFX/generated/videos/include -I../TouchGFX/gui/include -I../TouchGFX/App -I../TouchGFX/target/generated -I../TouchGFX/target -I../Middlewares/Third_Party/FreeRTOS/Source/include -I../Middlewares/Third_Party/FreeRTOS/Source/CMSIS_RTOS_V2 -I../Middlewares/Third_Party/FreeRTOS/Source/portable/GCC/ARM_CM4F -O0 -ffunction-sections -fdata-sections -Wall -fstack-usage -fcyclomatic-complexity -MMD -MP -MF"Middlewares/Third_Party/FreeRTOS/Source/list.d" -MT"Middlewares/Third_Party/FreeRTOS/Source/list.o" --specs=nano.specs -mfpu=fpv4-sp-d16 -mfloat-abi=hard -mthumb -o "Middlewares/Third_Party/FreeRTOS/Source/list.o"
arm-none-eabi-gcc "../Middlewares/Third_Party/FreeRTOS/Source/queue.c" -mcpu=cortex-m4 -std=gnu11 -g3 -DDEBUG -DUSE_HAL_DRIVER -DSTM32F429xx -c -I../Core/Inc -I../Drivers/STM32F4xx_HAL_Driver/Inc -I../Drivers/STM32F4xx_HAL_Driver/Inc/Legacy -I../Drivers/CMSIS/Device/ST/STM32F4xx/Include -I../Drivers/CMSIS/Include -I../Middlewares/ST/touchgfx/framework/include -I../TouchGFX/generated/fonts/include -I../TouchGFX/generated/gui_generated/include -I../TouchGFX/generated/images/include -I../TouchGFX/generated/texts/include -I../TouchGFX/generated/videos/include -I../TouchGFX/gui/include -I../TouchGFX/App -I../TouchGFX/target/generated -I../TouchGFX/target -I../Middlewares/Third_Party/FreeRTOS/Source/include -I../Middlewares/Third_Party/FreeRTOS/Source/CMSIS_RTOS_V2 -I../Middlewares/Third_Party/FreeRTOS/Source/portable/GCC/ARM_CM4F -O0 -ffunction-sections -fdata-sections -Wall -fstack-usage -fcyclomatic-complexity -MMD -MP -MF"Middlewares/Third_Party/FreeRTOS/Source/queue.d" -MT"Middlewares/Third_Party/FreeRTOS/Source/queue.o" --specs=nano.specs -mfpu=fpv4-sp-d16 -mfloat-abi=hard -mthumb -o "Middlewares/Third_Party/FreeRTOS/Source/queue.o"
arm-none-eabi-gcc "../Middlewares/Third_Party/FreeRTOS/Source/stream_buffer.c" -mcpu=cortex-m4 -std=gnu11 -g3 -DDEBUG -DUSE_HAL_DRIVER -DSTM32F429xx -c -I../Core/Inc -I../Drivers/STM32F4xx_HAL_Driver/Inc -I../Drivers/STM32F4xx_HAL_Driver/Inc/Legacy -I../Drivers/CMSIS/Device/ST/STM32F4xx/Include -I../Drivers/CMSIS/Include -I../Middlewares/ST/touchgfx/framework/include -I../TouchGFX/generated/fonts/include -I../TouchGFX/generated/gui_generated/include -I../TouchGFX/generated/images/include -I../TouchGFX/generated/texts/include -I../TouchGFX/generated/videos/include -I../TouchGFX/gui/include -I../TouchGFX/App -I../TouchGFX/target/generated -I../TouchGFX/target -I../Middlewares/Third_Party/FreeRTOS/Source/include -I../Middlewares/Third_Party/FreeRTOS/Source/CMSIS_RTOS_V2 -I../Middlewares/Third_Party/FreeRTOS/Source/portable/GCC/ARM_CM4F -O0 -ffunction-sections -fdata-sections -Wall -fstack-usage -fcyclomatic-complexity -MMD -MP -MF"Middlewares/Third_Party/FreeRTOS/Source/stream_buffer.d" -MT"Middlewares/Third_Party/FreeRTOS/Source/stream_buffer.o" --specs=nano.specs -mfpu=fpv4-sp-d16 -mfloat-abi=hard -mthumb -o "Middlewares/Third_Party/FreeRTOS/Source/stream_buffer.o"
arm-none-eabi-gcc "../Middlewares/Third_Party/FreeRTOS/Source/tasks.c" -mcpu=cortex-m4 -std=gnu11 -g3 -DDEBUG -DUSE_HAL_DRIVER -DSTM32F429xx -c -I../Core/Inc -I../Drivers/STM32F4xx_HAL_Driver/Inc -I../Drivers/STM32F4xx_HAL_Driver/Inc/Legacy -I../Drivers/CMSIS/Device/ST/STM32F4xx/Include -I../Drivers/CMSIS/Include -I../Middlewares/ST/touchgfx/framework/include -I../TouchGFX/generated/fonts/include -I../TouchGFX/generated/gui_generated/include -I../TouchGFX/generated/images/include -I../TouchGFX/generated/texts/include -I../TouchGFX/generated/videos/include -I../TouchGFX/gui/include -I../TouchGFX/App -I../TouchGFX/target/generated -I../TouchGFX/target -I../Middlewares/Third_Party/FreeRTOS/Source/include -I../Middlewares/Third_Party/FreeRTOS/Source/CMSIS_RTOS_V2 -I../Middlewares/Third_Party/FreeRTOS/Source/portable/GCC/ARM_CM4F -O0 -ffunction-sections -fdata-sections -Wall -fstack-usage -fcyclomatic-complexity -MMD -MP -MF"Middlewares/Third_Party/FreeRTOS/Source/tasks.d" -MT"Middlewares/Third_Party/FreeRTOS/Source/tasks.o" --specs=nano.specs -mfpu=fpv4-sp-d16 -mfloat-abi=hard -mthumb -o "Middlewares/Third_Party/FreeRTOS/Source/tasks.o"
[...]
arm-none-eabi-gcc "../Middlewares/Third_Party/ARM_CMSIS/CMSIS/DSP/Source/SupportFunctions/SupportFunctions.c" -mcpu=cortex-m4 -std=gnu11 -g3 -DDEBUG -DUSE_HAL_DRIVER -DSTM32F429xx -c -I../Core/Inc -I../Drivers/STM32F4xx_HAL_Driver/Inc -I../Drivers/STM32F4xx_HAL_Driver/Inc/Legacy -I../Drivers/CMSIS/Device/ST/STM32F4xx/Include -I../Drivers/CMSIS/Include -I../Middlewares/ST/touchgfx/framework/include -I../TouchGFX/generated/fonts/include -I../TouchGFX/generated/gui_generated/include -I../TouchGFX/generated/images/include -I../TouchGFX/generated/texts/include -I../TouchGFX/generated/videos/include -I../TouchGFX/gui/include -I../TouchGFX/App -I../TouchGFX/target/generated -I../TouchGFX/target -I../Middlewares/Third_Party/FreeRTOS/Source/include -I../Middlewares/Third_Party/FreeRTOS/Source/CMSIS_RTOS_V2 -I../Middlewares/Third_Party/FreeRTOS/Source/portable/GCC/ARM_CM4F -O0 -ffunction-sections -fdata-sections -Wall -fstack-usage -fcyclomatic-complexity -MMD -MP -MF"Middlewares/Third_Party/ARM_CMSIS/CMSIS/DSP/Source/SupportFunctions/SupportFunctions.d" -MT"Middlewares/Third_Party/ARM_CMSIS/CMSIS/DSP/Source/SupportFunctions/SupportFunctions.o" --specs=nano.specs -mfpu=fpv4-sp-d16 -mfloat-abi=hard -mthumb -o "Middlewares/Third_Party/ARM_CMSIS/CMSIS/DSP/Source/SupportFunctions/SupportFunctions.o"
arm-none-eabi-gcc "../Middlewares/Third_Party/ARM_CMSIS/CMSIS/DSP/Source/SupportFunctions/SupportFunctionsF16.c" -mcpu=cortex-m4 -std=gnu11 -g3 -DDEBUG -DUSE_HAL_DRIVER -DSTM32F429xx -c -I../Core/Inc -I../Drivers/STM32F4xx_HAL_Driver/Inc -I../Drivers/STM32F4xx_HAL_Driver/Inc/Legacy -I../Drivers/CMSIS/Device/ST/STM32F4xx/Include -I../Drivers/CMSIS/Include -I../Middlewares/ST/touchgfx/framework/include -I../TouchGFX/generated/fonts/include -I../TouchGFX/generated/gui_generated/include -I../TouchGFX/generated/images/include -I../TouchGFX/generated/texts/include -I../TouchGFX/generated/videos/include -I../TouchGFX/gui/include -I../TouchGFX/App -I../TouchGFX/target/generated -I../TouchGFX/target -I../Middlewares/Third_Party/FreeRTOS/Source/include -I../Middlewares/Third_Party/FreeRTOS/Source/CMSIS_RTOS_V2 -I../Middlewares/Third_Party/FreeRTOS/Source/portable/GCC/ARM_CM4F -O0 -ffunction-sections -fdata-sections -Wall -fstack-usage -fcyclomatic-complexity -MMD -MP -MF"Middlewares/Third_Party/ARM_CMSIS/CMSIS/DSP/Source/SupportFunctions/SupportFunctionsF16.d" -MT"Middlewares/Third_Party/ARM_CMSIS/CMSIS/DSP/Source/SupportFunctions/SupportFunctionsF16.o" --specs=nano.specs -mfpu=fpv4-sp-d16 -mfloat-abi=hard -mthumb -o "Middlewares/Third_Party/ARM_CMSIS/CMSIS/DSP/Source/SupportFunctions/SupportFunctionsF16.o"
arm-none-eabi-gcc "../Middlewares/Third_Party/ARM_CMSIS/CMSIS/DSP/Source/StatisticsFunctions/StatisticsFunctions.c" -mcpu=cortex-m4 -std=gnu11 -g3 -DDEBUG -DUSE_HAL_DRIVER -DSTM32F429xx -c -I../Core/Inc -I../Drivers/STM32F4xx_HAL_Driver/Inc -I../Drivers/STM32F4xx_HAL_Driver/Inc/Legacy -I../Drivers/CMSIS/Device/ST/STM32F4xx/Include -I../Drivers/CMSIS/Include -I../Middlewares/ST/touchgfx/framework/include -I../TouchGFX/generated/fonts/include -I../TouchGFX/generated/gui_generated/include -I../TouchGFX/generated/images/include -I../TouchGFX/generated/texts/include -I../TouchGFX/generated/videos/include -I../TouchGFX/gui/include -I../TouchGFX/App -I../TouchGFX/target/generated -I../TouchGFX/target -I../Middlewares/Third_Party/FreeRTOS/Source/include -I../Middlewares/Third_Party/FreeRTOS/Source/CMSIS_RTOS_V2 -I../Middlewares/Third_Party/FreeRTOS/Source/portable/GCC/ARM_CM4F -O0 -ffunction-sections -fdata-sections -Wall -fstack-usage -fcyclomatic-complexity -MMD -MP -MF"Middlewares/Third_Party/ARM_CMSIS/CMSIS/DSP/Source/StatisticsFunctions/StatisticsFunctions.d" -MT"Middlewares/Third_Party/ARM_CMSIS/CMSIS/DSP/Source/StatisticsFunctions/StatisticsFunctions.o" --specs=nano.specs -mfpu=fpv4-sp-d16 -mfloat-abi=hard -mthumb -o "Middlewares/Third_Party/ARM_CMSIS/CMSIS/DSP/Source/StatisticsFunctions/StatisticsFunctions.o"
arm-none-eabi-gcc "../Middlewares/Third_Party/ARM_CMSIS/CMSIS/DSP/Source/StatisticsFunctions/StatisticsFunctionsF16.c" -mcpu=cortex-m4 -std=gnu11 -g3 -DDEBUG -DUSE_HAL_DRIVER -DSTM32F429xx -c -I../Core/Inc -I../Drivers/STM32F4xx_HAL_Driver/Inc -I../Drivers/STM32F4xx_HAL_Driver/Inc/Legacy -I../Drivers/CMSIS/Device/ST/STM32F4xx/Include -I../Drivers/CMSIS/Include -I../Middlewares/ST/touchgfx/framework/include -I../TouchGFX/generated/fonts/include -I../TouchGFX/generated/gui_generated/include -I../TouchGFX/generated/images/include -I../TouchGFX/generated/texts/include -I../TouchGFX/generated/videos/include -I../TouchGFX/gui/include -I../TouchGFX/App -I../TouchGFX/target/generated -I../TouchGFX/target -I../Middlewares/Third_Party/FreeRTOS/Source/include -I../Middlewares/Third_Party/FreeRTOS/Source/CMSIS_RTOS_V2 -I../Middlewares/Third_Party/FreeRTOS/Source/portable/GCC/ARM_CM4F -O0 -ffunction-sections -fdata-sections -Wall -fstack-usage -fcyclomatic-complexity -MMD -MP -MF"Middlewares/Third_Party/ARM_CMSIS/CMSIS/DSP/Source/StatisticsFunctions/StatisticsFunctionsF16.d" -MT"Middlewares/Third_Party/ARM_CMSIS/CMSIS/DSP/Source/StatisticsFunctions/StatisticsFunctionsF16.o" --specs=nano.specs -mfpu=fpv4-sp-d16 -mfloat-abi=hard -mthumb -o "Middlewares/Third_Party/ARM_CMSIS/CMSIS/DSP/Source/StatisticsFunctions/StatisticsFunctionsF16.o"
arm-none-eabi-gcc "../Middlewares/Third_Party/ARM_CMSIS/CMSIS/DSP/Source/SVMFunctions/SVMFunctions.c" -mcpu=cortex-m4 -std=gnu11 -g3 -DDEBUG -DUSE_HAL_DRIVER -DSTM32F429xx -c -I../Core/Inc -I../Drivers/STM32F4xx_HAL_Driver/Inc -I../Drivers/STM32F4xx_HAL_Driver/Inc/Legacy -I../Drivers/CMSIS/Device/ST/STM32F4xx/Include -I../Drivers/CMSIS/Include -I../Middlewares/ST/touchgfx/framework/include -I../TouchGFX/generated/fonts/include -I../TouchGFX/generated/gui_generated/include -I../TouchGFX/generated/images/include -I../TouchGFX/generated/texts/include -I../TouchGFX/generated/videos/include -I../TouchGFX/gui/include -I../TouchGFX/App -I../TouchGFX/target/generated -I../TouchGFX/target -I../Middlewares/Third_Party/FreeRTOS/Source/include -I../Middlewares/Third_Party/FreeRTOS/Source/CMSIS_RTOS_V2 -I../Middlewares/Third_Party/FreeRTOS/Source/portable/GCC/ARM_CM4F -O0 -ffunction-sections -fdata-sections -Wall -fstack-usage -fcyclomatic-complexity -MMD -MP -MF"Middlewares/Third_Party/ARM_CMSIS/CMSIS/DSP/Source/SVMFunctions/SVMFunctions.d" -MT"Middlewares/Third_Party/ARM_CMSIS/CMSIS/DSP/Source/SVMFunctions/SVMFunctions.o" --specs=nano.specs -mfpu=fpv4-sp-d16 -mfloat-abi=hard -mthumb -o "Middlewares/Third_Party/ARM_CMSIS/CMSIS/DSP/Source/SVMFunctions/SVMFunctions.o"
arm-none-eabi-gcc "../Middlewares/Third_Party/ARM_CMSIS/CMSIS/DSP/Source/SVMFunctions/SVMFunctionsF16.c" -mcpu=cortex-m4 -std=gnu11 -g3 -DDEBUG -DUSE_HAL_DRIVER -DSTM32F429xx -c -I../Core/Inc -I../Drivers/STM32F4xx_HAL_Driver/Inc -I../Drivers/STM32F4xx_HAL_Driver/Inc/Legacy -I../Drivers/CMSIS/Device/ST/STM32F4xx/Include -I../Drivers/CMSIS/Include -I../Middlewares/ST/touchgfx/framework/include -I../TouchGFX/generated/fonts/include -I../TouchGFX/generated/gui_generated/include -I../TouchGFX/generated/images/include -I../TouchGFX/generated/texts/include -I../TouchGFX/generated/videos/include -I../TouchGFX/gui/include -I../TouchGFX/App -I../TouchGFX/target/generated -I../TouchGFX/target -I../Middlewares/Third_Party/FreeRTOS/Source/include -I../Middlewares/Third_Party/FreeRTOS/Source/CMSIS_RTOS_V2 -I../Middlewares/Third_Party/FreeRTOS/Source/portable/GCC/ARM_CM4F -O0 -ffunction-sections -fdata-sections -Wall -fstack-usage -fcyclomatic-complexity -MMD -MP -MF"Middlewares/Third_Party/ARM_CMSIS/CMSIS/DSP/Source/SVMFunctions/SVMFunctionsF16.d" -MT"Middlewares/Third_Party/ARM_CMSIS/CMSIS/DSP/Source/SVMFunctions/SVMFunctionsF16.o" --specs=nano.specs -mfpu=fpv4-sp-d16 -mfloat-abi=hard -mthumb -o "Middlewares/Third_Party/ARM_CMSIS/CMSIS/DSP/Source/SVMFunctions/SVMFunctionsF16.o"
arm-none-eabi-gcc "../Middlewares/Third_Party/ARM_CMSIS/CMSIS/DSP/Source/QuaternionMathFunctions/QuaternionMathFunctions.c" -mcpu=cortex-m4 -std=gnu11 -g3 -DDEBUG -DUSE_HAL_DRIVER -DSTM32F429xx -c -I../Core/Inc -I../Drivers/STM32F4xx_HAL_Driver/Inc -I../Drivers/STM32F4xx_HAL_Driver/Inc/Legacy -I../Drivers/CMSIS/Device/ST/STM32F4xx/Include -I../Drivers/CMSIS/Include -I../Middlewares/ST/touchgfx/framework/include -I../TouchGFX/generated/fonts/include -I../TouchGFX/generated/gui_generated/include -I../TouchGFX/generated/images/include -I../TouchGFX/generated/texts/include -I../TouchGFX/generated/videos/include -I../TouchGFX/gui/include -I../TouchGFX/App -I../TouchGFX/target/generated -I../TouchGFX/target -I../Middlewares/Third_Party/FreeRTOS/Source/include -I../Middlewares/Third_Party/FreeRTOS/Source/CMSIS_RTOS_V2 -I../Middlewares/Third_Party/FreeRTOS/Source/portable/GCC/ARM_CM4F -O0 -ffunction-sections -fdata-sections -Wall -fstack-usage -fcyclomatic-complexity -MMD -MP -MF"Middlewares/Third_Party/ARM_CMSIS/CMSIS/DSP/Source/QuaternionMathFunctions/QuaternionMathFunctions.d" -MT"Middlewares/Third_Party/ARM_CMSIS/CMSIS/DSP/Source/QuaternionMathFunctions/QuaternionMathFunctions.o" --specs=nano.specs -mfpu=fpv4-sp-d16 -mfloat-abi=hard -mthumb -o "Middlewares/Third_Party/ARM_CMSIS/CMSIS/DSP/Source/QuaternionMathFunctions/QuaternionMathFunctions.o"
arm-none-eabi-gcc "../Middlewares/Third_Party/ARM_CMSIS/CMSIS/DSP/Source/MatrixFunctions/MatrixFunctions.c" -mcpu=cortex-m4 -std=gnu11 -g3 -DDEBUG -DUSE_HAL_DRIVER -DSTM32F429xx -c -I../Core/Inc -I../Drivers/STM32F4xx_HAL_Driver/Inc -I../Drivers/STM32F4xx_HAL_Driver/Inc/Legacy -I../Drivers/CMSIS/Device/ST/STM32F4xx/Include -I../Drivers/CMSIS/Include -I../Middlewares/ST/touchgfx/framework/include -I../TouchGFX/generated/fonts/include -I../TouchGFX/generated/gui_generated/include -I../TouchGFX/generated/images/include -I../TouchGFX/generated/texts/include -I../TouchGFX/generated/videos/include -I../TouchGFX/gui/include -I../TouchGFX/App -I../TouchGFX/target/generated -I../TouchGFX/target -I../Middlewares/Third_Party/FreeRTOS/Source/include -I../Middlewares/Third_Party/FreeRTOS/Source/CMSIS_RTOS_V2 -I../Middlewares/Third_Party/FreeRTOS/Source/portable/GCC/ARM_CM4F -O0 -ffunction-sections -fdata-sections -Wall -fstack-usage -fcyclomatic-complexity -MMD -MP -MF"Middlewares/Third_Party/ARM_CMSIS/CMSIS/DSP/Source/MatrixFunctions/MatrixFunctions.d" -MT"Middlewares/Third_Party/ARM_CMSIS/CMSIS/DSP/Source/MatrixFunctions/MatrixFunctions.o" --specs=nano.specs -mfpu=fpv4-sp-d16 -mfloat-abi=hard -mthumb -o "Middlewares/Third_Party/ARM_CMSIS/CMSIS/DSP/Source/MatrixFunctions/MatrixFunctions.o"
../Middlewares/Third_Party/ARM_CMSIS/CMSIS/DSP/Source/TransformFunctions/TransformFunctionsF16.c:29:10: fatal error: arm_cfft_f16.c: No such file or directory
   29 | #include "arm_cfft_f16.c"
      |          ^~~~~~~~~~~~~~~~
compilation terminated.
../Middlewares/Third_Party/ARM_CMSIS/CMSIS/DSP/Source/TransformFunctions/TransformFunctions.c:29:10: fatal error: arm_bitreversal.c: No such file or directory
arm-none-eabi-gcc "../Middlewares/Third_Party/ARM_CMSIS/CMSIS/DSP/Source/MatrixFunctions/MatrixFunctionsF16.c" -mcpu=cortex-m4 -std=gnu11 -g3 -DDEBUG -DUSE_HAL_DRIVER -DSTM32F429xx -c -I../Core/Inc -I../Drivers/STM32F4xx_HAL_Driver/Inc -I../Drivers/STM32F4xx_HAL_Driver/Inc/Legacy -I../Drivers/CMSIS/Device/ST/STM32F4xx/Include -I../Drivers/CMSIS/Include -I../Middlewares/ST/touchgfx/framework/include -I../TouchGFX/generated/fonts/include -I../TouchGFX/generated/gui_generated/include -I../TouchGFX/generated/images/include -I../TouchGFX/generated/texts/include -I../TouchGFX/generated/videos/include -I../TouchGFX/gui/include -I../TouchGFX/App -I../TouchGFX/target/generated -I../TouchGFX/target -I../Middlewares/Third_Party/FreeRTOS/Source/include -I../Middlewares/Third_Party/FreeRTOS/Source/CMSIS_RTOS_V2 -I../Middlewares/Third_Party/FreeRTOS/Source/portable/GCC/ARM_CM4F -O0 -ffunction-sections -fdata-sections -Wall -fstack-usage -fcyclomatic-complexity -MMD -MP -MF"Middlewares/Third_Party/ARM_CMSIS/CMSIS/DSP/Source/MatrixFunctions/MatrixFunctionsF16.d" -MT"Middlewares/Third_Party/ARM_CMSIS/CMSIS/DSP/Source/MatrixFunctions/MatrixFunctionsF16.o" --specs=nano.specs -mfpu=fpv4-sp-d16 -mfloat-abi=hard -mthumb -o "Middlewares/Third_Party/ARM_CMSIS/CMSIS/DSP/Source/MatrixFunctions/MatrixFunctionsF16.o"
   29 | #include "arm_bitreversal.c"
      |          ^~~~~~~~~~~~~~~~~~~
compilation terminated.
../Middlewares/Third_Party/ARM_CMSIS/CMSIS/DSP/Source/SupportFunctions/SupportFunctions.c:29:10: fatal error: arm_barycenter_f32.c: No such file or directory
   29 | #include "arm_barycenter_f32.c"
      |          ^~~~~~~~~~~~~~~~~~~~~~
compilation terminated.
arm-none-eabi-gcc "../Middlewares/Third_Party/ARM_CMSIS/CMSIS/DSP/Source/InterpolationFunctions/InterpolationFunctions.c" -mcpu=cortex-m4 -std=gnu11 -g3 -DDEBUG -DUSE_HAL_DRIVER -DSTM32F429xx -c -I../Core/Inc -I../Drivers/STM32F4xx_HAL_Driver/Inc -I../Drivers/STM32F4xx_HAL_Driver/Inc/Legacy -I../Drivers/CMSIS/Device/ST/STM32F4xx/Include -I../Drivers/CMSIS/Include -I../Middlewares/ST/touchgfx/framework/include -I../TouchGFX/generated/fonts/include -I../TouchGFX/generated/gui_generated/include -I../TouchGFX/generated/images/include -I../TouchGFX/generated/texts/include -I../TouchGFX/generated/videos/include -I../TouchGFX/gui/include -I../TouchGFX/App -I../TouchGFX/target/generated -I../TouchGFX/target -I../Middlewares/Third_Party/FreeRTOS/Source/include -I../Middlewares/Third_Party/FreeRTOS/Source/CMSIS_RTOS_V2 -I../Middlewares/Third_Party/FreeRTOS/Source/portable/GCC/ARM_CM4F -O0 -ffunction-sections -fdata-sections -Wall -fstack-usage -fcyclomatic-complexity -MMD -MP -MF"Middlewares/Third_Party/ARM_CMSIS/CMSIS/DSP/Source/InterpolationFunctions/InterpolationFunctions.d" -MT"Middlewares/Third_Party/ARM_CMSIS/CMSIS/DSP/Source/InterpolationFunctions/InterpolationFunctions.o" --specs=nano.specs -mfpu=fpv4-sp-d16 -mfloat-abi=hard -mthumb -o "Middlewares/Third_Party/ARM_CMSIS/CMSIS/DSP/Source/InterpolationFunctions/InterpolationFunctions.o"
make: *** [Middlewares/Third_Party/ARM_CMSIS/CMSIS/DSP/Source/TransformFunctions/subdir.mk:22: Middlewares/Third_Party/ARM_CMSIS/CMSIS/DSP/Source/TransformFunctions/TransformFunctions.o] Error 1
make: *** Waiting for unfinished jobs....
../Middlewares/Third_Party/ARM_CMSIS/CMSIS/DSP/Source/SupportFunctions/SupportFunctionsF16.c:29:10: fatal error: arm_copy_f16.c: No such file or directory
   29 | #include "arm_copy_f16.c"
      |          ^~~~~~~~~~~~~~~~
make: *** [Middlewares/Third_Party/ARM_CMSIS/CMSIS/DSP/Source/TransformFunctions/subdir.mk:22: Middlewares/Third_Party/ARM_CMSIS/CMSIS/DSP/Source/TransformFunctions/TransformFunctionsF16.o] Error 1
make: *** [Middlewares/Third_Party/ARM_CMSIS/CMSIS/DSP/Source/SupportFunctions/subdir.mk:22: Middlewares/Third_Party/ARM_CMSIS/CMSIS/DSP/Source/SupportFunctions/SupportFunctions.o] Error 1
compilation terminated.
../Middlewares/Third_Party/ARM_CMSIS/CMSIS/DSP/Source/StatisticsFunctions/StatisticsFunctions.c:29:10: fatal error: arm_entropy_f32.c: No such file or directory
   29 | #include "arm_entropy_f32.c"
      |          ^~~~~~~~~~~~~~~~~~~
compilation terminated.
make: *** [Middlewares/Third_Party/ARM_CMSIS/CMSIS/DSP/Source/SupportFunctions/subdir.mk:22: Middlewares/Third_Party/ARM_CMSIS/CMSIS/DSP/Source/SupportFunctions/SupportFunctionsF16.o] Error 1
make: *** [Middlewares/Third_Party/ARM_CMSIS/CMSIS/DSP/Source/StatisticsFunctions/subdir.mk:22: Middlewares/Third_Party/ARM_CMSIS/CMSIS/DSP/Source/StatisticsFunctions/StatisticsFunctions.o] Error 1
../Middlewares/Third_Party/ARM_CMSIS/CMSIS/DSP/Source/StatisticsFunctions/StatisticsFunctionsF16.c:29:10: fatal error: arm_max_f16.c: No such file or directory
   29 | #include "arm_max_f16.c"
      |          ^~~~~~~~~~~~~~~
compilation terminated.
make: *** [Middlewares/Third_Party/ARM_CMSIS/CMSIS/DSP/Source/StatisticsFunctions/subdir.mk:22: Middlewares/Third_Party/ARM_CMSIS/CMSIS/DSP/Source/StatisticsFunctions/StatisticsFunctionsF16.o] Error 1
../Middlewares/Third_Party/ARM_CMSIS/CMSIS/DSP/Source/SVMFunctions/SVMFunctions.c:29:10: fatal error: arm_svm_linear_init_f32.c: No such file or directory
   29 | #include "arm_svm_linear_init_f32.c"
      |          ^~~~~~~~~~~~~~~~~~~~~~~~~~~
compilation terminated.
../Middlewares/Third_Party/ARM_CMSIS/CMSIS/DSP/Source/SVMFunctions/SVMFunctionsF16.c:29:10: fatal error: arm_svm_linear_init_f16.c: No such file or directory
   29 | #include "arm_svm_linear_init_f16.c"
      |          ^~~~~~~~~~~~~~~~~~~~~~~~~~~
compilation terminated.
make: *** [Middlewares/Third_Party/ARM_CMSIS/CMSIS/DSP/Source/SVMFunctions/subdir.mk:22: Middlewares/Third_Party/ARM_CMSIS/CMSIS/DSP/Source/SVMFunctions/SVMFunctions.o] Error 1
make: *** [Middlewares/Third_Party/ARM_CMSIS/CMSIS/DSP/Source/SVMFunctions/subdir.mk:22: Middlewares/Third_Party/ARM_CMSIS/CMSIS/DSP/Source/SVMFunctions/SVMFunctionsF16.o] Error 1
../Middlewares/Third_Party/ARM_CMSIS/CMSIS/DSP/Source/QuaternionMathFunctions/QuaternionMathFunctions.c:27:10: fatal error: arm_quaternion_norm_f32.c: No such file or directory
   27 | #include "arm_quaternion_norm_f32.c"
      |          ^~~~~~~~~~~~~~~~~~~~~~~~~~~
compilation terminated.
../Middlewares/Third_Party/ARM_CMSIS/CMSIS/DSP/Source/MatrixFunctions/MatrixFunctions.c:29:10: fatal error: arm_mat_add_f32.c: No such file or directory
   29 | #include "arm_mat_add_f32.c"
      |          ^~~~~~~~~~~~~~~~~~~
compilation terminated.
make: *** [Middlewares/Third_Party/ARM_CMSIS/CMSIS/DSP/Source/QuaternionMathFunctions/subdir.mk:19: Middlewares/Third_Party/ARM_CMSIS/CMSIS/DSP/Source/QuaternionMathFunctions/QuaternionMathFunctions.o] Error 1
../Middlewares/Third_Party/ARM_CMSIS/CMSIS/DSP/Source/MatrixFunctions/MatrixFunctionsF16.c:29:10: fatal error: arm_mat_add_f16.c: No such file or directory
   29 | #include "arm_mat_add_f16.c"
      |          ^~~~~~~~~~~~~~~~~~~
make: *** [Middlewares/Third_Party/ARM_CMSIS/CMSIS/DSP/Source/MatrixFunctions/subdir.mk:22: Middlewares/Third_Party/ARM_CMSIS/CMSIS/DSP/Source/MatrixFunctions/MatrixFunctions.o] Error 1
compilation terminated.
../Middlewares/Third_Party/ARM_CMSIS/CMSIS/DSP/Source/InterpolationFunctions/InterpolationFunctions.c:29:10: fatal error: arm_bilinear_interp_f32.c: No such file or directory
   29 | #include "arm_bilinear_interp_f32.c"
      |          ^~~~~~~~~~~~~~~~~~~~~~~~~~~
compilation terminated.
make: *** [Middlewares/Third_Party/ARM_CMSIS/CMSIS/DSP/Source/MatrixFunctions/subdir.mk:22: Middlewares/Third_Party/ARM_CMSIS/CMSIS/DSP/Source/MatrixFunctions/MatrixFunctionsF16.o] Error 1
make: *** [Middlewares/Third_Party/ARM_CMSIS/CMSIS/DSP/Source/InterpolationFunctions/subdir.mk:22: Middlewares/Third_Party/ARM_CMSIS/CMSIS/DSP/Source/InterpolationFunctions/InterpolationFunctions.o] Error 1
"make -j16 all" terminated with exit code 2. Build might be incomplete.
